06-27 14:55:30.918   980  3145 W Warden  : No existing action block rules, starting empty.java.io.FileNotFoundException: /data/system/warden.xml: open failed: ENOENT (No such file or directory)
06-27 14:55:30.920  4171  4171 D ClockWidgetProvider: Starting the service to update the widgets...
06-27 14:55:30.920   980  3743 W Warden  : No existing action block rules, starting empty.java.io.FileNotFoundException: /data/system/warden.xml: open failed: ENOENT (No such file or directory)
06-27 14:55:30.922  3680  3680 I Telephony: AccountEntry: Registered phoneAccount: [[ ] PhoneAccount: ComponentInfo{com.android.phone/com.android.services.telephony.TelephonyConnectionService}, [e0184adedf913b076626646d3f52c3b49c39ad6d], UserHandle{0} Capabilities: 54 Schemes: tel voicemail ] with handle: ComponentInfo{com.android.phone/com.android.services.telephony.TelephonyConnectionService}, [e0184adedf913b076626646d3f52c3b49c39ad6d], UserHandle{0}
06-27 14:55:30.922  4171  4222 D ClockWidgetService: Got intent Intent { act=com.cyanogenmod.lockclock.action.REFRESH_WIDGET cmp=com.cyanogenmod.lockclock/.ClockWidgetService }
06-27 14:55:30.922  4171  4222 D ClockWidgetService: For Widget id 2 isKeyguard is set to false
06-27 14:55:30.923  4171  4222 D WidgetUtils: showSmallWidget: digital clock =  with minHeightPx = 465 and neededFullSize = 140 and neededSmallSize = 385
06-27 14:55:30.923  4171  4222 D WidgetUtils: showsmallWidget result = false
06-27 14:55:30.924  3680  3680 I Telephony: PstnIncomingCallNotifier: Registering: Handler (com.android.internal.telephony.gsm.GSMPhone) {8989d2b}
06-27 14:55:30.925  4171  4222 D WidgetUtils: canFitCalendar: digital clock =  with minHeightPx = 465  and neededSize = 385
06-27 14:55:30.925  4171  4222 D WidgetUtils: canFitCalendar result = true
06-27 14:55:30.925  4171  4222 D WidgetUtils: canFitWeather minWidthPx = 1351neededSize = 735
06-27 14:55:30.926  4171  4222 D ClockWidgetService: Got intent Intent { act=com.cyanogenmod.lockclock.action.REFRESH_WIDGET cmp=com.cyanogenmod.lockclock/.ClockWidgetService }
06-27 14:55:30.927  4171  4222 D ClockWidgetService: For Widget id 2 isKeyguard is set to false
06-27 14:55:30.927  3816  3816 D SimSelectNotification:  no of slots 2 provision = false
06-27 14:55:30.927  4171  4222 D WidgetUtils: showSmallWidget: digital clock =  with minHeightPx = 465 and neededFullSize = 140 and neededSmallSize = 385
06-27 14:55:30.927  4171  4222 D WidgetUtils: showsmallWidget result = false
06-27 14:55:30.929   980  3608 I Telecom : PhoneAccountRegistrar: getUserSelVoicePhoneAccount, voice subId = -1
06-27 14:55:30.929   980  3608 I Telecom : PhoneAccountRegistrar: getUserSelVoicePhoneAccount, emergency account 
06-27 14:55:30.930  4171  4222 D WidgetUtils: canFitCalendar: digital clock =  with minHeightPx = 465  and neededSize = 385
06-27 14:55:30.930  4171  4222 D WidgetUtils: canFitCalendar result = true
06-27 14:55:30.930  4171  4222 D WidgetUtils: canFitWeather minWidthPx = 1351neededSize = 735
06-27 14:55:30.932  4171  4222 D ClockWidgetService: Got intent Intent { act=com.cyanogenmod.lockclock.action.REFRESH_WIDGET cmp=com.cyanogenmod.lockclock/.ClockWidgetService }
06-27 14:55:30.932  4171  4222 D ClockWidgetService: For Widget id 2 isKeyguard is set to false
06-27 14:55:30.932  4171  4222 D WidgetUtils: showSmallWidget: digital clock =  with minHeightPx = 465 and neededFullSize = 140 and neededSmallSize = 385
06-27 14:55:30.932  4171  4222 D WidgetUtils: showsmallWidget result = false
06-27 14:55:30.935  4171  4222 D WidgetUtils: canFitCalendar: digital clock =  with minHeightPx = 465  and neededSize = 385
06-27 14:55:30.935  4171  4222 D WidgetUtils: canFitCalendar result = true
06-27 14:55:30.935  4171  4222 D WidgetUtils: canFitWeather minWidthPx = 1351neededSize = 735
06-27 14:55:30.936  3680  3680 V ConfigResourceUtil: resourceName = config_spn_display_control resourceId = 2130837514resourceValue = false
06-27 14:55:30.937  4171  4222 D ClockWidgetService: Got intent Intent { act=com.cyanogenmod.lockclock.action.REFRESH_WIDGET cmp=com.cyanogenmod.lockclock/.ClockWidgetService }
06-27 14:55:30.937  4171  4222 D ClockWidgetService: For Widget id 2 isKeyguard is set to false
06-27 14:55:30.938  4171  4222 D WidgetUtils: showSmallWidget: digital clock =  with minHeightPx = 465 and neededFullSize = 140 and neededSmallSize = 385
06-27 14:55:30.938  4171  4222 D WidgetUtils: showsmallWidget result = false
06-27 14:55:30.940  4171  4222 D WidgetUtils: canFitCalendar: digital clock =  with minHeightPx = 465  and neededSize = 385
06-27 14:55:30.940  4171  4222 D WidgetUtils: canFitCalendar result = true
06-27 14:55:30.940  4171  4222 D WidgetUtils: canFitWeather minWidthPx = 1351neededSize = 735
06-27 14:55:30.951  3680  3680 I Telephony: PstnIncomingCallNotifier: Unregistering: Handler (com.android.internal.telephony.gsm.GSMPhone) {8989d2b}
06-27 14:55:30.952  3680  3680 W Telephony: TelecomAccountRegistry: Failed to get primary stack id
06-27 14:55:30.953  3680  3680 E PhoneInterfaceManager: [PhoneIntfMgr] getIccId: No UICC
06-27 14:55:30.956   980  3736 I Telecom : PhoneAccountRegistrar: [ComponentInfo{com.android.phone/com.android.services.telephony.TelephonyConnectionService}, [e0184adedf913b076626646d3f52c3b49c39ad6d], UserHandle{0}(icon: Icon(typ=BITMAP size=67x84) -> Icon(typ=BITMAP size=67x84))]
06-27 14:55:30.962   980  3736 I Telecom : : Sending phone-account registered intent as user
06-27 14:55:30.963  3680  3680 I Telephony: AccountEntry: Registered phoneAccount: [[ ] PhoneAccount: ComponentInfo{com.android.phone/com.android.services.telephony.TelephonyConnectionService}, [e0184adedf913b076626646d3f52c3b49c39ad6d], UserHandle{0} Capabilities: 54 Schemes: tel voicemail ] with handle: ComponentInfo{com.android.phone/com.android.services.telephony.TelephonyConnectionService}, [e0184adedf913b076626646d3f52c3b49c39ad6d], UserHandle{0}
06-27 14:55:30.963  3680  3680 I Telephony: PstnIncomingCallNotifier: Registering: Handler (com.android.internal.telephony.gsm.GSMPhone) {8989d2b}
06-27 14:55:30.966   980  3736 I Telecom : PhoneAccountRegistrar: getUserSelVoicePhoneAccount, voice subId = -1
06-27 14:55:30.966   980  3736 I Telecom : PhoneAccountRegistrar: getUserSelVoicePhoneAccount, emergency account 
06-27 14:55:30.966  4184  4231 D ActivityThread: Loading provider com.android.email.provider;com.android.email.notifier: com.android.email.provider.EmailProvider
06-27 14:55:30.975  4184  4233 D ActivityThread: Loading provider com.android.email.provider;com.android.email.notifier: com.android.email.provider.EmailProvider
06-27 14:55:30.985   980   980 D WifiService: resetting networks because SIM was removed
06-27 14:55:30.985   980   980 D WifiService: resetting country code because SIM is removed
06-27 14:55:30.985   980  3099 D WifiStateMachine: resetting EAP-SIM/AKA/AKA' networks since SIM was removed
06-27 14:55:30.987   980   980 D WifiService: resetting networks because SIM was removed
06-27 14:55:30.987   980   980 D WifiService: resetting country code because SIM is removed
06-27 14:55:30.987   980  3099 D WifiStateMachine: resetting EAP-SIM/AKA/AKA' networks since SIM was removed
06-27 14:55:30.996  3680  3680 E PhoneInterfaceManager: [PhoneIntfMgr] getIccId: No UICC
06-27 14:55:31.000  3680  3680 I Telephony: PstnIncomingCallNotifier: Unregistering: Handler (com.android.internal.telephony.gsm.GSMPhone) {8989d2b}
06-27 14:55:31.002  3680  3680 W Telephony: TelecomAccountRegistry: Failed to get primary stack id
06-27 14:55:31.003  3680  3680 E PhoneInterfaceManager: [PhoneIntfMgr] getIccId: No UICC
06-27 14:55:31.006   980  3145 I Telecom : PhoneAccountRegistrar: [ComponentInfo{com.android.phone/com.android.services.telephony.TelephonyConnectionService}, [e0184adedf913b076626646d3f52c3b49c39ad6d], UserHandle{0}(icon: Icon(typ=BITMAP size=67x84) -> Icon(typ=BITMAP size=67x84))]
06-27 14:55:31.012   980  3145 I Telecom : : Sending phone-account registered intent as user
06-27 14:55:31.013  3680  3680 I Telephony: AccountEntry: Registered phoneAccount: [[ ] PhoneAccount: ComponentInfo{com.android.phone/com.android.services.telephony.TelephonyConnectionService}, [e0184adedf913b076626646d3f52c3b49c39ad6d], UserHandle{0} Capabilities: 54 Schemes: tel voicemail ] with handle: ComponentInfo{com.android.phone/com.android.services.telephony.TelephonyConnectionService}, [e0184adedf913b076626646d3f52c3b49c39ad6d], UserHandle{0}
06-27 14:55:31.013  3680  3680 I Telephony: PstnIncomingCallNotifier: Registering: Handler (com.android.internal.telephony.gsm.GSMPhone) {8989d2b}
06-27 14:55:31.018   980   991 I Telecom : PhoneAccountRegistrar: getUserSelVoicePhoneAccount, voice subId = -1
06-27 14:55:31.018   980   991 I Telecom : PhoneAccountRegistrar: getUserSelVoicePhoneAccount, emergency account 
06-27 14:55:31.020   980  3736 W ActivityManager: Unable to start service Intent { cmp=com.android.email/.service.AttachmentService } U=0: not found
06-27 14:55:31.021   980   992 W ActivityManager: Unable to start service Intent { cmp=com.android.email/.service.AttachmentService } U=0: not found
06-27 14:55:31.021   980  3309 W ActivityManager: Unable to start service Intent { cmp=com.android.email/.service.AttachmentService } U=0: not found
06-27 14:55:31.022  4120  4120 I Exchange: EasService.onCreate
06-27 14:55:31.024   980   991 W Warden  : No existing action block rules, starting empty.java.io.FileNotFoundException: /data/system/warden.xml: open failed: ENOENT (No such file or directory)
06-27 14:55:31.028  4184  4269 I Email   : Observing account changes for notifications
06-27 14:55:31.029  4120  4270 I Exchange: RestartPingTask
06-27 14:55:31.031  3680  3680 V ConfigResourceUtil: resourceName = config_spn_display_control resourceId = 2130837514resourceValue = false
06-27 14:55:31.036  4120  4120 I Exchange: RestartPingsTask did not start any pings.
06-27 14:55:31.036  4120  4120 I Exchange: PSS stopIfIdle
06-27 14:55:31.036  4120  4120 I Exchange: PSS has no active accounts; stopping service.
06-27 14:55:31.037  4120  4120 I Exchange: onDestroy
06-27 14:55:31.047  3816  3816 D SimSelectNotification:  no of slots 2 provision = false
06-27 14:55:31.050  3680  3680 I Telephony: PstnIncomingCallNotifier: Unregistering: Handler (com.android.internal.telephony.gsm.GSMPhone) {8989d2b}
06-27 14:55:31.051  3680  3680 W Telephony: TelecomAccountRegistry: Failed to get primary stack id
06-27 14:55:31.052  3680  3680 E PhoneInterfaceManager: [PhoneIntfMgr] getIccId: No UICC
06-27 14:55:31.054   980  3743 I Telecom : PhoneAccountRegistrar: [ComponentInfo{com.android.phone/com.android.services.telephony.TelephonyConnectionService}, [e0184adedf913b076626646d3f52c3b49c39ad6d], UserHandle{0}(icon: Icon(typ=BITMAP size=67x84) -> Icon(typ=BITMAP size=67x84))]
06-27 14:55:31.059   980  3743 I Telecom : : Sending phone-account registered intent as user
06-27 14:55:31.059  3680  3680 I Telephony: AccountEntry: Registered phoneAccount: [[ ] PhoneAccount: ComponentInfo{com.android.phone/com.android.services.telephony.TelephonyConnectionService}, [e0184adedf913b076626646d3f52c3b49c39ad6d], UserHandle{0} Capabilities: 54 Schemes: tel voicemail ] with handle: ComponentInfo{com.android.phone/com.android.services.telephony.TelephonyConnectionService}, [e0184adedf913b076626646d3f52c3b49c39ad6d], UserHandle{0}
06-27 14:55:31.059  3680  3680 I Telephony: PstnIncomingCallNotifier: Registering: Handler (com.android.internal.telephony.gsm.GSMPhone) {8989d2b}
06-27 14:55:31.062   980  3608 I Telecom : PhoneAccountRegistrar: getUserSelVoicePhoneAccount, voice subId = -1
06-27 14:55:31.062   980  3608 I Telecom : PhoneAccountRegistrar: getUserSelVoicePhoneAccount, emergency account 
06-27 14:55:31.063  3680  3680 D CarrierConfigLoader: update config for phoneId: 0 simState: ABSENT
06-27 14:55:31.063  3680  3680 D CarrierServiceBindHelper: update binding for phoneId: 0 simState: ABSENT
06-27 14:55:31.068  3680  3680 D CarrierConfigLoader: update config for phoneId: 1 simState: ABSENT
06-27 14:55:31.068  3680  3680 D CarrierServiceBindHelper: update binding for phoneId: 1 simState: ABSENT
06-27 14:55:31.070  3680  3680 E PhoneInterfaceManager: [PhoneIntfMgr] getIccId: No UICC
06-27 14:55:31.076  3680  3680 D CarrierConfigLoader: mHandler: 0 phoneId: 0
06-27 14:55:31.076  3680  3680 D CarrierServiceBindHelper: mHandler: 1
06-27 14:55:31.076  3680  3680 D CarrierServiceBindHelper: Unbinding for phoneId: 0
06-27 14:55:31.076  3680  3680 D CarrierConfigLoader: mHandler: 0 phoneId: 1
06-27 14:55:31.076  3680  3680 D CarrierServiceBindHelper: mHandler: 1
06-27 14:55:31.076  3680  3680 D CarrierServiceBindHelper: Unbinding for phoneId: 1
06-27 14:55:31.090   980   992 I ActivityManager: Start proc 4275:com.android.cellbroadcastreceiver/u0a5 for broadcast com.android.cellbroadcastreceiver/.CellBroadcastReceiver
06-27 14:55:31.107  4275  4275 W System  : ClassLoader referenced unknown path: /system/priv-app/CellBroadcastReceiver/lib/arm64
06-27 14:55:31.117  4275  4275 D CellBroadcastReceiver: subscriptionId = -2
06-27 14:55:31.118  4275  4275 D CellBroadcastReceiver: subscriptionId = -3
06-27 14:55:31.123  3680  4290 D SIP     : [SipSharedPreferences] isReceivingCallsEnabled, option not set; use default value, exception: android.provider.Settings$SettingNotFoundException: sip_receive_calls
06-27 14:55:31.125  4275  4275 D CellBroadcastReceiver: subscriptionId = -2
06-27 14:55:31.132  3816  3816 D SimSelectNotification:  no of slots 2 provision = false
06-27 14:55:31.133  3680  3680 E PhoneInterfaceManager: [PhoneIntfMgr] getIccId: No UICC
06-27 14:55:31.134  3680  3680 I SimChangeReceiver: Sim removed, removing inactive accounts
06-27 14:55:31.136  3816  3816 D SimSelectNotification:  no of slots 2 provision = false
06-27 14:55:31.137  3680  3680 E PhoneInterfaceManager: [PhoneIntfMgr] getIccId: No UICC
06-27 14:55:31.138  3680  3680 I SimChangeReceiver: Sim removed, removing inactive accounts
06-27 14:55:31.140  4275  4275 D CellBroadcastReceiver: subscriptionId = -3
06-27 14:55:31.200  3940  4026 E ELEVEN  : calling refresh!
06-27 14:55:31.497  3680  3680 V ConfigResourceUtil: resourceName = config_spn_display_control resourceId = 2130837514resourceValue = false
06-27 14:55:31.504  4275  4275 D CellBroadcastReceiver: subscriptionId = -2
06-27 14:55:31.507  3680  3680 I Telephony: PstnIncomingCallNotifier: Unregistering: Handler (com.android.internal.telephony.gsm.GSMPhone) {8989d2b}
06-27 14:55:31.508  3680  3680 W Telephony: TelecomAccountRegistry: Failed to get primary stack id
06-27 14:55:31.508  3680  3680 E PhoneInterfaceManager: [PhoneIntfMgr] getIccId: No UICC
06-27 14:55:31.510   980  3608 I Telecom : PhoneAccountRegistrar: [ComponentInfo{com.android.phone/com.android.services.telephony.TelephonyConnectionService}, [e0184adedf913b076626646d3f52c3b49c39ad6d], UserHandle{0}(icon: Icon(typ=BITMAP size=67x84) -> Icon(typ=BITMAP size=67x84))]
06-27 14:55:31.515   980  3608 I Telecom : : Sending phone-account registered intent as user
06-27 14:55:31.516  3680  3680 I Telephony: AccountEntry: Registered phoneAccount: [[ ] PhoneAccount: ComponentInfo{com.android.phone/com.android.services.telephony.TelephonyConnectionService}, [e0184adedf913b076626646d3f52c3b49c39ad6d], UserHandle{0} Capabilities: 54 Schemes: tel voicemail ] with handle: ComponentInfo{com.android.phone/com.android.services.telephony.TelephonyConnectionService}, [e0184adedf913b076626646d3f52c3b49c39ad6d], UserHandle{0}
06-27 14:55:31.516  3680  3680 I Telephony: PstnIncomingCallNotifier: Registering: Handler (com.android.internal.telephony.gsm.GSMPhone) {8989d2b}
06-27 14:55:31.520   980  3736 I Telecom : PhoneAccountRegistrar: getUserSelVoicePhoneAccount, voice subId = -1
06-27 14:55:31.520   980  3736 I Telecom : PhoneAccountRegistrar: getUserSelVoicePhoneAccount, emergency account 
06-27 14:55:31.572  3680  3680 I Telephony: PstnIncomingCallNotifier: Unregistering: Handler (com.android.internal.telephony.gsm.GSMPhone) {8989d2b}
06-27 14:55:31.573  3680  3680 W Telephony: TelecomAccountRegistry: Failed to get primary stack id
06-27 14:55:31.573  3680  3680 E PhoneInterfaceManager: [PhoneIntfMgr] getIccId: No UICC
06-27 14:55:31.576   980  3608 I Telecom : PhoneAccountRegistrar: [ComponentInfo{com.android.phone/com.android.services.telephony.TelephonyConnectionService}, [e0184adedf913b076626646d3f52c3b49c39ad6d], UserHandle{0}(icon: Icon(typ=BITMAP size=67x84) -> Icon(typ=BITMAP size=67x84))]
06-27 14:55:31.580   980  3608 I Telecom : : Sending phone-account registered intent as user
06-27 14:55:31.581  3680  3680 I Telephony: AccountEntry: Registered phoneAccount: [[ ] PhoneAccount: ComponentInfo{com.android.phone/com.android.services.telephony.TelephonyConnectionService}, [e0184adedf913b076626646d3f52c3b49c39ad6d], UserHandle{0} Capabilities: 54 Schemes: tel voicemail ] with handle: ComponentInfo{com.android.phone/com.android.services.telephony.TelephonyConnectionService}, [e0184adedf913b076626646d3f52c3b49c39ad6d], UserHandle{0}
06-27 14:55:31.582  3680  3680 I Telephony: PstnIncomingCallNotifier: Registering: Handler (com.android.internal.telephony.gsm.GSMPhone) {8989d2b}
06-27 14:55:31.585   980  3145 I Telecom : PhoneAccountRegistrar: getUserSelVoicePhoneAccount, voice subId = -1
06-27 14:55:31.585   980  3145 I Telecom : PhoneAccountRegistrar: getUserSelVoicePhoneAccount, emergency account 
06-27 14:55:31.585   980   995 W WindowManager: Keyguard drawn timeout. Setting mKeyguardDrawComplete
06-27 14:55:34.258   980  3910 E WifiHAL : Received UMAC message with insufficent length: 48
06-27 14:55:34.258   980  3910 E WifiHAL : Received UMAC message with insufficent length: 48
06-27 14:55:34.259   980  3910 E WifiHAL : Received UMAC message with insufficent length: 914
06-27 14:55:34.260   980  3099 D WIFI    : Registering NetworkFactory
06-27 14:55:34.260   980  3099 D WIFI_UT : Registering NetworkFactory
06-27 14:55:34.260   980  3101 D ConnectivityService: Got NetworkFactory Messenger for WIFI
06-27 14:55:34.260   980  3101 D ConnectivityService: Got NetworkFactory Messenger for WIFI_UT
06-27 14:55:34.266   980  3099 D WIFI    : got request NetworkRequest [ id=1, legacyType=-1, [ Capabilities: INTERNET&NOT_RESTRICTED&TRUSTED&NOT_VPN] ] with score 0
06-27 14:55:34.266   980  3099 D WIFI_UT : got request NetworkRequest [ id=1, legacyType=-1, [ Capabilities: INTERNET&NOT_RESTRICTED&TRUSTED&NOT_VPN] ] with score 0
06-27 14:55:34.507  4314  4314 F libc    : page record for 0x7fa64dd010 was not found (block_size=128)
06-27 14:55:35.578   459   459 I chatty  : uid=1006(camera) mm-qcamera-daem expire 190 lines
06-27 14:55:35.578   459  4042 I chatty  : uid=1006(camera) mm-qcamera-daem expire 1 line
06-27 14:55:35.580   441   441 I chatty  : uid=1013(media) /system/bin/mediaserver expire 42 lines
06-27 14:55:35.584   459  4325 I chatty  : uid=1006(camera) mm-qcamera-daem expire 3 lines
06-27 14:55:35.585   459  4326 I chatty  : uid=1006(camera) mm-qcamera-daem expire 2 lines
06-27 14:55:35.585   459  4327 I chatty  : uid=1006(camera) mm-qcamera-daem expire 3 lines
06-27 14:55:35.586   459  4328 I chatty  : uid=1006(camera) mm-qcamera-daem expire 2 lines
06-27 14:55:35.586   441  4323 I chatty  : uid=1013(media) /system/bin/mediaserver expire 3 lines
06-27 14:55:35.587   459  4329 I chatty  : uid=1006(camera) mm-qcamera-daem expire 8 lines
06-27 14:55:35.588   459  4331 I chatty  : uid=1006(camera) mm-qcamera-daem expire 3 lines
06-27 14:55:35.591   441  4330 I chatty  : uid=1013(media) /system/bin/mediaserver expire 3 lines
06-27 14:55:35.597   441  4333 I chatty  : uid=1013(media) /system/bin/mediaserver expire 3 lines
06-27 14:55:35.602   459  3990 I chatty  : uid=1006(camera) mm-qcamera-daem expire 1 line
06-27 14:55:35.602   459  4337 I chatty  : uid=1006(camera) mm-qcamera-daem expire 13 lines
06-27 14:55:35.602   459  4338 I chatty  : uid=1006(camera) mm-qcamera-daem expire 2 lines
06-27 14:55:35.602   459  4339 I chatty  : uid=1006(camera) mm-qcamera-daem expire 4 lines
06-27 14:55:35.603   459  4340 I chatty  : uid=1006(camera) mm-qcamera-daem expire 5 lines
06-27 14:55:35.605   459  4342 I chatty  : uid=1006(camera) mm-qcamera-daem expire 9 lines
06-27 14:55:35.605   459  4344 I chatty  : uid=1006(camera) mm-qcamera-daem expire 4 lines
06-27 14:55:35.631   668   668 I MSM-irqbalance: Decided to move IRQ76 from CPU2 to CPU1
06-27 14:55:35.648   459  4354 I chatty  : uid=1006(camera) mm-qcamera-daem expire 2 lines
06-27 14:55:35.648   459  4355 I chatty  : uid=1006(camera) mm-qcamera-daem expire 2 lines
06-27 14:55:35.649   459  4357 I chatty  : uid=1006(camera) mm-qcamera-daem expire 3 lines
06-27 14:55:35.686   459  4366 I chatty  : uid=1006(camera) mm-qcamera-daem expire 10 lines
06-27 14:55:35.793   459  4351 I chatty  : uid=1006(camera) mm-qcamera-daem expire 245 lines
06-27 14:55:35.912  4171  4171 D WeatherUpdateService: onCreate
06-27 14:55:35.913  4171  4171 V WeatherUpdateService: Got intent Intent { act=com.cyanogenmod.lockclock.action.FORCE_WEATHER_UPDATE flg=0x4 cmp=com.cyanogenmod.lockclock/.weather.WeatherUpdateService (has extras) }
06-27 14:55:35.913  4171  4171 D WeatherUpdateService: No active weather service provider found, skip
06-27 14:55:35.913  4171  4171 D WeatherUpdateService: Service started, but shouldn't update ... stopping
06-27 14:55:35.914  4171  4171 D WeatherUpdateService: onDestroy
06-27 14:55:35.914  4171  4171 D WeatherUpdateService: Tearing down worker thread
06-27 14:55:39.179  4386  4386 F libc    : page record for 0x7fb52cd010 was not found (block_size=128)
06-27 14:55:40.689   459  4367 I chatty  : uid=1006(camera) mm-qcamera-daem expire 1 line
06-27 14:55:40.692   668   668 I MSM-irqbalance: Decided to move IRQ115 from CPU0 to CPU3
06-27 14:55:40.699   459  4387 I chatty  : uid=1006(camera) mm-qcamera-daem expire 3 lines
06-27 14:55:40.699   459  4389 I chatty  : uid=1006(camera) mm-qcamera-daem expire 2 lines
06-27 14:55:40.699   459  4390 I chatty  : uid=1006(camera) mm-qcamera-daem expire 3 lines
06-27 14:55:40.700   459  4391 I chatty  : uid=1006(camera) mm-qcamera-daem expire 2 lines
06-27 14:55:40.701   459  4392 I chatty  : uid=1006(camera) mm-qcamera-daem expire 8 lines
06-27 14:55:40.704   459  4393 I chatty  : uid=1006(camera) mm-qcamera-daem expire 3 lines
06-27 14:55:40.715   459  4353 I chatty  : uid=1006(camera) mm-qcamera-daem expire 1 line
06-27 14:55:40.720   980   991 I ActivityManager: Start proc 4396:org.mokee.weather.provider/u0a25 for content provider org.mokee.weather.provider/org.cyanogenmod.weather.provider.WeatherContentProvider
06-27 14:55:40.741  4396  4396 W System  : ClassLoader referenced unknown path: /system/priv-app/WeatherProvider/lib/arm64
06-27 14:55:40.752  3238  3238 W QSTileHost: Error creating tile for spec: live_display
06-27 14:55:40.752  3238  3238 W QSTileHost: java.lang.IllegalArgumentException: Bad tile spec: live_display
06-27 14:55:40.752  3238  3238 W QSTileHost: 	at com.android.systemui.statusbar.phone.QSTileHost.createTile(QSTileHost.java:382)
06-27 14:55:40.752  3238  3238 W QSTileHost: 	at com.android.systemui.statusbar.phone.QSTileHost.onTuningChanged(QSTileHost.java:325)
06-27 14:55:40.752  3238  3238 W QSTileHost: 	at com.android.systemui.tuner.TunerService.addTunableByProvider(TunerService.java:114)
06-27 14:55:40.752  3238  3238 W QSTileHost: 	at com.android.systemui.statusbar.phone.QSTileHost.<init>(QSTileHost.java:154)
06-27 14:55:40.752  3238  3238 W QSTileHost: 	at com.android.systemui.statusbar.phone.PhoneStatusBar.makeStatusBarView(PhoneStatusBar.java:1196)
06-27 14:55:40.752  3238  3238 W QSTileHost: 	at com.android.systemui.statusbar.phone.PhoneStatusBar.addStatusBarWindow(PhoneStatusBar.java:3470)
06-27 14:55:40.752  3238  3238 W QSTileHost: 	at com.android.systemui.statusbar.phone.PhoneStatusBar.createAndAddWindows(PhoneStatusBar.java:3466)
06-27 14:55:40.752  3238  3238 W QSTileHost: 	at com.android.systemui.statusbar.BaseStatusBar.start(BaseStatusBar.java:631)
06-27 14:55:40.752  3238  3238 W QSTileHost: 	at com.android.systemui.statusbar.phone.PhoneStatusBar.start(PhoneStatusBar.java:823)
06-27 14:55:40.752  3238  3238 W QSTileHost: 	at com.android.systemui.statusbar.SystemBars.createStatusBarFromConfig(SystemBars.java:106)
06-27 14:55:40.752  3238  3238 W QSTileHost: 	at com.android.systemui.statusbar.SystemBars.onNoService(SystemBars.java:58)
06-27 14:55:40.752  3238  3238 W QSTileHost: 	at com.android.systemui.statusbar.ServiceMonitor.startService(ServiceMonitor.java:230)
06-27 14:55:40.752  3238  3238 W QSTileHost: 	at com.android.systemui.statusbar.ServiceMonitor.-wrap5(ServiceMonitor.java)
06-27 14:55:40.752  3238  3238 W QSTileHost: 	at com.android.systemui.statusbar.ServiceMonitor$1.handleMessage(ServiceMonitor.java:73)
06-27 14:55:40.752  3238  3238 W QSTileHost: 	at android.os.Handler.dispatchMessage(Handler.java:102)
06-27 14:55:40.752  3238  3238 W QSTileHost: 	at android.os.Looper.loop(Looper.java:148)
06-27 14:55:40.752  3238  3238 W QSTileHost: 	at android.app.ActivityThread.main(ActivityThread.java:5461)
06-27 14:55:40.752  3238  3238 W QSTileHost: 	at java.lang.reflect.Method.invoke(Native Method)
06-27 14:55:40.752  3238  3238 W QSTileHost: 	at com.android.internal.os.ZygoteInit$MethodAndArgsCaller.run(ZygoteInit.java:726)
06-27 14:55:40.752  3238  3238 W QSTileHost: 	at com.android.internal.os.ZygoteInit.main(ZygoteInit.java:616)
06-27 14:55:40.761  3238  3238 W CustomTileListenerService[]: CustomTile listener service not yet bound.
06-27 14:55:40.766  3238  3238 W Resources: Drawable com.android.systemui:drawable/ic_battery_portrait has unresolved theme attributes! Consider using Resources.getDrawable(int, Theme) or Context.getDrawable(int).
06-27 14:55:40.766  3238  3238 W Resources: java.lang.RuntimeException
06-27 14:55:40.766  3238  3238 W Resources: 	at android.content.res.Resources.getDrawable(Resources.java:799)
06-27 14:55:40.766  3238  3238 W Resources: 	at com.android.systemui.BatteryMeterView$AllInOneBatteryMeterDrawable.loadBatteryDrawables(BatteryMeterView.java:637)
06-27 14:55:40.766  3238  3238 W Resources: 	at com.android.systemui.BatteryMeterView$AllInOneBatteryMeterDrawable.<init>(BatteryMeterView.java:492)
06-27 14:55:40.766  3238  3238 W Resources: 	at com.android.systemui.BatteryMeterView.createBatteryMeterDrawable(BatteryMeterView.java:264)
06-27 14:55:40.766  3238  3238 W Resources: 	at com.android.systemui.BatteryMeterView.setMode(BatteryMeterView.java:366)
06-27 14:55:40.766  3238  3238 W Resources: 	at com.android.systemui.BatteryMeterView.onBatteryStyleChanged(BatteryMeterView.java:336)
06-27 14:55:40.766  3238  3238 W Resources: 	at com.android.systemui.statusbar.policy.BatteryController.addStateChangedCallback(BatteryController.java:100)
06-27 14:55:40.766  3238  3238 W Resources: 	at com.android.systemui.BatteryMeterView.setBatteryStateRegistar(BatteryMeterView.java:283)
06-27 14:55:40.766  3238  3238 W Resources: 	at com.android.systemui.statusbar.phone.StatusBarHeaderView.setBatteryController(StatusBarHeaderView.java:350)
06-27 14:55:40.766  3238  3238 W Resources: 	at com.android.systemui.statusbar.phone.PhoneStatusBar.makeStatusBarView(PhoneStatusBar.java:1304)
06-27 14:55:40.766  3238  3238 W Resources: 	at com.android.systemui.statusbar.phone.PhoneStatusBar.addStatusBarWindow(PhoneStatusBar.java:3470)
06-27 14:55:40.766  3238  3238 W Resources: 	at com.android.systemui.statusbar.phone.PhoneStatusBar.createAndAddWindows(PhoneStatusBar.java:3466)
06-27 14:55:40.766  3238  3238 W Resources: 	at com.android.systemui.statusbar.BaseStatusBar.start(BaseStatusBar.java:631)
06-27 14:55:40.766  3238  3238 W Resources: 	at com.android.systemui.statusbar.phone.PhoneStatusBar.start(PhoneStatusBar.java:823)
06-27 14:55:40.766  3238  3238 W Resources: 	at com.android.systemui.statusbar.SystemBars.createStatusBarFromConfig(SystemBars.java:106)
06-27 14:55:40.766  3238  3238 W Resources: 	at com.android.systemui.statusbar.SystemBars.onNoService(SystemBars.java:58)
06-27 14:55:40.766  3238  3238 W Resources: 	at com.android.systemui.statusbar.ServiceMonitor.startService(ServiceMonitor.java:230)
06-27 14:55:40.766  3238  3238 W Resources: 	at com.android.systemui.statusbar.ServiceMonitor.-wrap5(ServiceMonitor.java)
06-27 14:55:40.766  3238  3238 W Resources: 	at com.android.systemui.statusbar.ServiceMonitor$1.handleMessage(ServiceMonitor.java:73)
06-27 14:55:40.766  3238  3238 W Resources: 	at android.os.Handler.dispatchMessage(Handler.java:102)
06-27 14:55:40.766  3238  3238 W Resources: 	at android.os.Looper.loop(Looper.java:148)
06-27 14:55:40.766  3238  3238 W Resources: 	at android.app.ActivityThread.main(ActivityThread.java:5461)
06-27 14:55:40.766  3238  3238 W Resources: 	at java.lang.reflect.Method.invoke(Native Method)
06-27 14:55:40.766  3238  3238 W Resources: 	at com.android.internal.os.ZygoteInit$MethodAndArgsCaller.run(ZygoteInit.java:726)
06-27 14:55:40.766  3238  3238 W Resources: 	at com.android.internal.os.ZygoteInit.main(ZygoteInit.java:616)
06-27 14:55:40.768  3238  3238 D BatteryMeterView: mTextGravity=17
06-27 14:55:40.768  3238  3238 D BatteryMeterView: mTextGravity=17
06-27 14:55:40.768  3238  3238 D BatteryMeterView: mTextGravity=17
06-27 14:55:40.772  3238  3844 D OpenGLRenderer: profile bars disabled
06-27 14:55:40.772  3238  3844 D OpenGLRenderer: ambientRatio = 1.50
06-27 14:55:40.775   423   523 D PermissionCache: checking android.permission.ACCESS_SURFACE_FLINGER for uid=10021 => granted (138 us)
06-27 14:55:40.778  3238  3238 D PhoneStatusBar: disable: < expand icons alerts system_info back home recent clock search quick_settings >
06-27 14:55:40.796  3238  3238 D PhoneStatusBar: heads up is enabled
06-27 14:55:40.806  3238  3238 D PhoneStatusBar: disable: < EXPAND* icons alerts system_info BACK* HOME* RECENT* clock SEARCH* quick_settings >
06-27 14:55:40.809   980  3233 V KeyValueBackupJob: Scheduling k/v pass in 247 minutes
06-27 14:55:40.809  3238  3238 I Choreographer: Skipped 634 frames!  The application may be doing too much work on its main thread.
06-27 14:55:40.813  3238  3238 D ViewRootImpl: changeCanvasOpacity: opaque=true
06-27 14:55:40.878  3238  3844 I Adreno  : QUALCOMM build                   : 5a2e917, Iae42b9ed90
06-27 14:55:40.878  3238  3844 I Adreno  : Build Date                       : 03/28/16
06-27 14:55:40.878  3238  3844 I Adreno  : OpenGL ES Shader Compiler Version: E031.25.03.09
06-27 14:55:40.878  3238  3844 I Adreno  : Local Branch                     : 
06-27 14:55:40.878  3238  3844 I Adreno  : Remote Branch                    : 
06-27 14:55:40.878  3238  3844 I Adreno  : Remote Branch                    : 
06-27 14:55:40.878  3238  3844 I Adreno  : Reconstruct Branch               : 
06-27 14:55:40.887  3238  3844 I OpenGLRenderer: Initialized EGL, version 1.4
06-27 14:55:40.893   980  3100 D WifiService: New client listening to asynchronous messages
06-27 14:55:40.910  3238  3238 D PhoneStatusBar: disable: < EXPAND ICONS* alerts SYSTEM_INFO* BACK HOME RECENT clock SEARCH quick_settings >
06-27 14:55:40.922  3238  3238 D PhoneStatusBar: disable: < EXPAND ICONS alerts SYSTEM_INFO BACK HOME RECENT clock SEARCH quick_settings >
06-27 14:55:40.941   980  3736 V KeyguardServiceDelegate: **** SHOWN CALLED ****
06-27 14:55:40.943   980  3309 V KeyguardServiceDelegate: **** SHOWN CALLED ****
06-27 14:55:41.599  3238  3238 I Choreographer: Skipped 46 frames!  The application may be doing too much work on its main thread.
06-27 14:55:41.721   423  4412 I SurfaceFlinger: Boot is finished (32262 ms)
06-27 14:55:41.740  3238  3238 W KeyguardUpdateMonitor: invalid subId in handleSimStateChange()
06-27 14:55:41.740  3238  3238 W KeyguardUpdateMonitor: invalid subId in handleSimStateChange()
06-27 14:55:41.742   423   423 E modemanager: readXMLOp:Couldn't open OEM XML file!
06-27 14:55:41.742   423   423 E modemanager: readXMLOp:Couldn't open OEM XML file!
06-27 14:55:41.742   423   423 I modemanager: in applyDefaultMode ret = 0 mCurMode = -1
06-27 14:55:41.742   423   423 D qdhwcomposer: processBootAnimCompleted: Not able to apply default mode
06-27 14:55:41.747  3238  3238 W KeyguardUpdateMonitor: invalid subId in handleServiceStateChange()
06-27 14:55:41.749  3238  3238 W KeyguardUpdateMonitor: invalid subId in handleServiceStateChange()
06-27 14:55:41.752  3238  3238 W KeyguardUpdateMonitor: invalid subId in handleServiceStateChange()
06-27 14:55:41.752  3238  3238 W KeyguardUpdateMonitor: invalid subId in handleSimStateChange()
06-27 14:55:41.752  3238  3238 W KeyguardUpdateMonitor: invalid subId in handleSimStateChange()
06-27 14:55:41.754  3238  3238 W KeyguardUpdateMonitor: invalid subId in handleServiceStateChange()
06-27 14:55:41.756  3238  3238 W KeyguardUpdateMonitor: invalid subId in handleServiceStateChange()
06-27 14:55:41.759  3238  3238 D PhoneStatusBar: disable: < expand* ICONS alerts SYSTEM_INFO back* HOME RECENT clock SEARCH quick_settings >
06-27 14:55:44.728  4418  4418 F libc    : page record for 0x7f9528f010 was not found (block_size=128)
06-27 14:55:45.663   980  3099 D WifiConfigStore: Retrieve network priorities after PNO.
06-27 14:55:45.663   980  3099 E wifi_gbk2utf: g_pItemList is NULL
06-27 14:55:45.663  3911  3911 I chatty  : uid=1010(wifi) /system/bin/wpa_supplicant expire 40 lines
06-27 14:55:45.664   980  3910 E WifiHAL : Received UMAC message with insufficent length: 914
06-27 14:55:45.664   980  3910 E WifiHAL : Received UMAC message with insufficent length: 48
06-27 14:55:45.721   668   668 I MSM-irqbalance: Decided to move IRQ188 from CPU2 to CPU3
06-27 14:55:45.912   980   994 I ActivityManager: Waited long enough for: ServiceRecord{cd92256 u0 com.cyanogenmod.lockclock/.weather.WeatherSourceListenerService}
06-27 14:55:48.301   695   728 D BootAnimation: playing boot audio here
06-27 14:55:48.301   695   728 W BootAnimation: Audio service is not initiated.
06-27 14:55:48.432   980   999 I SystemServiceManager: Starting phase 1000
06-27 14:55:48.432   980   999 E QCOM PowerHAL: Failed to acquire lock.
06-27 14:55:48.436   980   999 W ContextImpl: Calling a method in the system process without a qualified user: android.app.ContextImpl.sendBroadcast:788 org.mokee.platform.internal.MKHardwareService.onBootPhase:360 com.android.server.SystemServiceManager.startBootPhase:135 com.android.server.am.ActivityManagerService.finishBooting:6673 com.android.server.am.ActivityManagerService.bootAnimationComplete:6740 
06-27 14:55:48.456   422   422 I ServiceManager: service 'media.resource_manager' died
06-27 14:55:48.456   422   422 I ServiceManager: service 'media.audio_flinger' died
06-27 14:55:48.456  3661  3675 W AudioSystem: AudioPolicyService server died!
06-27 14:55:48.456   422   422 I ServiceManager: service 'media.player' died
06-27 14:55:48.456   422   422 I ServiceManager: service 'media.camera' died
06-27 14:55:48.457   422   422 I ServiceManager: service 'media.audio_policy' died
06-27 14:55:48.457   980  3608 W AudioSystem: AudioFlinger server died!
06-27 14:55:48.457  3661  3672 W AudioSystem: AudioFlinger server died!
06-27 14:55:48.457   422   422 I ServiceManager: service 'media.sound_trigger_hw' died
06-27 14:55:48.457   422   422 I ServiceManager: service 'media.radio' died
06-27 14:55:48.457   980  3309 W AudioSystem: AudioPolicyService server died!
06-27 14:55:48.457   980   992 W SoundTrigger: Sound trigger service died!
06-27 14:55:48.457  3940  3951 W AudioSystem: AudioFlinger server died!
06-27 14:55:48.457  3238  3254 W AudioSystem: AudioPolicyService server died!
06-27 14:55:48.458   980  3107 E AudioService: Media server died.
06-27 14:55:48.520   980  4430 I ActivityManager: Start proc 4435:com.android.keychain/1000 for service com.android.keychain/.KeyChainService
06-27 14:55:48.543   980  4458 I RecoverySystem: No recovery log file
06-27 14:55:48.551  4435  4435 W System  : ClassLoader referenced unknown path: /system/app/KeyChain/lib/arm64
06-27 14:55:48.561   980  3736 I ActivityManager: Start proc 4463:com.android.dialer/u0a7 for broadcast com.android.dialer/.calllog.CallLogReceiver
06-27 14:55:48.564   980  4458 I BootReceiver: Copying audit failures to DropBox
06-27 14:55:48.565   980  4458 I BootReceiver: Checking for fsck errors
06-27 14:55:48.602  4463  4463 W System  : ClassLoader referenced unknown path: /system/priv-app/Dialer/lib/arm64
06-27 14:55:48.657  4440  4440 I chatty  : uid=1013(media) /system/bin/mediaserver expire 343 lines
06-27 14:55:48.693  4463  4463 W SDK.CyanogenAmbientUtil: Cyanogen Ambient package is missing! Version 1050700 is required.
06-27 14:55:48.694  4463  4463 E SDK.AmbientApiClientImp: This application will not run unless you install Ambient services
06-27 14:55:48.694  4463  4463 W PhoneCommon.AmbientSingletonHolder: Connection failed: com.cyanogen.ambient.common.ConnectionResult@98d55c6
06-27 14:55:48.697  4463  4463 W Ambient : AmbientApiClient is not connected. Please ensure connection before calling any APIs.
06-27 14:55:48.697  4463  4463 W Ambient : java.lang.Exception
06-27 14:55:48.697  4463  4463 W Ambient : 	at com.cyanogen.ambient.common.api.internal.AbstractAsynchronousApi.execute(AbstractAsynchronousApi.java:18)
06-27 14:55:48.697  4463  4463 W Ambient : 	at com.cyanogen.ambient.incall.internal.InCallApiImpl.getInstalledPlugins(InCallApiImpl.java:88)
06-27 14:55:48.697  4463  4463 W Ambient : 	at com.android.phone.common.incall.api.InCallQueries.updateCallPlugins(InCallQueries.java:45)
06-27 14:55:48.697  4463  4463 W Ambient : 	at com.android.phone.common.incall.DialerDataSubscription.onRefreshRequested(DialerDataSubscription.java:91)
06-27 14:55:48.697  4463  4463 W Ambient : 	at com.android.phone.common.ambient.AmbientDataSubscription.refresh(AmbientDataSubscription.java:308)
06-27 14:55:48.697  4463  4463 W Ambient : 	at com.android.phone.common.incall.DialerDataSubscription.init(DialerDataSubscription.java:86)
06-27 14:55:48.697  4463  4463 W Ambient : 	at com.android.dialer.DialerApplication.onCreate(DialerApplication.java:57)
06-27 14:55:48.697  4463  4463 W Ambient : 	at android.app.Instrumentation.callApplicationOnCreate(Instrumentation.java:1014)
06-27 14:55:48.697  4463  4463 W Ambient : 	at android.app.ActivityThread.handleBindApplication(ActivityThread.java:4751)
06-27 14:55:48.697  4463  4463 W Ambient : 	at android.app.ActivityThread.-wrap1(ActivityThread.java)
06-27 14:55:48.697  4463  4463 W Ambient : 	at android.app.ActivityThread$H.handleMessage(ActivityThread.java:1424)
06-27 14:55:48.697  4463  4463 W Ambient : 	at android.os.Handler.dispatchMessage(Handler.java:102)
06-27 14:55:48.697  4463  4463 W Ambient : 	at android.os.Looper.loop(Looper.java:148)
06-27 14:55:48.697  4463  4463 W Ambient : 	at android.app.ActivityThread.main(ActivityThread.java:5461)
06-27 14:55:48.697  4463  4463 W Ambient : 	at java.lang.reflect.Method.invoke(Native Method)
06-27 14:55:48.697  4463  4463 W Ambient : 	at com.android.internal.os.ZygoteInit$MethodAndArgsCaller.run(ZygoteInit.java:726)
06-27 14:55:48.697  4463  4463 W Ambient : 	at com.android.internal.os.ZygoteInit.main(ZygoteInit.java:616)
06-27 14:55:48.703  4463  4463 W SDK.CyanogenAmbientUtil: Cyanogen Ambient package is missing! Version 1050700 is required.
06-27 14:55:48.711   980  3145 W Warden  : No existing action block rules, starting empty.java.io.FileNotFoundException: /data/system/warden.xml: open failed: ENOENT (No such file or directory)
06-27 14:55:48.728   980   980 I ActivityManager: Start proc 4488:com.mokee.aegis/1000 for broadcast com.mokee.aegis/.receiver.PackagesMonitor
06-27 14:55:48.765  4488  4488 W System  : ClassLoader referenced unknown path: /system/priv-app/Aegis/lib/arm64
06-27 14:55:48.778  4488  4488 W ContextImpl: Calling a method in the system process without a qualified user: android.app.ContextImpl.startService:1231 android.content.ContextWrapper.startService:587 android.content.ContextWrapper.startService:587 com.mokee.aegis.receiver.PackagesMonitor.onReceive:45 android.app.ActivityThread.handleReceiver:2759 
06-27 14:55:48.778   980  3608 W Warden  : No existing action block rules, starting empty.java.io.FileNotFoundException: /data/system/warden.xml: open failed: ENOENT (No such file or directory)
06-27 14:55:48.781   980   991 W Warden  : No existing action block rules, starting empty.java.io.FileNotFoundException: /data/system/warden.xml: open failed: ENOENT (No such file or directory)
06-27 14:55:48.793   980  3743 I ActivityManager: Start proc 4501:com.android.providers.calendar/u0a2 for broadcast com.android.providers.calendar/.CalendarReceiver
06-27 14:55:48.796  4488  4488 W ContextImpl: Calling a method in the system process without a qualified user: android.app.ContextImpl.bindService:1295 android.content.ContextWrapper.bindService:610 com.mokee.aegis.service.ManageHibernateService.onStart:103 android.app.Service.onStartCommand:459 android.app.ActivityThread.handleServiceArgs:3044 
06-27 14:55:48.796   980  3145 W ActivityManager: Unable to start service Intent { cmp=com.mokee.aegis/.service.NonStopIntentService } U=0: not found
06-27 14:55:48.828  4501  4501 W System  : ClassLoader referenced unknown path: /system/priv-app/CalendarProvider/lib/arm64
06-27 14:55:48.850  4501  4501 I CalendarProvider2: Created com.android.providers.calendar.CalendarAlarmManager@903f3fa(com.android.providers.calendar.CalendarProvider2@8613dab)
06-27 14:55:48.859   980  3608 W Warden  : No existing action block rules, starting empty.java.io.FileNotFoundException: /data/system/warden.xml: open failed: ENOENT (No such file or directory)
06-27 14:55:48.873   980  3309 I ActivityManager: Start proc 4517:org.cyanogenmod.providers.datausage/1000 for broadcast org.cyanogenmod.providers.datausage/.BootReceiver
06-27 14:55:48.909  4517  4517 W System  : ClassLoader referenced unknown path: /system/priv-app/DataUsageProvider/lib/arm64
06-27 14:55:48.918   980   992 W Warden  : No existing action block rules, starting empty.java.io.FileNotFoundException: /data/system/warden.xml: open failed: ENOENT (No such file or directory)
06-27 14:55:48.930   980  3736 I ActivityManager: Start proc 4531:com.android.managedprovisioning/u0a11 for broadcast com.android.managedprovisioning/.BootReminder
06-27 14:55:48.959   980  3107 E AudioService: Media server started.
06-27 14:55:48.965  4531  4531 W System  : ClassLoader referenced unknown path: /system/priv-app/ManagedProvisioning/lib/arm64
06-27 14:55:48.974   980  3608 W Warden  : No existing action block rules, starting empty.java.io.FileNotFoundException: /data/system/warden.xml: open failed: ENOENT (No such file or directory)
06-27 14:55:48.976   980   992 W Warden  : No existing action block rules, starting empty.java.io.FileNotFoundException: /data/system/warden.xml: open failed: ENOENT (No such file or directory)
06-27 14:55:49.026  4440  4548 I chatty  : uid=1013(media) /system/bin/mediaserver expire 14 lines
06-27 14:55:49.028   459  4550 I chatty  : uid=1006(camera) mm-qcamera-daem expire 29 lines
06-27 14:55:49.028   459  4551 I chatty  : uid=1006(camera) mm-qcamera-daem expire 2 lines
06-27 14:55:49.029   459  4552 I chatty  : uid=1006(camera) mm-qcamera-daem expire 4 lines
06-27 14:55:49.029   459  4554 I chatty  : uid=1006(camera) mm-qcamera-daem expire 5 lines
06-27 14:55:49.030   459  4555 I chatty  : uid=1006(camera) mm-qcamera-daem expire 9 lines
06-27 14:55:49.032   459  4556 I chatty  : uid=1006(camera) mm-qcamera-daem expire 4 lines
06-27 14:55:49.078   459  4566 I chatty  : uid=1006(camera) mm-qcamera-daem expire 2 lines
06-27 14:55:49.079   459  4567 I chatty  : uid=1006(camera) mm-qcamera-daem expire 1 line
06-27 14:55:49.082   459  4569 I chatty  : uid=1006(camera) mm-qcamera-daem expire 3 lines
06-27 14:55:49.129   980   992 W Warden  : No existing action block rules, starting empty.java.io.FileNotFoundException: /data/system/warden.xml: open failed: ENOENT (No such file or directory)
06-27 14:55:49.168   459  4570 I chatty  : uid=1006(camera) mm-qcamera-daem expire 2 lines
06-27 14:55:49.172   980  3145 I ActivityManager: Start proc 4572:com.android.statassistant/u0a12 for broadcast com.android.statassistant/com.android.stat.statistics.Entry
06-27 14:55:49.178  4572  4572 I art     : Late-enabling -Xcheck:jni
06-27 14:55:49.200   459  4592 I chatty  : uid=1006(camera) mm-qcamera-daem expire 7 lines
06-27 14:55:49.240  4572  4572 W System  : ClassLoader referenced unknown path: /system/priv-app/MkStatus/lib/arm64
06-27 14:55:49.248  3295  4546 W MediaScanner: forcing rescan of /system/media/audio/notifications/Hello.oggsince ringtone setting didn't finish
06-27 14:55:49.268   980  3910 E WifiHAL : Received UMAC message with insufficent length: 48
06-27 14:55:49.268   980  3910 E WifiHAL : Received UMAC message with insufficent length: 48
06-27 14:55:49.268   980  3910 E WifiHAL : Received UMAC message with insufficent length: 914
06-27 14:55:49.269  3911  3911 D wpa_supplicant: wlan0: BSS: Add new id 13 BSSID bc:46:99:37:af:be SSID 'MADBOB-WIFI-2'
06-27 14:55:49.269  3911  3911 D wpa_supplicant: CTRL-DEBUG: ctrl_sock-sendmsg: sock=10 sndbuf=212992 outq=1536 send_len=41
06-27 14:55:49.269  3911  3911 D wpa_supplicant: CTRL_IFACE monitor sent successfully to /data/misc/wifi/sockets/wpa_ctrl_980-2\x00
06-27 14:55:49.269  3911  3911 D wpa_supplicant: wlan0: BSS: Add new id 14 BSSID fc:d7:33:58:af:90 SSID '\xe6\x9b\xb9\xe7\x94\xb5\xe4\xbf\xa1 \xe5\xb0\xbc\xe7\x8e\x9b'
06-27 14:55:49.269  3911  3911 D wpa_supplicant: CTRL-DEBUG: ctrl_sock-sendmsg: sock=10 sndbuf=212992 outq=2304 send_len=41
06-27 14:55:49.269  3911  3911 D wpa_supplicant: CTRL_IFACE monitor sent successfully to /data/misc/wifi/sockets/wpa_ctrl_980-2\x00
06-27 14:55:49.269  3911  3911 D wpa_supplicant: BSS: last_scan_res_used=14/32
06-27 14:55:49.269  3911  3911 D wpa_supplicant: wlan0: Scan-only results received
06-27 14:55:49.270  3911  3911 D wpa_supplicant: CTRL-DEBUG: ctrl_sock-sendmsg: sock=10 sndbuf=212992 outq=2304 send_len=24
06-27 14:55:49.270  3911  3911 D wpa_supplicant: CTRL_IFACE monitor sent successfully to /data/misc/wifi/sockets/wpa_ctrl_980-2\x00
06-27 14:55:49.270  3911  3911 D wpa_supplicant: wlan0: Radio work 'scan'@0x559af16850 done in 3.605497 seconds
06-27 14:55:49.272  4572  4572 E MainEntry: Intent { act=android.intent.action.BOOT_COMPLETED flg=0x8000010 cmp=com.android.statassistant/com.android.stat.statistics.Entry (has extras) } --> Received
06-27 14:55:49.273  3911  3911 D wpa_supplicant: CTRL-DEBUG: global_ctrl_sock-sendto: sock=10 sndbuf=212992 outq=0 send_len=3847
06-27 14:55:49.274   980   992 W Warden  : No existing action block rules, starting empty.java.io.FileNotFoundException: /data/system/warden.xml: open failed: ENOENT (No such file or directory)
06-27 14:55:49.276  3911  3911 D wpa_supplicant: CTRL-DEBUG: global_ctrl_sock-sendto: sock=10 sndbuf=212992 outq=0 send_len=3475
06-27 14:55:49.277  3911  3911 D wpa_supplicant: CTRL-DEBUG: global_ctrl_sock-sendto: sock=10 sndbuf=212992 outq=0 send_len=1852
06-27 14:55:49.284  3911  3911 D wpa_supplicant: EAPOL: EAP Session-Id not available
06-27 14:55:49.284  3911  3911 D wpa_supplicant: CTRL-DEBUG: global_ctrl_sock-sendto: sock=10 sndbuf=212992 outq=0 send_len=124
06-27 14:55:49.285   980  3099 D WifiStateMachine: shouldSwitchNetwork  txSuccessRate=0.00 rxSuccessRate=0.00 delta 1000 -> 1000
06-27 14:55:49.287   980  3145 I ActivityManager: Start proc 4602:com.mokee.pay/u0a14 for broadcast com.mokee.pay/.payment.receiver.PaymentReceiver
06-27 14:55:49.288   980  3099 D WifiStateMachine: CMD_AUTO_CONNECT sup state ScanState my state DisconnectedState nid=0 roam=3
06-27 14:55:49.288   980  3099 E WifiConfigStore: saveWifiConfigBSSID Setting BSSID for "OpenWrt-5GHz-1171D9"-NONE to any
06-27 14:55:49.288   980  3099 E wifi_gbk2utf: g_pItemList is NULL
06-27 14:55:49.288  3911  3911 D wpa_supplicant: wlan0: Control interface command 'SET_NETWORK [REMOVED]'
06-27 14:55:49.288  3911  3911 D wpa_supplicant: CTRL_IFACE: SET_NETWORK id=0 name='bssid'
06-27 14:55:49.288  3911  3911 D wpa_supplicant: CTRL_IFACE: value - hexdump(len=3): [REMOVED]
06-27 14:55:49.288  3911  3911 D wpa_supplicant: BSSID any
06-27 14:55:49.288  3911  3911 D wpa_supplicant: CTRL-DEBUG: global_ctrl_sock-sendto: sock=10 sndbuf=212992 outq=0 send_len=3
06-27 14:55:49.289  3911  3911 D wpa_supplicant: wlan0: Control interface command 'SAVE_CONFIG'
06-27 14:55:49.289  3911  3911 D wpa_supplicant: Writing configuration file '/data/misc/wifi/wpa_supplicant.conf.tmp'
06-27 14:55:49.301  3911  3911 D wpa_supplicant: Configuration file '/data/misc/wifi/wpa_supplicant.conf' written successfully
06-27 14:55:49.301  3911  3911 D wpa_supplicant: CTRL_IFACE: SAVE_CONFIG - Configuration updated
06-27 14:55:49.301  3911  3911 D wpa_supplicant: CTRL-DEBUG: global_ctrl_sock-sendto: sock=10 sndbuf=212992 outq=0 send_len=3
06-27 14:55:49.301   980  3099 D WifiStateMachine: CMD_AUTO_CONNECT will save config -> "OpenWrt-5GHz-1171D9" nid=0
06-27 14:55:49.302  3911  3911 D wpa_supplicant: CTRL-DEBUG: global_ctrl_sock-sendto: sock=10 sndbuf=212992 outq=0 send_len=21
06-27 14:55:49.302  3911  3911 D wpa_supplicant: CTRL-DEBUG: global_ctrl_sock-sendto: sock=10 sndbuf=212992 outq=0 send_len=5
06-27 14:55:49.302  3911  3911 D wpa_supplicant: CTRL-DEBUG: global_ctrl_sock-sendto: sock=10 sndbuf=212992 outq=0 send_len=1
06-27 14:55:49.303  3911  3911 D wpa_supplicant: CTRL-DEBUG: global_ctrl_sock-sendto: sock=10 sndbuf=212992 outq=0 send_len=1
06-27 14:55:49.303  3911  3911 D wpa_supplicant: CTRL-DEBUG: global_ctrl_sock-sendto: sock=10 sndbuf=212992 outq=0 send_len=1
06-27 14:55:49.303  3911  3911 D wpa_supplicant: CTRL-DEBUG: global_ctrl_sock-sendto: sock=10 sndbuf=212992 outq=0 send_len=1
06-27 14:55:49.303  3911  3911 D wpa_supplicant: CTRL-DEBUG: global_ctrl_sock-sendto: sock=10 sndbuf=212992 outq=0 send_len=1
