06-27 14:55:17.415   980  3091 W PackageManager: Not granting permission android.permission.ACCESS_CACHE_FILESYSTEM to package com.lenovo.leos.appstore (protectionLevel=18 flags=0x38083e45)
06-27 14:55:17.415   980  3091 W PackageManager: Not granting permission android.permission.MOUNT_UNMOUNT_FILESYSTEMS to package com.lenovo.leos.appstore (protectionLevel=18 flags=0x38083e45)
06-27 14:55:17.415   980  3091 W PackageManager: Unknown permission android.permission.SYSTEM_OVERLAY_WINDOW in package com.lenovo.leos.appstore
06-27 14:55:17.415   980  3091 W PackageManager: Unknown permission com.android.launcher.permission.READ_SETTINGS in package com.lenovo.leos.appstore
06-27 14:55:17.415   980  3091 W PackageManager: Unknown permission com.android.launcher.permission.WRITE_SETTINGS in package com.lenovo.leos.appstore
06-27 14:55:17.415   980  3091 W PackageManager: Unknown permission com.lenovo.launcher.permission.READ_SETTINGS in package com.lenovo.leos.appstore
06-27 14:55:17.415   980  3091 W PackageManager: Unknown permission com.lenovo.launcher.permission.WRITE_SETTINGS in package com.lenovo.leos.appstore
06-27 14:55:17.415   980  3091 W PackageManager: Not granting permission android.permission.WRITE_MEDIA_STORAGE to package com.lenovo.leos.appstore (protectionLevel=18 flags=0x38083e45)
06-27 14:55:17.415   980  3091 W PackageManager: Unknown permission com.lenovo.performancecenter.provider.querywhitelist in package com.lenovo.leos.appstore
06-27 14:55:17.415   980  3091 W PackageManager: Unknown permission com.google.android.googleapps.permission.GOOGLE_AUTH.mail in package com.android.calendar
06-27 14:55:17.415   980  3091 W PackageManager: Unknown permission android.permission.RUN_INSTRUMENTATION in package com.tencent.qqpimsecure
06-27 14:55:17.415   980  3091 W PackageManager: Not granting permission android.permission.BATTERY_STATS to package com.tencent.qqpimsecure (protectionLevel=50 flags=0x38183e44)
06-27 14:55:17.415   980  3091 W PackageManager: Not granting permission android.permission.MODIFY_PHONE_STATE to package com.tencent.qqpimsecure (protectionLevel=18 flags=0x38183e44)
06-27 14:55:17.415   980  3091 W PackageManager: Not granting permission android.permission.WRITE_APN_SETTINGS to package com.tencent.qqpimsecure (protectionLevel=18 flags=0x38183e44)
06-27 14:55:17.415   980  3091 W PackageManager: Unknown permission android.permission.READ_APN_SETTINGS in package com.tencent.qqpimsecure
06-27 14:55:17.415   980  3091 W PackageManager: Not granting permission android.permission.READ_LOGS to package com.tencent.qqpimsecure (protectionLevel=50 flags=0x38183e44)
06-27 14:55:17.415   980  3091 W PackageManager: Unknown permission android.intent.action.ACTION_SHUTDOWN in package com.tencent.qqpimsecure
06-27 14:55:17.415   980  3091 W PackageManager: Unknown permission android.intent.action.REBOOT in package com.tencent.qqpimsecure
06-27 14:55:17.415   980  3091 W PackageManager: Not granting permission android.permission.CLEAR_APP_CACHE to package com.tencent.qqpimsecure (protectionLevel=18 flags=0x38183e44)
06-27 14:55:17.415   980  3091 W PackageManager: Unknown permission android.permission.READ_MMS in package com.tencent.qqpimsecure
06-27 14:55:17.415   980  3091 W PackageManager: Unknown permission com.android.launcher.permission.READ_SETTINGS in package com.tencent.qqpimsecure
06-27 14:55:17.415   980  3091 W PackageManager: Unknown permission android.permission.REBOOT_IPO in package com.tencent.qqpimsecure
06-27 14:55:17.415   980  3091 W PackageManager: Not granting permission android.permission.MOUNT_UNMOUNT_FILESYSTEMS to package com.tencent.qqpimsecure (protectionLevel=18 flags=0x38183e44)
06-27 14:55:17.415   980  3091 W PackageManager: Not granting permission android.permission.ACCESS_SURFACE_FLINGER to package com.tencent.qqpimsecure (protectionLevel=2 flags=0x38183e44)
06-27 14:55:17.415   980  3091 W PackageManager: Not granting permission android.permission.SET_ANIMATION_SCALE to package com.tencent.qqpimsecure (protectionLevel=50 flags=0x38183e44)
06-27 14:55:17.416   980  3091 W PackageManager: Not granting permission android.permission.READ_INPUT_STATE to package com.tencent.qqpimsecure (protectionLevel=2 flags=0x38183e44)
06-27 14:55:17.416   980  3091 W PackageManager: Not granting permission android.permission.CHANGE_CONFIGURATION to package com.tencent.qqpimsecure (protectionLevel=50 flags=0x38183e44)
06-27 14:55:17.416   980  3091 W PackageManager: Not granting permission android.permission.CLEAR_APP_USER_DATA to package com.tencent.qqpimsecure (protectionLevel=258 flags=0x38183e44)
06-27 14:55:17.416   980  3091 W PackageManager: Not granting permission android.permission.INSTALL_PACKAGES to package com.tencent.qqpimsecure (protectionLevel=18 flags=0x38183e44)
06-27 14:55:17.416   980  3091 W PackageManager: Not granting permission android.permission.DELETE_PACKAGES to package com.tencent.qqpimsecure (protectionLevel=18 flags=0x38183e44)
06-27 14:55:17.416   980  3091 W PackageManager: Unknown permission com.android.launcher.permission.READ_SETTINGS in package com.android.onetimeinitializer
06-27 14:55:17.416   980  3091 W PackageManager: Unknown permission com.android.launcher.permission.WRITE_SETTINGS in package com.android.onetimeinitializer
06-27 14:55:17.416   980  3091 W PackageManager: Unknown permission com.cyanogen.ambient.permission.BIND_INCALL_SERVICE in package com.android.dialer
06-27 14:55:17.416   980  3091 W PackageManager: Unknown permission com.cyanogen.ambient.permission.PLUGIN_STATUS_CHANGED in package com.android.dialer
06-27 14:55:17.416   980  3091 W PackageManager: Unknown permission com.cyanogen.ambient.permission.PUBLISH_DISCOVERY_NUDGE in package com.android.dialer
06-27 14:55:17.416   980  3091 W PackageManager: Unknown permission com.cyanogen.ambient.permission.BIND_DEEPLINK_SERVICE in package com.android.dialer
06-27 14:55:17.416   980  3091 W PackageManager: Unknown permission com.cyanogen.ambient.permission.READ_DEEPLINK_DATABASE in package com.android.dialer
06-27 14:55:17.416   980  3091 W PackageManager: Unknown permission com.cyanogen.ambient.permission.BIND_CALLER_INFO in package com.android.dialer
06-27 14:55:17.416   980  3091 W PackageManager: Unknown permission android.permission.CANCEL_NOTIFICATIONS in package org.cyanogenmod.theme.chooser
06-27 14:55:17.416   980  3091 W PackageManager: Not granting permission android.permission.DELETE_PACKAGES to package com.svox.pico (protectionLevel=18 flags=0x3808be45)
06-27 14:55:17.416   980  3091 W PackageManager: Unknown permission android.permission.ACCESS_SUPERUSER in package com.cyanogenmod.filemanager
06-27 14:55:17.416   980  3091 W PackageManager: Unknown permission com.cyanogenmod.filemanager.permissions.READ_THEME in package com.cyanogenmod.filemanager
06-27 14:55:17.417   980  3091 W PackageManager: Unknown permission com.google.android.gallery3d.permission.PICASA_STORE in package com.android.dreams.phototable
06-27 14:55:17.417   980  3091 W PackageManager: Not granting permission android.permission.MOUNT_UNMOUNT_FILESYSTEMS to package com.tianqi2345 (protectionLevel=18 flags=0x3808be44)
06-27 14:55:17.417   980  3091 W PackageManager: Unknown permission com.android.launcher.permission.READ_SETTINGS in package com.tianqi2345
06-27 14:55:17.417   980  3091 W PackageManager: Unknown permission com.google.android.googleapps.permission.GOOGLE_AUTH in package com.android.settings
06-27 14:55:17.417   980  3091 W PackageManager: Unknown permission com.android.launcher.permission.READ_SETTINGS in package com.android.settings
06-27 14:55:17.417   980  3091 W PackageManager: Unknown permission com.android.launcher.permission.WRITE_SETTINGS in package com.android.settings
06-27 14:55:17.417   980  3091 W PackageManager: Unknown permission android.permission.ACCESS_COARSE_UPDATES in package com.android.settings
06-27 14:55:17.417   980  3091 W PackageManager: Unknown permission android.permission.RECEIVE_USER_PRESENT in package com.android.settings
06-27 14:55:17.417   980  3091 W PackageManager: Not granting permission android.permission.REAL_GET_TASKS to package com.cyanogenmod.eleven (protectionLevel=18 flags=0x3818be65)
06-27 14:55:17.418   980  3091 W PackageManager: Unknown permission com.google.android.permission.INSTALL_WEARABLE_PACKAGES in package com.mokee.packageinstaller
06-27 14:55:17.419   980  3091 W PackageManager: Not granting permission android.permission.INSTALL_LOCATION_PROVIDER to package com.amap.android.location (protectionLevel=18 flags=0x3808be0d)
06-27 14:55:17.419   980  3091 W PackageManager: Not granting permission android.permission.WRITE_SECURE_SETTINGS to package com.amap.android.location (protectionLevel=50 flags=0x3808be0d)
06-27 14:55:17.419   980  3091 W PackageManager: Not granting permission android.permission.UPDATE_DEVICE_STATS to package com.amap.android.location (protectionLevel=18 flags=0x3808be0d)
06-27 14:55:17.419   980  3091 W PackageManager: Unknown permission com.google.android.gallery3d.permission.GALLERY_PROVIDER in package com.android.bluetooth
06-27 14:55:17.419   980  3091 W PackageManager: Unknown permission com.google.android.googleapps.permission.ACCESS_GOOGLE_PASSWORD in package com.android.development
06-27 14:55:17.419   980  3091 W PackageManager: Unknown permission com.google.android.googleapps.permission.GOOGLE_AUTH in package com.android.development
06-27 14:55:17.419   980  3091 W PackageManager: Unknown permission com.google.android.googleapps.permission.GOOGLE_AUTH.ALL_SERVICES in package com.android.development
06-27 14:55:17.419   980  3091 W PackageManager: Unknown permission com.google.android.googleapps.permission.GOOGLE_AUTH.YouTubeUser in package com.android.development
06-27 14:55:17.462   980  3091 W MountService: No primary storage defined yet; hacking together a stub
06-27 14:55:17.463   980  3091 W MountService: No primary storage defined yet; hacking together a stub
06-27 14:55:17.463   980  3091 W MountService: No primary storage mounted!
06-27 14:55:17.463   980  3091 D VoldConnector: SND -> {2 asec list}
06-27 14:55:17.463   980  3092 D VoldConnector: RCV <- {200 2 asec operation succeeded}
06-27 14:55:17.463   980   980 I SystemServiceManager: Starting com.android.server.devicepolicy.DevicePolicyManagerService$Lifecycle
06-27 14:55:17.465   980   980 I SystemServer: Status Bar
06-27 14:55:17.466   980   980 I SystemServer: Clipboard Service
06-27 14:55:17.467   980   980 I SystemServer: NetworkManagement Service
06-27 14:55:17.470   980   980 I SystemServer: Text Service Manager Service
06-27 14:55:17.472   980   980 I SystemServer: Network Score Service
06-27 14:55:17.472   980   980 I SystemServer: NetworkStats Service
06-27 14:55:17.477   980   980 I SystemServer: NetworkPolicy Service
06-27 14:55:17.486   980   980 I SystemServiceManager: Starting com.android.server.wifi.p2p.WifiP2pService
06-27 14:55:17.500   980  3086 D EventHub: No input device configuration file found for device 'synaptics_dsx'.
06-27 14:55:17.500   980  3086 E filemap : mmap(0,4096) failed: No such device
06-27 14:55:17.501   980  3086 W EventHub: Unable to disable kernel key repeat for /dev/input/event0: Function not implemented
06-27 14:55:17.501   980  3086 I EventHub: New device: id=6, fd=167, path='/dev/input/event0', name='synaptics_dsx', classes=0x15, configuration='', keyLayout='/system/usr/keylayout/synaptics_dsx.kl', keyCharacterMap='/system/usr/keychars/Generic.kcm', builtinKeyboard=false, wakeMechanism=EPOLLWAKEUP, usingClockIoctl=true
06-27 14:55:17.504   980  3086 I InputReader: Device added: id=-1, name='Virtual', sources=0x00000301
06-27 14:55:17.504   980  3086 I InputReader:   Touch device 'synaptics_dsx' could not query the properties of its associated display.  The device will be inoperable until the display size becomes available.
06-27 14:55:17.504   980  3086 I InputReader: Device added: id=6, name='synaptics_dsx', sources=0x00001103
06-27 14:55:17.504   980  3086 I InputReader: Device added: id=5, name='cyttsp_button', sources=0x00000101
06-27 14:55:17.504   980  3086 I InputReader: Device added: id=4, name='gpio-keys', sources=0x80000101
06-27 14:55:17.504   980  3086 I InputReader: Device added: id=3, name='qpnp_pon', sources=0x00000101
06-27 14:55:17.505   980  3086 I InputReader: Device added: id=2, name='msm8994-tomtom-mtp-snd-card Button Jack', sources=0x00000101
06-27 14:55:17.505   980  3086 I InputReader: Device added: id=1, name='msm8994-tomtom-mtp-snd-card Headset Jack', sources=0x80000000
06-27 14:55:17.505   980  3086 I InputReader: Reconfiguring input devices.  changes=0x00000004
06-27 14:55:17.505   980  3086 I InputReader: Device reconfigured: id=6, name='synaptics_dsx', size 1440x2560, orientation 0, mode 1, display id 0
06-27 14:55:17.505   980  3085 I ActivityManager: Config changes=8 {1.0 ?mcc?mnc zh_CN ldltr sw411dp w411dp h707dp 560dpi nrml long port finger -keyb/h/h -nav/h s.5 themeResource=null}
06-27 14:55:17.512   980   980 I WifiP2pService: Registering wifip2p
06-27 14:55:17.513   980   980 I SystemServiceManager: Starting com.android.server.wifi.WifiService
06-27 14:55:17.573   980   980 D HS20    : Passpoint is disabled
06-27 14:55:17.579   980   980 D WifiController: isAirplaneModeOn = false, isWifiEnabled = true, isScanningAvailable = false
06-27 14:55:17.580   980   980 I WifiService: Registering wifi
06-27 14:55:17.581   980   980 I SystemServiceManager: Starting com.android.server.wifi.WifiScanningService
06-27 14:55:17.581   980   980 I WifiScanningService: Creating wifiscanner
06-27 14:55:17.581   980   980 I WifiScanningService: Starting wifiscanner
06-27 14:55:17.581   980   980 I SystemServiceManager: Starting com.android.server.wifi.RttService
06-27 14:55:17.581   980   980 I RttService: Creating rttmanager
06-27 14:55:17.582   980   980 I RttService: Starting rttmanager
06-27 14:55:17.582   980   980 I SystemServiceManager: Starting com.android.server.ethernet.EthernetService
06-27 14:55:17.583   980   980 I EthernetServiceImpl: Creating EthernetConfigStore
06-27 14:55:17.584   980   980 E IpConfigStore: Error parsing configuration: java.io.FileNotFoundException: /data/misc/ethernet/ipconfig.txt: open failed: ENOENT (No such file or directory)
06-27 14:55:17.584   980   980 W EthernetConfigStore: No Ethernet configuration found. Using default.
06-27 14:55:17.586   980   980 I EthernetServiceImpl: Read stored IP configuration: IP assignment: DHCP
06-27 14:55:17.586   980   980 I EthernetServiceImpl: Proxy settings: NONE
06-27 14:55:17.586   980   980 I EthernetService: Registering service ethernet
06-27 14:55:17.586   980   980 I SystemServer: Connectivity Service
06-27 14:55:17.588   980   980 D ConnectivityService: ConnectivityService starting up
06-27 14:55:17.591   980   980 D ConnectivityService: wifiOnly=false
06-27 14:55:17.591   980   980 E ConnectivityService: Ignoring protectedNetwork 14
06-27 14:55:17.591   980   980 E ConnectivityService: Ignoring protectedNetwork 15
06-27 14:55:17.594   980   980 I SystemServer: Network Service Discovery Service
06-27 14:55:17.596   980   980 D NsdService: Network service discovery enabled true
06-27 14:55:17.597   980   980 I SystemServer: UpdateLock Service
06-27 14:55:17.598   980   980 I SystemServiceManager: Starting com.android.server.notification.NotificationManagerService
06-27 14:55:17.604   980   980 I ZenModeConfig: Migrating existing shared 'from': stars
06-27 14:55:17.613   980   980 I SystemServiceManager: Starting com.android.server.storage.DeviceStorageMonitorService
06-27 14:55:17.614   980   980 I SystemServer: Location Manager
06-27 14:55:17.616   980   980 I SystemServer: Country Detector
06-27 14:55:17.617   980   980 I SystemServer: Search Service
06-27 14:55:17.618   980   980 I SystemServer: DropBox Service
06-27 14:55:17.619   980   980 I SystemServer: Wallpaper Service
06-27 14:55:17.621   980   980 W WallpaperManagerService: no current wallpaper -- first boot?
06-27 14:55:17.621   980   980 I SystemServer: Audio Service
06-27 14:55:17.624   980  3107 I ServiceManager: Waiting for service media.audio_policy...
06-27 14:55:17.626   980   980 W TelecomManager: Telecom Service not found.
06-27 14:55:17.777   980  3099 D WifiHW  : Unable to unload driver module "wlan": No such file or directory
06-27 14:55:17.778   980  3099 D WifiApConfigStore: 2G band allowed channels are:1,6,11
06-27 14:55:17.886   441  3108 I chatty  : uid=1013(media) /system/bin/mediaserver expire 14 lines
06-27 14:55:17.892   459  3110 I chatty  : uid=1006(camera) mm-qcamera-daem expire 29 lines
06-27 14:55:17.892   459  3111 I chatty  : uid=1006(camera) mm-qcamera-daem expire 2 lines
06-27 14:55:17.892   459  3112 I chatty  : uid=1006(camera) mm-qcamera-daem expire 4 lines
06-27 14:55:17.892   459  3114 I chatty  : uid=1006(camera) mm-qcamera-daem expire 5 lines
06-27 14:55:17.893   459  3115 I chatty  : uid=1006(camera) mm-qcamera-daem expire 9 lines
06-27 14:55:17.894   459  3116 I chatty  : uid=1006(camera) mm-qcamera-daem expire 4 lines
06-27 14:55:17.936   459  3129 I chatty  : uid=1006(camera) mm-qcamera-daem expire 2 lines
06-27 14:55:17.936   459  3128 I chatty  : uid=1006(camera) mm-qcamera-daem expire 2 lines
06-27 14:55:17.939   459  3126 I chatty  : uid=1006(camera) mm-qcamera-daem expire 2 lines
06-27 14:55:17.945   459  3131 I chatty  : uid=1006(camera) mm-qcamera-daem expire 3 lines
06-27 14:55:17.965   980   994 E KernelUidCpuTimeReader: Failed to read uid_cputime: /proc/uid_cputime/show_uid_stat: open failed: ENOENT (No such file or directory)
06-27 14:55:17.966   459  3140 I chatty  : uid=1006(camera) mm-qcamera-daem expire 7 lines
06-27 14:55:18.112   459  3121 I chatty  : uid=1006(camera) CAM_gyro_sens expire 244 lines
06-27 14:55:18.625   980  3107 I ServiceManager: Waiting for service media.audio_policy...
06-27 14:55:19.596  3150  3150 F libc    : page record for 0x7fb6ddb010 was not found (block_size=128)
06-27 14:55:19.625   980  3107 I ServiceManager: Waiting for service media.audio_policy...
06-27 14:55:20.380   668   668 I MSM-irqbalance: Discovered a new IRQ: 81
06-27 14:55:20.381   668   668 I MSM-irqbalance: Decided to move IRQ81 from CPU0 to CPU3
06-27 14:55:20.625   980  3107 I ServiceManager: Waiting for service media.audio_policy...
06-27 14:55:21.625   980  3107 I ServiceManager: Waiting for service media.audio_policy...
06-27 14:55:22.625   980  3107 W AudioSystem: AudioPolicyService not published, waiting...
06-27 14:55:22.990   459   459 I chatty  : uid=1006(camera) mm-qcamera-daem expire 190 lines
06-27 14:55:22.990   459  3141 I chatty  : uid=1006(camera) mm-qcamera-daem expire 1 line
06-27 14:55:22.995   459  3152 I chatty  : uid=1006(camera) mm-qcamera-daem expire 3 lines
06-27 14:55:22.995   459  3154 I chatty  : uid=1006(camera) mm-qcamera-daem expire 3 lines
06-27 14:55:22.995   459  3153 I chatty  : uid=1006(camera) mm-qcamera-daem expire 2 lines
06-27 14:55:22.996   459  3155 I chatty  : uid=1006(camera) mm-qcamera-daem expire 2 lines
06-27 14:55:22.996   459  3156 I chatty  : uid=1006(camera) mm-qcamera-daem expire 8 lines
06-27 14:55:22.997   459  3157 I chatty  : uid=1006(camera) mm-qcamera-daem expire 3 lines
06-27 14:55:23.012   459  3127 I chatty  : uid=1006(camera) mm-qcamera-daem expire 1 line
06-27 14:55:23.012   459  3160 I chatty  : uid=1006(camera) mm-qcamera-daem expire 14 lines
06-27 14:55:23.013   459  3161 I chatty  : uid=1006(camera) mm-qcamera-daem expire 2 lines
06-27 14:55:23.013   459  3162 I chatty  : uid=1006(camera) mm-qcamera-daem expire 4 lines
06-27 14:55:23.013   459  3164 I chatty  : uid=1006(camera) mm-qcamera-daem expire 5 lines
06-27 14:55:23.015   459  3165 I chatty  : uid=1006(camera) mm-qcamera-daem expire 9 lines
06-27 14:55:23.015   459  3166 I chatty  : uid=1006(camera) mm-qcamera-daem expire 4 lines
06-27 14:55:23.057   459  3177 I chatty  : uid=1006(camera) mm-qcamera-daem expire 2 lines
06-27 14:55:23.057   459  3178 I chatty  : uid=1006(camera) mm-qcamera-daem expire 2 lines
06-27 14:55:23.059   459  3180 I chatty  : uid=1006(camera) mm-qcamera-daem expire 3 lines
06-27 14:55:23.086   459  3189 I chatty  : uid=1006(camera) mm-qcamera-daem expire 7 lines
06-27 14:55:23.104   441  3158 I chatty  : uid=1013(media) /system/bin/mediaserver expire 13 lines
06-27 14:55:23.105   441   441 I chatty  : uid=1013(media) /system/bin/mediaserver expire 558 lines
06-27 14:55:23.125   980  3107 I ServiceManager: Waiting for service media.audio_policy...
06-27 14:55:23.244   459  3174 I chatty  : uid=1006(camera) mm-qcamera-daem expire 243 lines
06-27 14:55:24.126   980  3107 I ServiceManager: Waiting for service media.audio_policy...
06-27 14:55:24.606  3198  3198 F libc    : page record for 0x7fa6430010 was not found (block_size=128)
06-27 14:55:25.126   980  3107 I ServiceManager: Waiting for service media.audio_policy...
06-27 14:55:25.631   668   668 I MSM-irqbalance: Decided to move IRQ222 from CPU2 to CPU3
06-27 14:55:26.126   980  3107 I ServiceManager: Waiting for service media.audio_policy...
06-27 14:55:27.126   980  3107 I ServiceManager: Waiting for service media.audio_policy...
06-27 14:55:28.103   459  3190 I chatty  : uid=1006(camera) mm-qcamera-daem expire 1 line
06-27 14:55:28.107   459  3202 I chatty  : uid=1006(camera) mm-qcamera-daem expire 3 lines
06-27 14:55:28.108   459  3203 I chatty  : uid=1006(camera) mm-qcamera-daem expire 2 lines
06-27 14:55:28.108   459  3204 I chatty  : uid=1006(camera) mm-qcamera-daem expire 3 lines
06-27 14:55:28.109   459  3205 I chatty  : uid=1006(camera) mm-qcamera-daem expire 2 lines
06-27 14:55:28.111   459  3206 I chatty  : uid=1006(camera) mm-qcamera-daem expire 8 lines
06-27 14:55:28.120   459  3207 I chatty  : uid=1006(camera) mm-qcamera-daem expire 3 lines
06-27 14:55:28.126   980  3107 W AudioSystem: AudioPolicyService not published, waiting...
06-27 14:55:28.131   459  3176 I chatty  : uid=1006(camera) mm-qcamera-daem expire 1 line
06-27 14:55:28.302   441  3210 I chatty  : uid=1013(media) /system/bin/mediaserver expire 10 lines
06-27 14:55:28.303   441  3212 I chatty  : uid=1013(media) /system/bin/mediaserver expire 10 lines
06-27 14:55:28.304   441  3213 I chatty  : uid=1013(media) /system/bin/mediaserver expire 1 line
06-27 14:55:28.319   441  3214 I chatty  : uid=1013(media) /system/bin/mediaserver expire 1 line
06-27 14:55:28.413   441  3215 I chatty  : uid=1013(media) /system/bin/mediaserver expire 28 lines
06-27 14:55:28.413   441  3216 I chatty  : uid=1013(media) /system/bin/mediaserver expire 62 lines
06-27 14:55:28.642   980   980 I SystemServiceManager: Starting com.android.server.DockObserver
06-27 14:55:28.642   980   980 W DockObserver: This kernel does not have dock station support
06-27 14:55:28.643   980   980 I SystemServer: Wired Accessory Manager
06-27 14:55:28.643   980   980 W WiredAccessoryManager: This kernel does not have usb audio support
06-27 14:55:28.644   980   980 W WiredAccessoryManager: This kernel does not have HDMI audio support
06-27 14:55:28.644   980   980 I SystemServiceManager: Starting com.android.server.usb.UsbService$Lifecycle
06-27 14:55:28.680   980   980 I SystemServer: Serial Service
06-27 14:55:28.681   980   980 I SystemServiceManager: Starting com.android.server.twilight.TwilightService
06-27 14:55:28.682   980   980 I SystemServiceManager: Starting com.android.server.job.JobSchedulerService
06-27 14:55:28.685   980   980 D JobStore: job-info
06-27 14:55:28.686   980   980 I SystemServiceManager: Starting com.android.server.backup.BackupManagerService$Lifecycle
06-27 14:55:28.687   980   980 I SystemServiceManager: Starting com.android.server.appwidget.AppWidgetService
06-27 14:55:28.688   980   980 I SystemServiceManager: Starting com.android.server.voiceinteraction.VoiceInteractionManagerService
06-27 14:55:28.689   980   980 W SoundTriggerHelper: listModules status=0, # of modules=0
06-27 14:55:28.690   980   980 I SystemServer: Gesture Launcher Service
06-27 14:55:28.690   980   980 I SystemServiceManager: Starting com.android.server.GestureLauncherService
06-27 14:55:28.690   980   980 I SystemServer: DiskStats Service
06-27 14:55:28.690   980   980 I SystemServer: SamplingProfiler Service
06-27 14:55:28.696   980   980 I SystemServer: NetworkTimeUpdateService
06-27 14:55:28.696   980   980 I SystemServer: CommonTimeManagementService
06-27 14:55:28.697   980   980 I SystemServer: CertBlacklister
06-27 14:55:28.697   980   980 I SystemServiceManager: Starting com.android.server.dreams.DreamManagerService
06-27 14:55:28.698   980   980 I SystemServer: Assets Atlas Service
06-27 14:55:28.701   980   980 I SystemServiceManager: Starting com.android.server.print.PrintManagerService
06-27 14:55:28.702   980  3218 D AssetAtlas: Loaded configuration: SliceMinArea (2048x1984) flags=0x2 count=352
06-27 14:55:28.702   980   980 I SystemServiceManager: Starting com.android.server.restrictions.RestrictionsManagerService
06-27 14:55:28.703   980   980 I SystemServiceManager: Starting com.android.server.media.MediaSessionService
06-27 14:55:28.716   980   980 I SystemServer: Media Router Service
06-27 14:55:28.717   980   980 I SystemServiceManager: Starting com.android.server.trust.TrustManagerService
06-27 14:55:28.719   980   980 I SystemServiceManager: Starting com.android.server.fingerprint.FingerprintService
06-27 14:55:28.721   980   980 W FingerprintService: fingerprint service not available
06-27 14:55:28.721   980   980 V FingerprintService: Fingerprint HAL id: 0
06-27 14:55:28.721   980   980 I SystemServer: BackgroundDexOptService
06-27 14:55:28.722   980   980 I SystemServiceManager: Starting com.android.server.pm.LauncherAppsService
06-27 14:55:28.724   980   980 I SystemServiceManager: Starting com.android.server.media.projection.MediaProjectionManagerService
06-27 14:55:28.740   980   980 I WindowManager: SAFE MODE not enabled
06-27 14:55:28.742   980   980 I SystemServiceManager: Starting com.android.server.MmsServiceBroker
06-27 14:55:28.744   980   980 I MKSystemServer: Attempting to start service org.mokee.platform.internal.MKStatusBarManagerService
06-27 14:55:28.746   980  3218 I Adreno  : QUALCOMM build                   : 5a2e917, Iae42b9ed90
06-27 14:55:28.746   980  3218 I Adreno  : Build Date                       : 03/28/16
06-27 14:55:28.746   980  3218 I Adreno  : OpenGL ES Shader Compiler Version: E031.25.03.09
06-27 14:55:28.746   980  3218 I Adreno  : Local Branch                     : 
06-27 14:55:28.746   980  3218 I Adreno  : Remote Branch                    : 
06-27 14:55:28.746   980  3218 I Adreno  : Remote Branch                    : 
06-27 14:55:28.746   980  3218 I Adreno  : Reconstruct Branch               : 
06-27 14:55:28.747   980   980 I MKSystemServer: Starting service org.mokee.platform.internal.MKStatusBarManagerService
06-27 14:55:28.748   980   980 I SystemServiceManager: Starting org.mokee.platform.internal.MKStatusBarManagerService
06-27 14:55:28.748   980   980 D MKStatusBarManagerService: registerMKStatusBar mkstatusbar: org.mokee.platform.internal.MKStatusBarManagerService@9d4f4e3
06-27 14:55:28.750   980   980 I MKSystemServer: Attempting to start service org.mokee.platform.internal.ProfileManagerService
06-27 14:55:28.757   980   980 I MKSystemServer: Starting service org.mokee.platform.internal.ProfileManagerService
06-27 14:55:28.757   980   980 I SystemServiceManager: Starting org.mokee.platform.internal.ProfileManagerService
06-27 14:55:28.758   422   422 E ServiceManager: add_service('profile',63) uid=1000 - ALREADY REGISTERED, OVERRIDE
06-27 14:55:28.758   422   422 I ServiceManager: service 'profile' died
06-27 14:55:28.761   980  3100 D WifiService: New client listening to asynchronous messages
06-27 14:55:28.763   980   980 V ProfileTriggerHelper: Enabling
06-27 14:55:28.772   980   980 D MKProfileService: Found active: 0230226d-0d05-494a-a9bd-d222a1117655
06-27 14:55:28.775   980   980 D MKProfileService: Set active profile to: 0230226d-0d05-494a-a9bd-d222a1117655 - 默认
06-27 14:55:28.775   980   980 D MKProfileService: Saving profile data...
06-27 14:55:28.776   980   980 D MKProfileService: Save completed.
06-27 14:55:28.777   980   980 I MKSystemServer: Attempting to start service org.mokee.platform.internal.PartnerInterfaceService
06-27 14:55:28.778   980   980 I MKSystemServer: Starting service org.mokee.platform.internal.PartnerInterfaceService
06-27 14:55:28.778   980   980 I SystemServiceManager: Starting org.mokee.platform.internal.PartnerInterfaceService
06-27 14:55:28.778   422   422 E ServiceManager: add_service('mkpartnerinterface',64) uid=1000 - ALREADY REGISTERED, OVERRIDE
06-27 14:55:28.778   422   422 I ServiceManager: service 'mkpartnerinterface' died
06-27 14:55:28.778   980   980 I MKSystemServer: Attempting to start service org.mokee.platform.internal.MKTelephonyManagerService
06-27 14:55:28.779   980   980 I MKSystemServer: Starting service org.mokee.platform.internal.MKTelephonyManagerService
06-27 14:55:28.779   980   980 I SystemServiceManager: Starting org.mokee.platform.internal.MKTelephonyManagerService
06-27 14:55:28.780   980   980 I MKSystemServer: Attempting to start service org.mokee.platform.internal.MKHardwareService
06-27 14:55:28.784   980   980 I MKSystemServer: Starting service org.mokee.platform.internal.MKHardwareService
06-27 14:55:28.784   980   980 I SystemServiceManager: Starting org.mokee.platform.internal.MKHardwareService
06-27 14:55:28.784   422   422 E ServiceManager: add_service('mkhardware',66) uid=1000 - ALREADY REGISTERED, OVERRIDE
06-27 14:55:28.784   422   422 I ServiceManager: service 'mkhardware' died
06-27 14:55:28.784   980   980 I MKSystemServer: Attempting to start service org.mokee.platform.internal.PerformanceManagerService
06-27 14:55:28.789   980   980 I MKSystemServer: Starting service org.mokee.platform.internal.PerformanceManagerService
06-27 14:55:28.789   980   980 I SystemServiceManager: Starting org.mokee.platform.internal.PerformanceManagerService
06-27 14:55:28.790   980  3218 D AssetAtlas: Rendered atlas in 84.79ms (41.26+43.53ms)
06-27 14:55:28.790   980   980 I MKSystemServer: Attempting to start service org.mokee.platform.internal.ThemeManagerService
06-27 14:55:28.795   980   980 I org.mokee.platform.internal.ThemeManagerService: Spawned worker thread
06-27 14:55:28.796   980   980 I MKSystemServer: Starting service org.mokee.platform.internal.ThemeManagerService
06-27 14:55:28.796   980   980 I SystemServiceManager: Starting org.mokee.platform.internal.ThemeManagerService
06-27 14:55:28.797   980   980 I org.mokee.platform.internal.ThemeManagerService: Spawned worker thread
06-27 14:55:28.798   980   980 I MKSystemServer: Attempting to start service org.mokee.platform.internal.IconCacheManagerService
06-27 14:55:28.798   980   980 I MKSystemServer: Starting service org.mokee.platform.internal.IconCacheManagerService
06-27 14:55:28.798   980   980 I SystemServiceManager: Starting org.mokee.platform.internal.IconCacheManagerService
06-27 14:55:28.798   980   980 D IconCacheManagerService: registerIconCache mkiconcache: org.mokee.platform.internal.IconCacheManagerService@c51c1a
06-27 14:55:28.798   980   980 I MKSystemServer: Attempting to start service org.mokee.platform.internal.LiveLockScreenServiceBroker
06-27 14:55:28.800   980   980 I MKSystemServer: Starting service org.mokee.platform.internal.LiveLockScreenServiceBroker
06-27 14:55:28.800   980   980 I SystemServiceManager: Starting org.mokee.platform.internal.LiveLockScreenServiceBroker
06-27 14:55:28.800   980   980 I MKSystemServer: Attempting to start service org.mokee.platform.internal.MKWeatherManagerService
06-27 14:55:28.802   980   980 I MKSystemServer: Starting service org.mokee.platform.internal.MKWeatherManagerService
06-27 14:55:28.802   980   980 I SystemServiceManager: Starting org.mokee.platform.internal.MKWeatherManagerService
06-27 14:55:28.803   980   980 I MKSystemServer: Attempting to start service org.mokee.platform.internal.display.LiveDisplayService
06-27 14:55:28.806   980   980 I MKSystemServer: Starting service org.mokee.platform.internal.display.LiveDisplayService
06-27 14:55:28.806   980   980 I SystemServiceManager: Starting org.mokee.platform.internal.display.LiveDisplayService
06-27 14:55:28.806   980   980 I MKSystemServer: Attempting to start service org.mokee.platform.internal.MKAudioService
06-27 14:55:28.807   980   980 I MKSystemServer: Starting service org.mokee.platform.internal.MKAudioService
06-27 14:55:28.807   980   980 I SystemServiceManager: Starting org.mokee.platform.internal.MKAudioService
06-27 14:55:28.809   980   980 I QCOM PowerHAL: QCOM power HAL initing.
06-27 14:55:28.816   980   980 E LockSettingsStorage: Cannot read file java.io.FileNotFoundException: /data/system/gatekeeper.password.key: open failed: ENOENT (No such file or directory)
06-27 14:55:28.816   980   980 E LockSettingsStorage: Cannot read file java.io.FileNotFoundException: /data/system/password.key: open failed: ENOENT (No such file or directory)
06-27 14:55:28.816   980   980 E LockSettingsStorage: Cannot read file java.io.FileNotFoundException: /data/system/gatekeeper.pattern.key: open failed: ENOENT (No such file or directory)
06-27 14:55:28.816   980   980 E LockSettingsStorage: Cannot read file java.io.FileNotFoundException: /data/system/gatekeeper.gesture.key: open failed: ENOENT (No such file or directory)
06-27 14:55:28.817   980   980 E LockSettingsStorage: Cannot read file java.io.FileNotFoundException: /data/system/gesture.key: open failed: ENOENT (No such file or directory)
06-27 14:55:28.817   980   980 E LockSettingsStorage: Cannot read file java.io.FileNotFoundException: /data/system/mk_gesture.key: open failed: ENOENT (No such file or directory)
06-27 14:55:28.817   980   980 I SystemServiceManager: Starting phase 480
06-27 14:55:28.819   980   980 I SystemServiceManager: Starting phase 500
06-27 14:55:28.819   980   980 D BluetoothService: onBootPhase: PHASE_SYSTEM_SERVICES_READY
06-27 14:55:28.819   980   980 D BluetoothManagerService: Bluetooth boot completed
06-27 14:55:28.820   980   980 I WifiService: WifiService starting up with Wi-Fi enabled
06-27 14:55:28.822   980   980 D WifiService: setWifiEnabled: true pid=980, uid=1000
06-27 14:55:28.822   980   980 E WifiService: Invoking mWifiStateMachine.setWifiEnabled
06-27 14:55:28.822   980  3100 D WifiController: WifiController msg { when=0 what=155656 target=com.android.internal.util.StateMachine$SmHandler } deferred for 500ms
06-27 14:55:28.824   980   980 I WifiScanningService: Registering wifiscanner
06-27 14:55:28.826   980   980 I RttService: Registering rttmanager
06-27 14:55:28.827   980   980 I EthernetServiceImpl: Starting Ethernet service
06-27 14:55:28.828   980   980 D Ethernet: Registering NetworkFactory
06-27 14:55:28.828   980  3101 D ConnectivityService: Got NetworkFactory Messenger for Ethernet
06-27 14:55:28.828   980  3232 D Ethernet: got request NetworkRequest [ id=1, legacyType=-1, [ Capabilities: INTERNET&NOT_RESTRICTED&TRUSTED&NOT_VPN] ] with score 0
06-27 14:55:28.833   980   980 V BackupManagerService: No ancestral data
06-27 14:55:28.849   980   980 V KeyValueBackupJob: Scheduling k/v pass in 245 minutes
06-27 14:55:28.864   980   980 V BackupManagerService: Starting with transport com.google.android.gms/.backup.BackupTransportService
06-27 14:55:28.864   980   980 V BackupManagerService: Found transports: 1
06-27 14:55:28.866   980   980 I BackupManagerService: Found stale backup journal, scheduling
06-27 14:55:28.880   980   980 I ActivityManager: Config changes=20 {1.0 ?mcc?mnc zh_CN ldltr sw411dp w411dp h707dp 560dpi nrml long port finger -keyb/v/h -nav/h s.6 themeResource=null}
06-27 14:55:28.893   980   980 W PackageManager: Unable to get pkg for processing system
06-27 14:55:28.893   980   980 E PackageManager: Unable to find icon pack: system
06-27 14:55:28.894   980  1001 W KeyguardServiceDelegate: onScreenTurningOn(): no keyguard service!
06-27 14:55:28.901   980   980 I ActivityManager: System now ready
06-27 14:55:28.902   980   980 I SystemServer: Making services ready
06-27 14:55:28.902   980   980 I SystemServiceManager: Starting phase 550
06-27 14:55:28.904   980  3091 D MountService: Thinking about reset, mSystemReady=true, mDaemonConnected=true
06-27 14:55:28.904   980  3091 D VoldConnector: SND -> {3 volume reset}
06-27 14:55:28.904   980   994 I ActivityManager: Force stopping com.android.providers.media appid=10008 user=-1: vold reset
06-27 14:55:28.904   980  3092 D VoldConnector: RCV <- {651 emulated 7}
06-27 14:55:28.904   980  3092 D VoldConnector: RCV <- {659 emulated}
06-27 14:55:28.904   980  3092 D VoldConnector: RCV <- {650 emulated 2 "" ""}
06-27 14:55:28.904   980  3092 D VoldConnector: RCV <- {654 emulated emulated}
06-27 14:55:28.904   980  3092 D VoldConnector: RCV <- {651 emulated 0}
06-27 14:55:28.904   980   980 D UsbAlsaManager: Adding ALSA device AlsaDevice: [card: 0, device: 0, type: 2]
06-27 14:55:28.904   980   980 D UsbAlsaManager: Adding ALSA device AlsaDevice: [card: 0, device: 0, type: 1]
06-27 14:55:28.904   980  3092 D VoldConnector: RCV <- {200 3 Command succeeded}
06-27 14:55:28.904   980   980 D UsbAlsaManager: Adding ALSA device AlsaDevice: [card: 0, device: 1, type: 2]
06-27 14:55:28.904   980   980 D UsbAlsaManager: Adding ALSA device AlsaDevice: [card: 0, device: 1, type: 1]
06-27 14:55:28.904   980   980 D UsbAlsaManager: Adding ALSA device AlsaDevice: [card: 0, device: 2, type: 2]
06-27 14:55:28.905   980   980 D UsbAlsaManager: Adding ALSA device AlsaDevice: [card: 0, device: 2, type: 1]
06-27 14:55:28.905   980   980 D UsbAlsaManager: Adding ALSA device AlsaDevice: [card: 0, device: 3, type: 2]
06-27 14:55:28.905   980   980 D UsbAlsaManager: Adding ALSA device AlsaDevice: [card: 0, device: 3, type: 1]
06-27 14:55:28.905   980   980 D UsbAlsaManager: Adding ALSA device AlsaDevice: [card: 0, device: 4, type: 2]
06-27 14:55:28.905   980   980 D UsbAlsaManager: Adding ALSA device AlsaDevice: [card: 0, device: 4, type: 1]
06-27 14:55:28.905   980   980 D UsbAlsaManager: Adding ALSA device AlsaDevice: [card: 0, device: 5, type: 2]
06-27 14:55:28.905   980   980 D UsbAlsaManager: Adding ALSA device AlsaDevice: [card: 0, device: 5, type: 1]
06-27 14:55:28.905   980   980 D UsbAlsaManager: Adding ALSA device AlsaDevice: [card: 0, device: 6, type: 2]
06-27 14:55:28.905   980   980 D UsbAlsaManager: Adding ALSA device AlsaDevice: [card: 0, device: 7, type: 1]
06-27 14:55:28.905   980   980 D UsbAlsaManager: Adding ALSA device AlsaDevice: [card: 0, device: 8, type: 2]
06-27 14:55:28.905   980   980 D UsbAlsaManager: Adding ALSA device AlsaDevice: [card: 0, device: 10, type: 2]
06-27 14:55:28.905   980   980 D UsbAlsaManager: Adding ALSA device AlsaDevice: [card: 0, device: 10, type: 1]
06-27 14:55:28.905   980   980 D UsbAlsaManager: Adding ALSA device AlsaDevice: [card: 0, device: 11, type: 2]
06-27 14:55:28.905   980  3091 D VoldConnector: SND -> {4 volume user_added 0 0}
06-27 14:55:28.905   980   980 D UsbAlsaManager: Adding ALSA device AlsaDevice: [card: 0, device: 11, type: 1]
06-27 14:55:28.905   980   980 D UsbAlsaManager: Adding ALSA device AlsaDevice: [card: 0, device: 12, type: 2]
06-27 14:55:28.905   980   980 D UsbAlsaManager: Adding ALSA device AlsaDevice: [card: 0, device: 12, type: 1]
06-27 14:55:28.905   980   980 D UsbAlsaManager: Adding ALSA device AlsaDevice: [card: 0, device: 13, type: 2]
06-27 14:55:28.905   980   980 D UsbAlsaManager: Adding ALSA device AlsaDevice: [card: 0, device: 13, type: 1]
06-27 14:55:28.905   980   980 D UsbAlsaManager: Adding ALSA device AlsaDevice: [card: 0, device: 14, type: 2]
06-27 14:55:28.905   980   980 D UsbAlsaManager: Adding ALSA device AlsaDevice: [card: 0, device: 14, type: 1]
06-27 14:55:28.905   980   980 D UsbAlsaManager: Adding ALSA device AlsaDevice: [card: 0, device: 15, type: 2]
06-27 14:55:28.905   980   980 D UsbAlsaManager: Adding ALSA device AlsaDevice: [card: 0, device: 15, type: 1]
06-27 14:55:28.905   980   980 D UsbAlsaManager: Adding ALSA device AlsaDevice: [card: 0, device: 16, type: 2]
06-27 14:55:28.905   980   980 D UsbAlsaManager: Adding ALSA device AlsaDevice: [card: 0, device: 19, type: 2]
06-27 14:55:28.905   980  3092 D VoldConnector: RCV <- {200 4 Command succeeded}
06-27 14:55:28.905   980   980 D UsbAlsaManager: Adding ALSA device AlsaDevice: [card: 0, device: 19, type: 1]
06-27 14:55:28.905   980   980 D UsbAlsaManager: Adding ALSA device AlsaDevice: [card: 0, device: 20, type: 2]
06-27 14:55:28.905   980   980 D UsbAlsaManager: Adding ALSA device AlsaDevice: [card: 0, device: 20, type: 1]
06-27 14:55:28.905   980   980 D UsbAlsaManager: Adding ALSA device AlsaDevice: [card: 0, device: 21, type: 1]
06-27 14:55:28.905   980   980 D UsbAlsaManager: Adding ALSA device AlsaDevice: [card: 0, device: 22, type: 2]
06-27 14:55:28.905   980   980 D UsbAlsaManager: Adding ALSA device AlsaDevice: [card: 0, device: 22, type: 1]
06-27 14:55:28.905   980   980 D UsbAlsaManager: Adding ALSA device AlsaDevice: [card: 0, device: 23, type: 2]
06-27 14:55:28.905   980   980 D UsbAlsaManager: Adding ALSA device AlsaDevice: [card: 0, device: 23, type: 1]
06-27 14:55:28.905   980   980 D UsbAlsaManager: Adding ALSA device AlsaDevice: [card: 0, device: 24, type: 2]
06-27 14:55:28.905   980   980 D UsbAlsaManager: Adding ALSA device AlsaDevice: [card: 0, device: 24, type: 1]
06-27 14:55:28.905   980   980 D UsbAlsaManager: Adding ALSA device AlsaDevice: [card: 0, device: 25, type: 2]
06-27 14:55:28.905   980   980 D UsbAlsaManager: Adding ALSA device AlsaDevice: [card: 0, device: 26, type: 1]
06-27 14:55:28.905   980   980 D UsbAlsaManager: Adding ALSA device AlsaDevice: [card: 0, device: 27, type: 2]
06-27 14:55:28.905   980   980 D UsbAlsaManager: Adding ALSA device AlsaDevice: [card: 0, device: 28, type: 2]
06-27 14:55:28.905   980   980 D UsbAlsaManager: Adding ALSA device AlsaDevice: [card: 0, device: 29, type: 2]
06-27 14:55:28.905   980   980 D UsbAlsaManager: Adding ALSA device AlsaDevice: [card: 0, device: 30, type: 2]
06-27 14:55:28.905   980   980 D UsbAlsaManager: Adding ALSA device AlsaDevice: [card: 0, device: 31, type: 2]
06-27 14:55:28.905   980   980 D UsbAlsaManager: Adding ALSA device AlsaDevice: [card: 0, device: 32, type: 2]
06-27 14:55:28.905   980   980 D UsbAlsaManager: Adding ALSA device AlsaDevice: [card: 0, device: 33, type: 2]
06-27 14:55:28.905   980   980 D UsbAlsaManager: Adding ALSA device AlsaDevice: [card: 0, device: 34, type: 2]
06-27 14:55:28.905   980   980 D UsbAlsaManager: Adding ALSA device AlsaDevice: [card: 0, device: 35, type: 2]
06-27 14:55:28.905   980   980 D UsbAlsaManager: Adding ALSA device AlsaDevice: [card: 0, device: 35, type: 1]
06-27 14:55:28.905   980   980 D UsbAlsaManager: Adding ALSA device AlsaDevice: [card: 0, device: 36, type: 2]
06-27 14:55:28.905   980   980 D UsbAlsaManager: Adding ALSA device AlsaDevice: [card: 0, device: 36, type: 1]
06-27 14:55:28.905   980   980 D UsbAlsaManager: Adding ALSA device AlsaDevice: [card: 0, device: 43, type: 2]
06-27 14:55:28.905   980   980 D UsbAlsaManager: Adding ALSA device AlsaDevice: [card: 0, device: 44, type: 2]
06-27 14:55:28.905   980   980 D UsbAlsaManager: Adding ALSA device AlsaDevice: [card: 0, device: 44, type: 1]
06-27 14:55:28.905   980   980 D UsbAlsaManager: Adding ALSA device AlsaDevice: [card: 0, device: 45, type: 2]
06-27 14:55:28.905   980   980 D UsbAlsaManager: Adding ALSA device AlsaDevice: [card: 0, device: 45, type: 1]
06-27 14:55:28.905   980   980 D UsbAlsaManager: Adding ALSA device AlsaDevice: [card: 0, device: 46, type: 2]
06-27 14:55:28.905   980   980 D UsbAlsaManager: Adding ALSA device AlsaDevice: [card: 0, device: 46, type: 1]
06-27 14:55:28.907   980   996 V MountService: Found primary storage at VolumeInfo{emulated}:
06-27 14:55:28.907   980   996 V MountService:     type=EMULATED diskId=null partGuid=null mountFlags=0 mountUserId=-1 
06-27 14:55:28.907   980   996 V MountService:     state=UNMOUNTED 
06-27 14:55:28.907   980   996 V MountService:     fsType=null fsUuid=null fsLabel=null 
06-27 14:55:28.907   980   996 V MountService:     path=null internalPath=null 
06-27 14:55:28.907   980  3091 D VoldConnector: SND -> {5 volume mount emulated 3 -1}
06-27 14:55:28.908   374   396 V vold    : Waiting for FUSE to spin up...
06-27 14:55:28.908   980  3092 D VoldConnector: RCV <- {651 emulated 1}
06-27 14:55:28.908   980  3092 D VoldConnector: RCV <- {656 emulated /data/media}
06-27 14:55:28.908   980  3092 D VoldConnector: RCV <- {655 emulated /storage/emulated}
06-27 14:55:28.910   980   980 I Zygote  : Process: zygote socket opened, supported ABIS: arm64-v8a
06-27 14:55:28.915   980   980 I ActivityManager: Start proc 3238:com.android.systemui/u0a21 for service com.android.systemui/.keyguard.KeyguardService
06-27 14:55:28.916   980   980 D org.mokee.platform.internal.ThemeManagerService: Prev api level was: 23, api is now: 23
06-27 14:55:28.923   980   980 I SystemServer: WebViewFactory preparation
06-27 14:55:28.926   980   980 I Zygote  : Process: zygote socket opened, supported ABIS: armeabi-v7a,armeabi
06-27 14:55:28.927   451   451 I art     : Starting a blocking GC Background
06-27 14:55:28.953   980   980 I ActivityManager: Start proc 3255:WebViewLoader-armeabi-v7a/1037 [android.webkit.WebViewFactory$RelroFileCreator] for 
06-27 14:55:28.958   980  3092 D VoldConnector: RCV <- {651 emulated 2}
06-27 14:55:28.958   980  3092 D VoldConnector: RCV <- {200 5 Command succeeded}
06-27 14:55:28.963  3255  3255 V WebViewFactory: RelroFileCreator (64bit = false),  32-bit lib: /system/app/webview/webview.apk!/lib/armeabi-v7a/libwebviewchromium.so, 64-bit lib: /system/app/webview/webview.apk!/lib/arm64-v8a/libwebviewchromium.so
06-27 14:55:28.964   980   980 I ActivityManager: Start proc 3265:WebViewLoader-arm64-v8a/1037 [android.webkit.WebViewFactory$RelroFileCreator] for 
06-27 14:55:28.964   980   980 W Warden  : No existing action block rules, starting empty.java.io.FileNotFoundException: /data/system/warden.xml: open failed: ENOENT (No such file or directory)
06-27 14:55:28.965  3265  3265 V WebViewFactory: RelroFileCreator (64bit = true),  32-bit lib: /system/app/webview/webview.apk!/lib/armeabi-v7a/libwebviewchromium.so, 64-bit lib: /system/app/webview/webview.apk!/lib/arm64-v8a/libwebviewchromium.so
06-27 14:55:28.977   980   994 I ActivityManager: Start proc 3281:com.android.externalstorage/u0a9 for broadcast com.android.externalstorage/.MountReceiver
06-27 14:55:28.978   980   980 D NetworkManagement: enabling bandwidth control
06-27 14:55:28.990   980   994 I ActivityManager: Start proc 3295:android.process.media/u0a8 for broadcast com.android.providers.media/.MtpReceiver
06-27 14:55:28.990  3238  3238 W System  : ClassLoader referenced unknown path: /system/priv-app/SystemUI/lib/arm64
06-27 14:55:29.006  3281  3281 W System  : ClassLoader referenced unknown path: /system/priv-app/ExternalStorageProvider/lib/arm64
06-27 14:55:29.009  3281  3281 D ExternalStorage: After updating volumes, found 1 active roots
06-27 14:55:29.011  3281  3281 D ExternalStorage: After updating volumes, found 1 active roots
06-27 14:55:29.012  3281  3281 D ExternalStorage: After updating volumes, found 1 active roots
06-27 14:55:29.023  3295  3295 W System  : ClassLoader referenced unknown path: /system/priv-app/MediaProvider/lib/arm64
06-27 14:55:29.029  3295  3295 W System  : ClassLoader referenced unknown path: /system/priv-app/DownloadProvider/lib/arm64
06-27 14:55:29.037   980   992 W Warden  : No existing action block rules, starting empty.java.io.FileNotFoundException: /data/system/warden.xml: open failed: ENOENT (No such file or directory)
06-27 14:55:29.044  3255  3255 I art     : System.exit called, status: 0
06-27 14:55:29.044  3255  3255 I AndroidRuntime: VM exiting with result code 0, cleanup skipped.
06-27 14:55:29.059  3238  3238 V SystemUIService: Starting SystemUI services.
06-27 14:55:29.065  3265  3265 I art     : System.exit called, status: 0
06-27 14:55:29.065  3265  3265 I AndroidRuntime: VM exiting with result code 0, cleanup skipped.
06-27 14:55:29.094   980   992 W Warden  : No existing action block rules, starting empty.java.io.FileNotFoundException: /data/system/warden.xml: open failed: ENOENT (No such file or directory)
06-27 14:55:29.109  3238  3325 E WVMExtractor: Failed to open libwvm.so: dlopen failed: library "libwvm.so" not found
06-27 14:55:29.111  3295  3295 D MtpService: starting MTP server in MTP mode
06-27 14:55:29.243  3238  3238 I vol.Events: writeEvent collection_started
06-27 14:55:29.247  3238  3379 I vol.Events: writeEvent external_ringer_mode_changed normal
06-27 14:55:29.248  3238  3379 I vol.Events: writeEvent internal_ringer_mode_changed normal
06-27 14:55:29.278  3238  3379 I vol.Events: writeEvent level_changed STREAM_ALARM 6
06-27 14:55:29.279  3238  3379 I vol.Events: writeEvent level_changed STREAM_BLUETOOTH_SCO 7
06-27 14:55:29.280  3238  3379 I vol.Events: writeEvent level_changed STREAM_MUSIC 4
06-27 14:55:29.284  3238  3379 I vol.Events: writeEvent level_changed STREAM_RING 5
06-27 14:55:29.285  3238  3379 I vol.Events: writeEvent level_changed STREAM_SYSTEM 5
06-27 14:55:29.286  3238  3238 D StorageNotification: Notifying about private volume: VolumeInfo{private}:
06-27 14:55:29.286  3238  3238 D StorageNotification:     type=PRIVATE diskId=null partGuid=null mountFlags=0 mountUserId=-1 
06-27 14:55:29.286  3238  3238 D StorageNotification:     state=MOUNTED 
06-27 14:55:29.286  3238  3238 D StorageNotification:     fsType=null fsUuid=null fsLabel=null 
06-27 14:55:29.286  3238  3238 D StorageNotification:     path=/data internalPath=null 
06-27 14:55:29.287  3238  3379 I vol.Events: writeEvent level_changed STREAM_VOICE_CALL 4
06-27 14:55:29.287  3384  3384 F libc    : page record for 0x7f86bb1010 was not found (block_size=128)
