06-27 14:55:57.001   459  4911 E mm-camera: stats_port_event:1698  stats_port_event: sanity fail event id=0
06-27 14:55:57.021   459  4911 E mm-camera: stats_port_event:1698  stats_port_event: sanity fail event id=0
06-27 14:55:57.040   459  4911 E mm-camera: stats_port_event:1698  stats_port_event: sanity fail event id=0
06-27 14:55:57.059   459  4911 E mm-camera: stats_port_event:1698  stats_port_event: sanity fail event id=0
06-27 14:55:57.076  3238  4388 I CameraManagerGlobal: Connecting to camera service
06-27 14:55:57.076  3238  4388 E CameraManagerGlobal: Camera service is unavailable
06-27 14:55:57.078   459  4911 E mm-camera: stats_port_event:1698  stats_port_event: sanity fail event id=0
06-27 14:55:57.098   459  4911 E mm-camera: stats_port_event:1698  stats_port_event: sanity fail event id=0
06-27 14:55:57.120   459  4911 E mm-camera: stats_port_event:1698  stats_port_event: sanity fail event id=0
06-27 14:55:57.138   459  4911 E mm-camera: stats_port_event:1698  stats_port_event: sanity fail event id=0
06-27 14:55:57.158   459  4911 E mm-camera: stats_port_event:1698  stats_port_event: sanity fail event id=0
06-27 14:55:57.180   459  4911 E mm-camera: stats_port_event:1698  stats_port_event: sanity fail event id=0
06-27 14:55:57.202   459  4911 E mm-camera: stats_port_event:1698  stats_port_event: sanity fail event id=0
06-27 14:55:57.222   459  4911 E mm-camera: stats_port_event:1698  stats_port_event: sanity fail event id=0
06-27 14:55:57.240   459  4911 E mm-camera: stats_port_event:1698  stats_port_event: sanity fail event id=0
06-27 14:55:57.260   459  4911 E mm-camera: stats_port_event:1698  stats_port_event: sanity fail event id=0
06-27 14:55:57.281   459  4911 E mm-camera: stats_port_event:1698  stats_port_event: sanity fail event id=0
06-27 14:55:57.302   459  4911 E mm-camera: stats_port_event:1698  stats_port_event: sanity fail event id=0
06-27 14:55:57.323   459  4911 E mm-camera: stats_port_event:1698  stats_port_event: sanity fail event id=0
06-27 14:55:57.342   459  4911 E mm-camera: stats_port_event:1698  stats_port_event: sanity fail event id=0
06-27 14:55:57.362   459  4911 E mm-camera: stats_port_event:1698  stats_port_event: sanity fail event id=0
06-27 14:55:57.383   459  4911 E mm-camera: stats_port_event:1698  stats_port_event: sanity fail event id=0
06-27 14:55:57.400   459  4911 E mm-camera: stats_port_event:1698  stats_port_event: sanity fail event id=0
06-27 14:55:57.424   459  4911 E mm-camera: stats_port_event:1698  stats_port_event: sanity fail event id=0
06-27 14:55:57.443   459  4911 E mm-camera: stats_port_event:1698  stats_port_event: sanity fail event id=0
06-27 14:55:57.464   459  4911 E mm-camera: stats_port_event:1698  stats_port_event: sanity fail event id=0
06-27 14:55:57.483   459  4911 E mm-camera: stats_port_event:1698  stats_port_event: sanity fail event id=0
06-27 14:55:57.502   459  4911 E mm-camera: stats_port_event:1698  stats_port_event: sanity fail event id=0
06-27 14:55:57.523   459  4911 E mm-camera: stats_port_event:1698  stats_port_event: sanity fail event id=0
06-27 14:55:57.543   459  4911 E mm-camera: stats_port_event:1698  stats_port_event: sanity fail event id=0
06-27 14:55:57.563   459  4911 E mm-camera: stats_port_event:1698  stats_port_event: sanity fail event id=0
06-27 14:55:57.583   459  4911 E mm-camera: stats_port_event:1698  stats_port_event: sanity fail event id=0
06-27 14:55:57.603   459  4911 E mm-camera: stats_port_event:1698  stats_port_event: sanity fail event id=0
06-27 14:55:57.624   459  4911 E mm-camera: stats_port_event:1698  stats_port_event: sanity fail event id=0
06-27 14:55:57.644   459  4911 E mm-camera: stats_port_event:1698  stats_port_event: sanity fail event id=0
06-27 14:55:57.664   459  4911 E mm-camera: stats_port_event:1698  stats_port_event: sanity fail event id=0
06-27 14:55:57.684   459  4911 E mm-camera: stats_port_event:1698  stats_port_event: sanity fail event id=0
06-27 14:55:57.703   459  4911 E mm-camera: stats_port_event:1698  stats_port_event: sanity fail event id=0
06-27 14:55:57.724   459  4911 E mm-camera: stats_port_event:1698  stats_port_event: sanity fail event id=0
06-27 14:55:57.744   459  4911 E mm-camera: stats_port_event:1698  stats_port_event: sanity fail event id=0
06-27 14:55:57.763   459  4911 E mm-camera: stats_port_event:1698  stats_port_event: sanity fail event id=0
06-27 14:55:57.782   459  4911 E mm-camera: stats_port_event:1698  stats_port_event: sanity fail event id=0
06-27 14:55:57.804   459  4911 E mm-camera: stats_port_event:1698  stats_port_event: sanity fail event id=0
06-27 14:55:57.824   459  4911 E mm-camera: stats_port_event:1698  stats_port_event: sanity fail event id=0
06-27 14:55:57.844   459  4911 E mm-camera: stats_port_event:1698  stats_port_event: sanity fail event id=0
06-27 14:55:57.864   459  4911 E mm-camera: stats_port_event:1698  stats_port_event: sanity fail event id=0
06-27 14:55:57.881   459  4911 E mm-camera: stats_port_event:1698  stats_port_event: sanity fail event id=0
06-27 14:55:57.903   459  4911 E mm-camera: stats_port_event:1698  stats_port_event: sanity fail event id=0
06-27 14:55:57.918   980  3101 D ConnectivityService: handlePromptUnvalidated 100
06-27 14:55:57.924   459  4911 E mm-camera: stats_port_event:1698  stats_port_event: sanity fail event id=0
06-27 14:55:57.944   459  4911 E mm-camera: stats_port_event:1698  stats_port_event: sanity fail event id=0
06-27 14:55:57.964   459  4911 E mm-camera: stats_port_event:1698  stats_port_event: sanity fail event id=0
06-27 14:55:57.984   459  4911 E mm-camera: stats_port_event:1698  stats_port_event: sanity fail event id=0
06-27 14:55:58.004   459  4911 E mm-camera: stats_port_event:1698  stats_port_event: sanity fail event id=0
06-27 14:55:58.024   459  4911 E mm-camera: stats_port_event:1698  stats_port_event: sanity fail event id=0
06-27 14:55:58.042   459  4911 E mm-camera: stats_port_event:1698  stats_port_event: sanity fail event id=0
06-27 14:55:58.064   459  4911 E mm-camera: stats_port_event:1698  stats_port_event: sanity fail event id=0
06-27 14:55:58.082   459  4911 E mm-camera: stats_port_event:1698  stats_port_event: sanity fail event id=0
06-27 14:55:58.101   459  4911 E mm-camera: stats_port_event:1698  stats_port_event: sanity fail event id=0
06-27 14:55:58.116  3238  4388 I CameraManagerGlobal: Connecting to camera service
06-27 14:55:58.117  3238  4388 E CameraManagerGlobal: Camera service is unavailable
06-27 14:55:58.123   459  4911 E mm-camera: stats_port_event:1698  stats_port_event: sanity fail event id=0
06-27 14:55:58.143   459  4911 E mm-camera: stats_port_event:1698  stats_port_event: sanity fail event id=0
06-27 14:55:58.164   459  4911 E mm-camera: stats_port_event:1698  stats_port_event: sanity fail event id=0
06-27 14:55:58.184   459  4911 E mm-camera: stats_port_event:1698  stats_port_event: sanity fail event id=0
06-27 14:55:58.205   459  4911 E mm-camera: stats_port_event:1698  stats_port_event: sanity fail event id=0
06-27 14:55:58.226   459  4911 E mm-camera: stats_port_event:1698  stats_port_event: sanity fail event id=0
06-27 14:55:58.245   459  4911 E mm-camera: stats_port_event:1698  stats_port_event: sanity fail event id=0
06-27 14:55:58.266   459  4911 E mm-camera: stats_port_event:1698  stats_port_event: sanity fail event id=0
06-27 14:55:58.286   459  4911 E mm-camera: stats_port_event:1698  stats_port_event: sanity fail event id=0
06-27 14:55:58.305   459  4911 E mm-camera: stats_port_event:1698  stats_port_event: sanity fail event id=0
06-27 14:55:58.326   459  4911 E mm-camera: stats_port_event:1698  stats_port_event: sanity fail event id=0
06-27 14:55:58.345   459  4911 E mm-camera: stats_port_event:1698  stats_port_event: sanity fail event id=0
06-27 14:55:58.366   459  4911 E mm-camera: stats_port_event:1698  stats_port_event: sanity fail event id=0
06-27 14:55:58.386   459  4911 E mm-camera: stats_port_event:1698  stats_port_event: sanity fail event id=0
06-27 14:55:58.406   459  4911 E mm-camera: stats_port_event:1698  stats_port_event: sanity fail event id=0
06-27 14:55:58.426   459  4911 E mm-camera: stats_port_event:1698  stats_port_event: sanity fail event id=0
06-27 14:55:58.446   459  4911 E mm-camera: stats_port_event:1698  stats_port_event: sanity fail event id=0
06-27 14:55:58.466   459  4911 E mm-camera: stats_port_event:1698  stats_port_event: sanity fail event id=0
06-27 14:55:58.486   459  4911 E mm-camera: stats_port_event:1698  stats_port_event: sanity fail event id=0
06-27 14:55:58.506   459  4911 E mm-camera: stats_port_event:1698  stats_port_event: sanity fail event id=0
06-27 14:55:58.526   459  4911 E mm-camera: stats_port_event:1698  stats_port_event: sanity fail event id=0
06-27 14:55:58.546   459  4911 E mm-camera: stats_port_event:1698  stats_port_event: sanity fail event id=0
06-27 14:55:58.567   459  4911 E mm-camera: stats_port_event:1698  stats_port_event: sanity fail event id=0
06-27 14:55:58.587   459  4911 E mm-camera: stats_port_event:1698  stats_port_event: sanity fail event id=0
06-27 14:55:58.607   459  4911 E mm-camera: stats_port_event:1698  stats_port_event: sanity fail event id=0
06-27 14:55:58.626   459  4911 E mm-camera: stats_port_event:1698  stats_port_event: sanity fail event id=0
06-27 14:55:58.647   459  4911 E mm-camera: stats_port_event:1698  stats_port_event: sanity fail event id=0
06-27 14:55:58.667   459  4911 E mm-camera: stats_port_event:1698  stats_port_event: sanity fail event id=0
06-27 14:55:58.687   459  4911 E mm-camera: stats_port_event:1698  stats_port_event: sanity fail event id=0
06-27 14:55:58.707   459  4911 E mm-camera: stats_port_event:1698  stats_port_event: sanity fail event id=0
06-27 14:55:58.727   459  4911 E mm-camera: stats_port_event:1698  stats_port_event: sanity fail event id=0
06-27 14:55:58.746   459  4911 E mm-camera: stats_port_event:1698  stats_port_event: sanity fail event id=0
06-27 14:55:58.750   980  1001 I PowerManagerService: Going to sleep due to screen timeout (uid 1000)...
06-27 14:55:58.766   459  4911 E mm-camera: stats_port_event:1698  stats_port_event: sanity fail event id=0
06-27 14:55:58.783   980  1001 I Adreno  : QUALCOMM build                   : 5a2e917, Iae42b9ed90
06-27 14:55:58.783   980  1001 I Adreno  : Build Date                       : 03/28/16
06-27 14:55:58.783   980  1001 I Adreno  : OpenGL ES Shader Compiler Version: E031.25.03.09
06-27 14:55:58.783   980  1001 I Adreno  : Local Branch                     : 
06-27 14:55:58.783   980  1001 I Adreno  : Remote Branch                    : 
06-27 14:55:58.783   980  1001 I Adreno  : Remote Branch                    : 
06-27 14:55:58.783   980  1001 I Adreno  : Reconstruct Branch               : 
06-27 14:55:58.784   459  4911 E mm-camera: stats_port_event:1698  stats_port_event: sanity fail event id=0
06-27 14:55:58.803   459  4911 E mm-camera: stats_port_event:1698  stats_port_event: sanity fail event id=0
06-27 14:55:58.818   423  4411 D PermissionCache: checking android.permission.READ_FRAME_BUFFER for uid=1000 => granted (225 us)
06-27 14:55:58.824   459  4911 E mm-camera: stats_port_event:1698  stats_port_event: sanity fail event id=0
06-27 14:55:58.838  3911  3911 D wpa_supplicant: wlan0: Control interface command 'SIGNAL_POLL'
06-27 14:55:58.841  3911  3911 D wpa_supplicant: CTRL-DEBUG: global_ctrl_sock-sendto: sock=10 sndbuf=212992 outq=0 send_len=49
06-27 14:55:58.844   459  4911 E mm-camera: stats_port_event:1698  stats_port_event: sanity fail event id=0
06-27 14:55:58.863   459  4911 E mm-camera: stats_port_event:1698  stats_port_event: sanity fail event id=0
06-27 14:55:58.884   459  4911 E mm-camera: stats_port_event:1698  stats_port_event: sanity fail event id=0
06-27 14:55:58.904   459  4911 E mm-camera: stats_port_event:1698  stats_port_event: sanity fail event id=0
06-27 14:55:58.923   459  4911 E mm-camera: stats_port_event:1698  stats_port_event: sanity fail event id=0
06-27 14:55:58.944   459  4911 E mm-camera: stats_port_event:1698  stats_port_event: sanity fail event id=0
06-27 14:55:58.965   459  4911 E mm-camera: stats_port_event:1698  stats_port_event: sanity fail event id=0
06-27 14:55:58.985   459  4911 E mm-camera: stats_port_event:1698  stats_port_event: sanity fail event id=0
06-27 14:55:59.004   459  4911 E mm-camera: stats_port_event:1698  stats_port_event: sanity fail event id=0
06-27 14:55:59.026   459  4911 E mm-camera: stats_port_event:1698  stats_port_event: sanity fail event id=0
06-27 14:55:59.045   459  4911 E mm-camera: stats_port_event:1698  stats_port_event: sanity fail event id=0
06-27 14:55:59.065   459  4911 E mm-camera: stats_port_event:1698  stats_port_event: sanity fail event id=0
06-27 14:55:59.084   459  4911 E mm-camera: stats_port_event:1698  stats_port_event: sanity fail event id=0
06-27 14:55:59.105   459  4911 E mm-camera: stats_port_event:1698  stats_port_event: sanity fail event id=0
06-27 14:55:59.126   459  4911 E mm-camera: stats_port_event:1698  stats_port_event: sanity fail event id=0
06-27 14:55:59.146   459  4911 E mm-camera: stats_port_event:1698  stats_port_event: sanity fail event id=0
06-27 14:55:59.156  3238  4388 I CameraManagerGlobal: Connecting to camera service
06-27 14:55:59.158  3238  4388 E CameraManagerGlobal: Camera service is unavailable
06-27 14:55:59.166   459  4911 E mm-camera: stats_port_event:1698  stats_port_event: sanity fail event id=0
06-27 14:55:59.185   459  4911 E mm-camera: stats_port_event:1698  stats_port_event: sanity fail event id=0
06-27 14:55:59.206   459  4911 E mm-camera: stats_port_event:1698  stats_port_event: sanity fail event id=0
06-27 14:55:59.226   459  4911 E mm-camera: stats_port_event:1698  stats_port_event: sanity fail event id=0
06-27 14:55:59.246   459  4911 E mm-camera: stats_port_event:1698  stats_port_event: sanity fail event id=0
06-27 14:55:59.265   459  4911 E mm-camera: stats_port_event:1698  stats_port_event: sanity fail event id=0
06-27 14:55:59.285   459  4911 E mm-camera: stats_port_event:1698  stats_port_event: sanity fail event id=0
06-27 14:55:59.305   459  4911 E mm-camera: stats_port_event:1698  stats_port_event: sanity fail event id=0
06-27 14:55:59.328   459  4911 E mm-camera: stats_port_event:1698  stats_port_event: sanity fail event id=0
06-27 14:55:59.346   459  4911 E mm-camera: stats_port_event:1698  stats_port_event: sanity fail event id=0
06-27 14:55:59.352   980  1001 V KeyguardServiceDelegate: onScreenTurnedOff()
06-27 14:55:59.360   980  1001 E libEGL  : call to OpenGL ES API with no current context (logged once per thread)
06-27 14:55:59.362   980   999 I DisplayManagerService: Display device changed state: "内置屏幕", OFF
06-27 14:55:59.362   423   423 D SurfaceFlinger: Set power mode=0, type=0 flinger=0x55bf5f34f0
06-27 14:55:59.362   423   423 D qdhwcomposer: hwc_setPowerMode: Setting mode 0 on display: 0
06-27 14:55:59.365   459  4911 E mm-camera: stats_port_event:1698  stats_port_event: sanity fail event id=0
06-27 14:55:59.389   459  4911 E mm-camera: stats_port_event:1698  stats_port_event: sanity fail event id=0
06-27 14:55:59.406   459  4911 E mm-camera: stats_port_event:1698  stats_port_event: sanity fail event id=0
06-27 14:55:59.425   459  4911 E mm-camera: stats_port_event:1698  stats_port_event: sanity fail event id=0
06-27 14:55:59.446   459  4911 E mm-camera: stats_port_event:1698  stats_port_event: sanity fail event id=0
06-27 14:55:59.466   459  4911 E mm-camera: stats_port_event:1698  stats_port_event: sanity fail event id=0
06-27 14:55:59.487   459  4911 E mm-camera: stats_port_event:1698  stats_port_event: sanity fail event id=0
06-27 14:55:59.506   459  4911 E mm-camera: stats_port_event:1698  stats_port_event: sanity fail event id=0
06-27 14:55:59.528   459  4911 E mm-camera: stats_port_event:1698  stats_port_event: sanity fail event id=0
06-27 14:55:59.547   459  4911 E mm-camera: stats_port_event:1698  stats_port_event: sanity fail event id=0
06-27 14:55:59.558   423   685 I qdhwcomposer: handle_blank_event: dpy:0 panel power state: 0
06-27 14:55:59.566   459  4911 E mm-camera: stats_port_event:1698  stats_port_event: sanity fail event id=0
06-27 14:55:59.581   423   423 D qdhwcomposer: hwc_setPowerMode: Done setting mode 0 on display 0
06-27 14:55:59.581   980  3234 D SurfaceControl: Excessive delay in setPowerMode(): 220ms
06-27 14:55:59.582   980  1001 E QCOM PowerHAL: Failed to acquire lock.
06-27 14:55:59.584   980  1001 I PowerManagerService: Sleeping (uid 1000)...
06-27 14:55:59.585   459  4911 E mm-camera: stats_port_event:1698  stats_port_event: sanity fail event id=0
06-27 14:55:59.595  3238  3238 D PhoneStatusBar: disable: < expand ICONS alerts SYSTEM_INFO back HOME RECENT clock SEARCH quick_settings >
06-27 14:55:59.595   980  3099 D WifiConfigStore: Retrieve network priorities after PNO.
06-27 14:55:59.595   980  3099 E wifi_gbk2utf: g_pItemList is NULL
06-27 14:55:59.596  3911  3911 D wpa_supplicant: wlan0: Control interface command 'SET_NETWORK [REMOVED]'
06-27 14:55:59.596  3911  3911 D wpa_supplicant: CTRL_IFACE: SET_NETWORK id=0 name='priority'
06-27 14:55:59.596  3911  3911 D wpa_supplicant: CTRL_IFACE: value - hexdump(len=1): [REMOVED]
06-27 14:55:59.596  3911  3911 D wpa_supplicant: priority=1 (0x1)
06-27 14:55:59.596  3911  3911 D wpa_supplicant: CTRL-DEBUG: global_ctrl_sock-sendto: sock=10 sndbuf=212992 outq=0 send_len=3
06-27 14:55:59.596  3911  3911 D wpa_supplicant: wlan0: Control interface command 'SET pno 0'
06-27 14:55:59.596  3911  3911 D wpa_supplicant: CTRL_IFACE SET 'pno'='0'
06-27 14:55:59.596  3911  3911 D wpa_supplicant: CTRL-DEBUG: global_ctrl_sock-sendto: sock=10 sndbuf=212992 outq=0 send_len=3
06-27 14:55:59.597  3911  3911 D wpa_supplicant: wlan0: Control interface command 'SIGNAL_POLL'
06-27 14:55:59.599  3911  3911 D wpa_supplicant: CTRL-DEBUG: global_ctrl_sock-sendto: sock=10 sndbuf=212992 outq=0 send_len=49
06-27 14:55:59.600   980  3099 E native  : do suspend false
06-27 14:55:59.600  3911  3911 D wpa_supplicant: wlan0: Control interface command 'DRIVER SETSUSPENDMODE 0'
06-27 14:55:59.600  3911  3911 D wpa_supplicant: wpa_driver_nl80211_driver_cmd SETSUSPENDMODE 0 len = 0, 4096
06-27 14:55:59.600  3911  3911 D wpa_supplicant: CTRL-DEBUG: global_ctrl_sock-sendto: sock=10 sndbuf=212992 outq=0 send_len=3
06-27 14:55:59.600   980  3099 D WifiConfigStore: No blacklist allowed without epno enabled
06-27 14:55:59.605   459  4911 E mm-camera: stats_port_event:1698  stats_port_event: sanity fail event id=0
06-27 14:55:59.626   459  4911 E mm-camera: stats_port_event:1698  stats_port_event: sanity fail event id=0
06-27 14:55:59.647   459  4911 E mm-camera: stats_port_event:1698  stats_port_event: sanity fail event id=0
06-27 14:55:59.668   459  4911 E mm-camera: stats_port_event:1698  stats_port_event: sanity fail event id=0
06-27 14:55:59.688   459  4911 E mm-camera: stats_port_event:1698  stats_port_event: sanity fail event id=0
06-27 14:55:59.707   459  4911 E mm-camera: stats_port_event:1698  stats_port_event: sanity fail event id=0
06-27 14:55:59.729   459  4911 E mm-camera: stats_port_event:1698  stats_port_event: sanity fail event id=0
06-27 14:55:59.749   459  4911 E mm-camera: stats_port_event:1698  stats_port_event: sanity fail event id=0
06-27 14:55:59.770   459  4911 E mm-camera: stats_port_event:1698  stats_port_event: sanity fail event id=0
06-27 14:55:59.789   459  4911 E mm-camera: stats_port_event:1698  stats_port_event: sanity fail event id=0
06-27 14:55:59.810   459  4911 E mm-camera: stats_port_event:1698  stats_port_event: sanity fail event id=0
06-27 14:55:59.828   459  4911 E mm-camera: stats_port_event:1698  stats_port_event: sanity fail event id=0
06-27 14:55:59.848   459  4911 E mm-camera: stats_port_event:1698  stats_port_event: sanity fail event id=0
06-27 14:55:59.865  4937  4937 F libc    : page record for 0x7f8b899010 was not found (block_size=128)
06-27 14:55:59.868   459  4911 E mm-camera: stats_port_event:1698  stats_port_event: sanity fail event id=0
06-27 14:55:59.890   459  4911 E mm-camera: stats_port_event:1698  stats_port_event: sanity fail event id=0
06-27 14:55:59.904   459  4927 D mm-camera: mct: mct_pipeline_process_set:command=800000b
06-27 14:55:59.904   459  4927 E mm-camera: mct: mct_pipeline_process_set:2153: Couldn't find stream id: 0
06-27 14:55:59.904   459   459 D mm-camera: mct: mct_controller_destroy: Initiating destroy sequence
06-27 14:55:59.905   459  4928 D mm-camera: mct: mct_bus_handler_thread_run: Force Exit
06-27 14:55:59.905   459   459 D mm-camera: mct: mct_controller_destroy: bus_handler thread closed
06-27 14:55:59.905   459   459 D mm-camera: mct: mct_pipeline_stop_session - E
06-27 14:55:59.905   459   459 D mm-camera: mct: mct_pipeline_process_set:command=800000b
06-27 14:55:59.905   459   459 D mm-camera: mct: mct_pipeline_process_set: Issuing DEL_STREAM on stream 0x3000f and stream type=10
06-27 14:55:59.905   459   459 I mm-camera-sensor: port_sensor_unlink_func:298ide 3000f
06-27 14:55:59.905   459   459 E mm-camera: port_iface_ext_unlink_func: E, identity = 0x3000f, port = 0xaafde890, direction = 2
06-27 14:55:59.906   459   459 I mm-camera-sensor: port_sensor_caps_unreserve:205ide 3000f
06-27 14:55:59.906   459   459 E mm-camera: port_iface_check_caps_unreserve_func:  E, identity = 0x3000f, port = 0xaafde890, direction = 2
06-27 14:55:59.906   459   459 E mm-camera: iface_unreserve_sink_port: stream_id f mode 0 
06-27 14:55:59.906   459  4911 E mm-camera: stats_port_event:1698  stats_port_event: sanity fail event id=0
06-27 14:55:59.906   459   459 E mm-camera: port_iface_ext_unlink_func: E, identity = 0x3000f, port = 0xaafdef30, direction = 1
06-27 14:55:59.906   459   459 E mm-camera: iface_ext_unlink_src_port: mct stream already removed from hw stream
06-27 14:55:59.906   459   459 E mm-camera: port_iface_check_caps_unreserve_func:  E, identity = 0x3000f, port = 0xaafdef30, direction = 1
06-27 14:55:59.907   459   459 E mm-camera: isp_port_check_caps_unreserve:826 ide 3000f port 0xab02d2c8
06-27 14:55:59.907   459   459 E mm-camera: c2d_port_check_caps_unreserve:183, identity=0x3000f
06-27 14:55:59.907   459   459 E mm-camera: c2d_port_check_caps_unreserve:193, identity=0x3000f, unreserved
06-27 14:55:59.912   459   459 E mm-camera: c2d_port_check_caps_unreserve:183, identity=0x3000f
06-27 14:55:59.912   459   459 E mm-camera: c2d_port_check_caps_unreserve:193, identity=0x3000f, unreserved
06-27 14:55:59.912   459   459 E mm-camera: cpp_port_check_caps_unreserve:164, identity=0x3000f
06-27 14:55:59.912   459   459 E mm-camera: cpp_port_check_caps_unreserve:174, identity=0x3000f, unreserved
06-27 14:55:59.912   459   459 E mm-camera: cpp_port_check_caps_unreserve:164, identity=0x3000f
06-27 14:55:59.912   459   459 E mm-camera: cpp_port_check_caps_unreserve:174, identity=0x3000f, unreserved
06-27 14:55:59.912   459   459 E mm-camera: module_afs_port_check_caps_unreserve:1453] 
06-27 14:55:59.912   459   459 E mm-camera: module_afs_port_check_caps_unreserve:1461] destroy client
06-27 14:55:59.914   459   459 E mm-camera: q3a_thread_af_stop:665  q3a_thread_af_stop:665 MSG_STOP_THREAD
06-27 14:55:59.925   459   459 D mm-camera: stats_port_delete_reserved_stream:2349: going to NULL peer
06-27 14:55:59.925   459   459 D mm-camera: mct: mct_pipeline_process_set: Stream 0x3000f and stream type=10, successfully deleted
06-27 14:55:59.926   459  4941 D mm-camera: mct: mct_pipeline_stop_session_thread: Stop module name: sensor - E
06-27 14:55:59.926   459  4941 I mm-camera: module_sensor_stop_session:1394session 3
06-27 14:55:59.927   459  4942 D mm-camera: mct: mct_pipeline_stop_session_thread: Stop module name: iface - E
06-27 14:55:59.928   459  4943 D mm-camera: mct: mct_pipeline_stop_session_thread: Stop module name: isp - E
06-27 14:55:59.928   459  4943 E mm-camera-isp2: isp_module_stop_session:414 session id 3
06-27 14:55:59.928   459  4942 D mm-camera: mct: mct_pipeline_stop_session_thread: Stop module name: iface - X
06-27 14:55:59.932   459  4944 D mm-camera: mct: mct_pipeline_stop_session_thread: Stop module name: stats - E
06-27 14:55:59.937   459  4943 D mm-camera: mct: mct_pipeline_stop_session_thread: Stop module name: isp - X
06-27 14:55:59.937   459  4945 D mm-camera: mct: mct_pipeline_stop_session_thread: Stop module name: pproc - E
06-27 14:55:59.937   459  4945 E mm-camera: cpp_module_stop_session:531, info: stopping session 3 ...
06-27 14:55:59.937   459  4914 E mm-camera: cpp_thread_process_pipe_message:579, CPP_THREAD_MSG_ABORT: cpp_thread exiting..
06-27 14:55:59.940   459  4944 D mm-camera: mct: mct_pipeline_stop_session_thread: Stop module name: stats - X
06-27 14:55:59.940   459  4946 D mm-camera: mct: mct_pipeline_stop_session_thread: Stop module name: imglib - E
06-27 14:55:59.940   459   459 D mm-camera: mct: mct_pipeline_stop_session: left modules: 5
06-27 14:55:59.940   459   459 D mm-camera: mct: mct_pipeline_stop_session: left modules: 4
06-27 14:55:59.940   459   459 D mm-camera: mct: mct_pipeline_stop_session: left modules: 3
06-27 14:55:59.940   459  4946 E mm-camera: module_faceproc_stop_session:1786] session cnt 1
06-27 14:55:59.943   459  4945 E mm-camera: cpp_module_stop_session:580, info: session 3 stopped.
06-27 14:55:59.943   459  4945 E mm-camera: c2d_module_stop_session:354, info: stopping session 3 ...
06-27 14:55:59.943   459  4915 E mm-camera: c2d_thread_process_pipe_message:823, C2D_THREAD_MSG_ABORT: c2d_thread exiting..
06-27 14:55:59.944   459  4946 D mm-camera: mct: mct_pipeline_stop_session_thread: Stop module name: imglib - X
06-27 14:55:59.944   459   459 D mm-camera: mct: mct_pipeline_stop_session: left modules: 2
06-27 14:55:59.946   459  4945 E mm-camera: c2d_module_stop_session:399, info: session 3 stopped.
06-27 14:55:59.947   459  4945 E mm-camera-pp: [INFO] base_module_stop_session:98, E, session=3
06-27 14:55:59.948   459  4945 E cac2    :  [cac2latency] cac2_destroy_buffers: 0 ms 
06-27 14:55:59.949   459  4945 D mm-camera: mct: mct_pipeline_stop_session_thread: Stop module name: pproc - X
06-27 14:55:59.950   459   459 D mm-camera: mct: mct_pipeline_stop_session: left modules: 1
06-27 14:55:59.968   459  4941 D mm-camera: mct: mct_pipeline_stop_session_thread: Stop module name: sensor - X
06-27 14:55:59.968   459   459 D mm-camera: mct: mct_pipeline_stop_session: left modules: 0
06-27 14:55:59.968   459   459 D mm-camera: mct: mct_pipeline_stop_session - X
06-27 14:55:59.968   459   459 D mm-camera: mct: mct_pipeline_destroy E: session:3 
06-27 14:55:59.968   459  4913 I mm-camera-sensor: sensor_thread_func:153sensor_thread_func:Sensor thread is exiting
06-27 14:55:59.969   459   459 D mm-camera: mct: mct_pipeline_destroy X: Pipeline destroyed successfully
06-27 14:55:59.969   459   459 D mm-camera: mct: mct_controller_destroy: X Successfully closed mct_controller
06-27 14:56:00.098  3911  3911 D wpa_supplicant: wlan0: Control interface command 'SCAN TYPE=ONLY'
06-27 14:56:00.098  3911  3911 D wpa_supplicant: wlan0: Setting scan request: 0.000000 sec
06-27 14:56:00.098  3911  3911 D wpa_supplicant: CTRL-DEBUG: global_ctrl_sock-sendto: sock=10 sndbuf=212992 outq=0 send_len=3
06-27 14:56:00.099  3911  3911 D wpa_supplicant: wlan0: Starting AP scan for wildcard SSID
06-27 14:56:00.099  3911  3911 D wpa_supplicant: wlan0: Add radio work 'scan'@0x559af16850
06-27 14:56:00.099  3911  3911 D wpa_supplicant: wlan0: First radio work item in the queue - schedule start immediately
06-27 14:56:00.099  3911  3911 D wpa_supplicant: wlan0: Starting radio work 'scan'@0x559af16850 after 0.000138 second wait
06-27 14:56:00.099  3911  3911 D wpa_supplicant: wlan0: nl80211: scan request
06-27 14:56:00.099  3911  3911 D wpa_supplicant: nl80211: Scan SSID - hexdump(len=0): [NULL]
06-27 14:56:00.099  3911  3911 D wpa_supplicant: nl80211: Scan extra IEs - hexdump(len=7): 7f 05 00 00 0a 02 01
06-27 14:56:00.100   980  3910 E WifiHAL : Received UMAC message with insufficent length: 914
06-27 14:56:00.101   980  3910 E WifiHAL : Received UMAC message with insufficent length: 48
06-27 14:56:00.105  3911  3911 D wpa_supplicant: Scan requested (ret=0) - scan timeout 30 seconds
06-27 14:56:00.105  3911  3911 D wpa_supplicant: nl80211: Event message available
06-27 14:56:00.105  3911  3911 D wpa_supplicant: nl80211: Drv Event 33 (NL80211_CMD_TRIGGER_SCAN) received for wlan0
06-27 14:56:00.105  3911  3911 D wpa_supplicant: wlan0: nl80211: Scan trigger
06-27 14:56:00.105  3911  3911 D wpa_supplicant: wlan0: Event SCAN_STARTED (47) received
06-27 14:56:00.106  3911  3911 D wpa_supplicant: wlan0: Own scan request started a scan in 0.000765 seconds
06-27 14:56:00.106  3911  3911 D wpa_supplicant: CTRL-DEBUG: ctrl_sock-sendmsg: sock=10 sndbuf=212992 outq=0 send_len=24
06-27 14:56:00.108  3911  3911 D wpa_supplicant: CTRL_IFACE monitor sent successfully to /data/misc/wifi/sockets/wpa_ctrl_980-2\x00
06-27 14:56:00.199  3238  4388 I CameraManagerGlobal: Connecting to camera service
06-27 14:56:00.407  4440  4949 I chatty  : uid=1013(media) AudioOut_2 expire 7 lines
06-27 14:56:00.415  4440  4951 I chatty  : uid=1013(media) AudioOut_5 expire 7 lines
06-27 14:56:00.423  4440  4952 I chatty  : uid=1013(media) /system/bin/mediaserver expire 1 line
06-27 14:56:00.426  4440  4440 I chatty  : uid=1013(media) /system/bin/mediaserver expire 17 lines
06-27 14:56:00.427  4440  4953 I chatty  : uid=1013(media) /system/bin/mediaserver expire 1 line
06-27 14:56:00.810  4440  4440 I chatty  : uid=1013(media) /system/bin/mediaserver expire 2 lines
06-27 14:56:00.814  4440  4954 I chatty  : uid=1013(media) Binder_1 expire 2 lines
06-27 14:56:00.815  4440  4955 I chatty  : uid=1013(media) Binder_2 expire 1 line
06-27 14:56:00.817  4440  4949 I chatty  : uid=1013(media) AudioOut_2 expire 1 line
06-27 14:56:00.818  4440  4954 I chatty  : uid=1013(media) Binder_1 expire 4 lines
06-27 14:56:00.819  4440  4955 I chatty  : uid=1013(media) Binder_2 expire 4 lines
06-27 14:56:00.821  4440  4951 I chatty  : uid=1013(media) AudioOut_5 expire 1 line
06-27 14:56:00.826  4440  4955 I chatty  : uid=1013(media) Binder_2 expire 1 line
06-27 14:56:00.831  4440  4954 I chatty  : uid=1013(media) Binder_1 expire 2 lines
06-27 14:56:00.844  4440  4955 I chatty  : uid=1013(media) Binder_2 expire 1 line
06-27 14:56:00.844  4440  4957 D audio_hw_primary: adev_set_parameters: enter: restarting=false
06-27 14:56:00.844  4440  4957 V msm8974_platform: platform_set_parameters: enter: restarting=false
06-27 14:56:00.844  4440  4957 V msm8974_platform: platform_set_parameters: exit with code(0)
06-27 14:56:00.844  4440  4957 V audio_hw_primary: adev_set_parameters: exit with code(0)
06-27 14:56:00.844  4440  4957 E bt_a2dp_hw: adev_set_parameters: ERROR: set param called even when stream out is null
06-27 14:56:00.853  4440  4956 E WVMExtractor: Failed to open libwvm.so: dlopen failed: library "libwvm.so" not found
06-27 14:56:00.903  3295  4546 W MediaScanner: forcing rescan of /system/media/audio/ringtones/Hello.oggsince ringtone setting didn't finish
06-27 14:56:00.980   980  3099 D WifiStateMachine: L2Connected CMD_START_SCAN source -2 3, 7 -> obsolete
06-27 14:56:01.023  3295  4546 W MediaScanner: Error opening directory '/oem/media/', skipping: No such file or directory.
06-27 14:56:01.031  4440  4955 D audio_hw_primary: adev_set_parameters: enter: screen_state=off
06-27 14:56:01.031  4440  4955 V msm8974_platform: platform_set_parameters: enter: screen_state=off
06-27 14:56:01.031  4440  4955 V msm8974_platform: platform_set_parameters: exit with code(0)
06-27 14:56:01.031  4440  4955 V audio_hw_primary: adev_set_parameters: exit with code(0)
06-27 14:56:01.031  4440  4955 E bt_a2dp_hw: adev_set_parameters: ERROR: set param called even when stream out is null
06-27 14:56:01.034   980  3099 D WifiConfigStore: Retrieve network priorities after PNO.
06-27 14:56:01.034   980  3099 E wifi_gbk2utf: g_pItemList is NULL
06-27 14:56:01.034  3911  3911 D wpa_supplicant: wlan0: Control interface command 'SET_NETWORK [REMOVED]'
06-27 14:56:01.034  3911  3911 D wpa_supplicant: CTRL_IFACE: SET_NETWORK id=0 name='priority'
06-27 14:56:01.034  3911  3911 D wpa_supplicant: CTRL_IFACE: value - hexdump(len=1): [REMOVED]
06-27 14:56:01.034  3911  3911 D wpa_supplicant: priority=1 (0x1)
06-27 14:56:01.034  3911  3911 D wpa_supplicant: CTRL-DEBUG: global_ctrl_sock-sendto: sock=10 sndbuf=212992 outq=0 send_len=3
06-27 14:56:01.037  3911  3911 D wpa_supplicant: wlan0: Control interface command 'SET pno 0'
06-27 14:56:01.037  3911  3911 D wpa_supplicant: CTRL_IFACE SET 'pno'='0'
06-27 14:56:01.037  3911  3911 D wpa_supplicant: CTRL-DEBUG: global_ctrl_sock-sendto: sock=10 sndbuf=212992 outq=0 send_len=3
06-27 14:56:01.038   668   668 I MSM-irqbalance: Decided to move IRQ224 from CPU3 to CPU1
06-27 14:56:01.038   980  3099 E native  : do suspend true
06-27 14:56:01.039  3911  3911 D wpa_supplicant: wlan0: Control interface command 'DRIVER SETSUSPENDMODE 1'
06-27 14:56:01.039  3911  3911 D wpa_supplicant: wpa_driver_nl80211_driver_cmd SETSUSPENDMODE 1 len = 0, 4096
06-27 14:56:01.039  3911  3911 D wpa_supplicant: CTRL-DEBUG: global_ctrl_sock-sendto: sock=10 sndbuf=212992 outq=0 send_len=3
06-27 14:56:01.583  3940  4026 E ELEVEN  : calling refresh!
06-27 14:56:01.584   980  1001 W PowerManagerService: Sandman unresponsive, releasing suspend blocker
06-27 14:56:02.886   980  4637 D NetlinkSocketObserver: NeighborEvent{elapsedMs=58540, 192.168.1.1, [6CB0CE1171D7], RTM_NEWNEIGH, NUD_STALE}
06-27 14:56:03.428   980  3086 I Sensors : HAL: ProximitySensor::enable = 1
06-27 14:56:03.529   980   980 I Sensors : HAL: ProximitySensor::enable = 0
06-27 14:56:03.529   980   980 I PowerManagerService: Waking up from sleep (uid 1000)...
06-27 14:56:03.531   980   980 E QCOM PowerHAL: Failed to acquire lock.
06-27 14:56:03.534   980   980 E QCOM PowerHAL: Invalid hint ID.
06-27 14:56:03.534   980  1001 I DisplayPowerController: Blocking screen on until initial contents have been drawn.
06-27 14:56:03.535   980  1001 V KeyguardServiceDelegate: onScreenTurnedOn(showListener = com.android.server.policy.PhoneWindowManager$2@b983193)
06-27 14:56:03.536   980   980 V KeyguardServiceDelegate: onStartedWakingUp()
06-27 14:56:03.537   423   423 D SurfaceFlinger: Set power mode=2, type=0 flinger=0x55bf5f34f0
06-27 14:56:03.537   423   423 D qdhwcomposer: hwc_setPowerMode: Setting mode 2 on display: 0
06-27 14:56:03.538   980   999 I DisplayManagerService: Display device changed state: "内置屏幕", ON
06-27 14:56:03.547   980   980 I ActivityManager: Killing 3865:com.cyanogenmod.eleven/u0a36 (adj 15): empty #17
06-27 14:56:03.580   980  3099 D WifiConfigStore: Retrieve network priorities after PNO.
06-27 14:56:03.580   980  3099 E wifi_gbk2utf: g_pItemList is NULL
06-27 14:56:03.580  3911  3911 D wpa_supplicant: wlan0: Control interface command 'SET_NETWORK [REMOVED]'
06-27 14:56:03.580  3911  3911 D wpa_supplicant: CTRL_IFACE: SET_NETWORK id=0 name='priority'
06-27 14:56:03.580  3911  3911 D wpa_supplicant: CTRL_IFACE: value - hexdump(len=1): [REMOVED]
06-27 14:56:03.580  3911  3911 D wpa_supplicant: priority=1 (0x1)
06-27 14:56:03.580  3911  3911 D wpa_supplicant: CTRL-DEBUG: global_ctrl_sock-sendto: sock=10 sndbuf=212992 outq=0 send_len=3
06-27 14:56:03.582  3911  3911 D wpa_supplicant: wlan0: Control interface command 'SET pno 0'
06-27 14:56:03.582  3911  3911 D wpa_supplicant: CTRL_IFACE SET 'pno'='0'
06-27 14:56:03.582  3911  3911 D wpa_supplicant: CTRL-DEBUG: global_ctrl_sock-sendto: sock=10 sndbuf=212992 outq=0 send_len=3
06-27 14:56:03.583  3911  3911 D wpa_supplicant: wlan0: Control interface command 'SIGNAL_POLL'
06-27 14:56:03.585  3911  3911 D wpa_supplicant: CTRL-DEBUG: global_ctrl_sock-sendto: sock=10 sndbuf=212992 outq=0 send_len=49
06-27 14:56:03.586   980  3099 E native  : do suspend false
06-27 14:56:03.588  3911  3911 D wpa_supplicant: wlan0: Control interface command 'DRIVER SETSUSPENDMODE 0'
06-27 14:56:03.588  3911  3911 D wpa_supplicant: wpa_driver_nl80211_driver_cmd SETSUSPENDMODE 0 len = 0, 4096
06-27 14:56:03.588  3911  3911 D wpa_supplicant: CTRL-DEBUG: global_ctrl_sock-sendto: sock=10 sndbuf=212992 outq=0 send_len=3
06-27 14:56:03.588   980  3743 V KeyguardServiceDelegate: **** SHOWN CALLED ****
06-27 14:56:03.589   980  3099 D WifiConfigStore: No blacklist allowed without epno enabled
06-27 14:56:03.613  4440  4957 D audio_hw_primary: adev_set_parameters: enter: screen_state=on
06-27 14:56:03.613  4440  4957 V msm8974_platform: platform_set_parameters: enter: screen_state=on
06-27 14:56:03.613  4440  4957 V msm8974_platform: platform_set_parameters: exit with code(0)
06-27 14:56:03.613  4440  4957 V audio_hw_primary: adev_set_parameters: exit with code(0)
06-27 14:56:03.613  4440  4957 E bt_a2dp_hw: adev_set_parameters: ERROR: set param called even when stream out is null
06-27 14:56:03.674   980  1001 I DisplayPowerController: Unblocked screen on after 139 ms
06-27 14:56:03.675   980  1001 V KeyguardServiceDelegate: onScreenTurnedOn()
06-27 14:56:03.806   423   423 D qdhwcomposer: hwc_setPowerMode: Done setting mode 2 on display 0
06-27 14:56:03.806   423   685 I qdhwcomposer: handle_blank_event: dpy:0 panel power state: 1
06-27 14:56:03.807   980  3234 D SurfaceControl: Excessive delay in setPowerMode(): 270ms
06-27 14:56:04.095   980   994 I ActivityManager: Waited long enough for: ServiceRecord{53a88d0 u0 com.mokee.aegis/.service.ManageHibernateService}
06-27 14:56:04.291   980   994 I ActivityManager: Waited long enough for: ServiceRecord{4f7f494 u0 com.android.providers.media/.MediaScannerService}
06-27 14:56:04.430   980  3145 E QCOM PowerHAL: Failed to acquire lock.
06-27 14:56:04.553  4786  4828 W LeApp   : [10027]onExitApplication(com.lenovo.leos.appstore) end: 1307
06-27 14:56:04.567  4786  4786 D AnalyticsTrackerPass: category = R action = kP
06-27 14:56:04.569  4786  4786 D AnalyticsTrackerPass: Event = -602066461_60221503882_670785763com.lenovo.leos.appstoreUPA08CAGWK9S000000RkPt1311.0000LenovoID14670465645670nullnull1{"name":["","","","",""],"value":["","","","",""],"extra":[{"key":"source","name":""},{"key":"process","name":"main"}]}
06-27 14:56:04.569  4786  4786 I DeviceIdentify: construct DeviceIdentify.
06-27 14:56:04.571  4786  4786 E ReflectUtils: android.provider.MultiSIMUtils
06-27 14:56:04.575  4786  4786 E DeviceDataImpl: 
06-27 14:56:04.575  4786  4786 E DeviceDataImpl: java.lang.SecurityException: getDeviceId: Neither user 10027 nor current process has android.permission.READ_PHONE_STATE.
06-27 14:56:04.575  4786  4786 E DeviceDataImpl: 	at android.os.Parcel.readException(Parcel.java:1620)
06-27 14:56:04.575  4786  4786 E DeviceDataImpl: 	at android.os.Parcel.readException(Parcel.java:1573)
06-27 14:56:04.575  4786  4786 E DeviceDataImpl: 	at com.android.internal.telephony.ITelephony$Stub$Proxy.getDeviceId(ITelephony.java:4730)
06-27 14:56:04.575  4786  4786 E DeviceDataImpl: 	at android.telephony.TelephonyManager.getDeviceId(TelephonyManager.java:758)
06-27 14:56:04.575  4786  4786 E DeviceDataImpl: 	at com.lenovo.lps.reaper.sdk.sdac.a.a(Unknown Source)
06-27 14:56:04.575  4786  4786 E DeviceDataImpl: 	at com.lenovo.lps.reaper.sdk.g.b.a(Unknown Source)
06-27 14:56:04.575  4786  4786 E DeviceDataImpl: 	at com.lenovo.lps.reaper.sdk.g.b.<init>(Unknown Source)
06-27 14:56:04.575  4786  4786 E DeviceDataImpl: 	at com.lenovo.lps.reaper.sdk.g.b.a(Unknown Source)
06-27 14:56:04.575  4786  4786 E DeviceDataImpl: 	at com.lenovo.lps.reaper.sdk.b.c.q(Unknown Source)
06-27 14:56:04.575  4786  4786 E DeviceDataImpl: 	at com.lenovo.lps.reaper.sdk.b.d.F(Unknown Source)
06-27 14:56:04.575  4786  4786 E DeviceDataImpl: 	at com.lenovo.lps.reaper.sdk.db.a.b.i(Unknown Source)
06-27 14:56:04.575  4786  4786 E DeviceDataImpl: 	at com.lenovo.lps.reaper.sdk.db.a.b.<init>(Unknown Source)
06-27 14:56:04.575  4786  4786 E DeviceDataImpl: 	at com.lenovo.lps.reaper.sdk.db.a.b.<clinit>(Unknown Source)
06-27 14:56:04.575  4786  4786 E DeviceDataImpl: 	at com.lenovo.lps.reaper.sdk.i.j.<init>(Unknown Source)
06-27 14:56:04.575  4786  4786 E DeviceDataImpl: 	at com.lenovo.lps.reaper.sdk.i.o.a(Unknown Source)
06-27 14:56:04.575  4786  4786 E DeviceDataImpl: 	at com.lenovo.lps.reaper.sdk.c.b(Unknown Source)
06-27 14:56:04.575  4786  4786 E DeviceDataImpl: 	at com.lenovo.lps.reaper.sdk.c.a(Unknown Source)
06-27 14:56:04.575  4786  4786 E DeviceDataImpl: 	at com.lenovo.lps.reaper.sdk.c.a(Unknown Source)
06-27 14:56:04.575  4786  4786 E DeviceDataImpl: 	at com.lenovo.lps.reaper.sdk.AnalyticsTracker.trackEvent(Unknown Source)
06-27 14:56:04.575  4786  4786 E DeviceDataImpl: 	at com.lenovo.leos.appstore.utils.LeTracer.trackEvent(SourceFile:490)
06-27 14:56:04.575  4786  4786 E DeviceDataImpl: 	at com.lenovo.leos.appstore.utils.LeTracer.trackEvent(SourceFile:484)
06-27 14:56:04.575  4786  4786 E DeviceDataImpl: 	at com.lenovo.leos.appstore.common.Tracer.trackEvent(SourceFile:169)
06-27 14:56:04.575  4786  4786 E DeviceDataImpl: 	at com.lenovo.leos.appstore.common.Tracer.killProcess(SourceFile:246)
06-27 14:56:04.575  4786  4786 E DeviceDataImpl: 	at com.lenovo.leos.appstore.entry.StopProcessReceiver.handleStopProccessAction(SourceFile:32)
06-27 14:56:04.575  4786  4786 E DeviceDataImpl: 	at com.lenovo.leos.appstore.entry.StopProcessReceiver.onReceive(SourceFile:22)
06-27 14:56:04.575  4786  4786 E DeviceDataImpl: 	at android.support.v4.content.LocalBroadcastManager.executePendingBroadcasts(SourceFile:297)
06-27 14:56:04.575  4786  4786 E DeviceDataImpl: 	at android.support.v4.content.LocalBroadcastManager.access$000(SourceFile:46)
06-27 14:56:04.575  4786  4786 E DeviceDataImpl: 	at android.support.v4.content.LocalBroadcastManager$1.handleMessage(SourceFile:116)
06-27 14:56:04.575  4786  4786 E DeviceDataImpl: 	at android.os.Handler.dispatchMessage(Handler.java:102)
06-27 14:56:04.575  4786  4786 E DeviceDataImpl: 	at android.os.Looper.loop(Looper.java:148)
06-27 14:56:04.575  4786  4786 E DeviceDataImpl: 	at android.app.ActivityThread.main(ActivityThread.java:5461)
06-27 14:56:04.575  4786  4786 E DeviceDataImpl: 	at java.lang.reflect.Method.invoke(Native Method)
06-27 14:56:04.575  4786  4786 E DeviceDataImpl: 	at com.android.internal.os.ZygoteInit$MethodAndArgsCaller.run(ZygoteInit.java:726)
06-27 14:56:04.575  4786  4786 E DeviceDataImpl: 	at com.android.internal.os.ZygoteInit.main(ZygoteInit.java:616)
06-27 14:56:04.581  4786  4786 E DeviceDataImpl: 
06-27 14:56:04.581  4786  4786 E DeviceDataImpl: java.lang.SecurityException: getDeviceId: Neither user 10027 nor current process has android.permission.READ_PHONE_STATE.
06-27 14:56:04.581  4786  4786 E DeviceDataImpl: 	at android.os.Parcel.readException(Parcel.java:1620)
06-27 14:56:04.581  4786  4786 E DeviceDataImpl: 	at android.os.Parcel.readException(Parcel.java:1573)
06-27 14:56:04.581  4786  4786 E DeviceDataImpl: 	at com.android.internal.telephony.ITelephony$Stub$Proxy.getDeviceId(ITelephony.java:4730)
06-27 14:56:04.581  4786  4786 E DeviceDataImpl: 	at android.telephony.TelephonyManager.getDeviceId(TelephonyManager.java:758)
06-27 14:56:04.581  4786  4786 E DeviceDataImpl: 	at com.lenovo.lps.reaper.sdk.sdac.a.a(Unknown Source)
06-27 14:56:04.581  4786  4786 E DeviceDataImpl: 	at com.lenovo.lps.reaper.sdk.g.b.a(Unknown Source)
06-27 14:56:04.581  4786  4786 E DeviceDataImpl: 	at com.lenovo.lps.reaper.sdk.g.b.<init>(Unknown Source)
06-27 14:56:04.581  4786  4786 E DeviceDataImpl: 	at com.lenovo.lps.reaper.sdk.g.b.a(Unknown Source)
06-27 14:56:04.581  4786  4786 E DeviceDataImpl: 	at com.lenovo.lps.reaper.sdk.b.c.q(Unknown Source)
06-27 14:56:04.581  4786  4786 E DeviceDataImpl: 	at com.lenovo.lps.reaper.sdk.b.d.F(Unknown Source)
06-27 14:56:04.581  4786  4786 E DeviceDataImpl: 	at com.lenovo.lps.reaper.sdk.db.a.b.i(Unknown Source)
06-27 14:56:04.581  4786  4786 E DeviceDataImpl: 	at com.lenovo.lps.reaper.sdk.db.a.b.<init>(Unknown Source)
06-27 14:56:04.581  4786  4786 E DeviceDataImpl: 	at com.lenovo.lps.reaper.sdk.db.a.b.<clinit>(Unknown Source)
06-27 14:56:04.581  4786  4786 E DeviceDataImpl: 	at com.lenovo.lps.reaper.sdk.i.j.<init>(Unknown Source)
06-27 14:56:04.581  4786  4786 E DeviceDataImpl: 	at com.lenovo.lps.reaper.sdk.i.o.a(Unknown Source)
06-27 14:56:04.581  4786  4786 E DeviceDataImpl: 	at com.lenovo.lps.reaper.sdk.c.b(Unknown Source)
06-27 14:56:04.581  4786  4786 E DeviceDataImpl: 	at com.lenovo.lps.reaper.sdk.c.a(Unknown Source)
06-27 14:56:04.581  4786  4786 E DeviceDataImpl: 	at com.lenovo.lps.reaper.sdk.c.a(Unknown Source)
06-27 14:56:04.581  4786  4786 E DeviceDataImpl: 	at com.lenovo.lps.reaper.sdk.AnalyticsTracker.trackEvent(Unknown Source)
06-27 14:56:04.581  4786  4786 E DeviceDataImpl: 	at com.lenovo.leos.appstore.utils.LeTracer.trackEvent(SourceFile:490)
06-27 14:56:04.581  4786  4786 E DeviceDataImpl: 	at com.lenovo.leos.appstore.utils.LeTracer.trackEvent(SourceFile:484)
06-27 14:56:04.581  4786  4786 E DeviceDataImpl: 	at com.lenovo.leos.appstore.common.Tracer.trackEvent(SourceFile:169)
06-27 14:56:04.581  4786  4786 E DeviceDataImpl: 	at com.lenovo.leos.appstore.common.Tracer.killProcess(SourceFile:246)
06-27 14:56:04.581  4786  4786 E DeviceDataImpl: 	at com.lenovo.leos.appstore.entry.StopProcessReceiver.handleStopProccessAction(SourceFile:32)
06-27 14:56:04.581  4786  4786 E DeviceDataImpl: 	at com.lenovo.leos.appstore.entry.StopProcessReceiver.onReceive(SourceFile:22)
06-27 14:56:04.581  4786  4786 E DeviceDataImpl: 	at android.support.v4.content.LocalBroadcastManager.executePendingBroadcasts(SourceFile:297)
06-27 14:56:04.581  4786  4786 E DeviceDataImpl: 	at android.support.v4.content.LocalBroadcastManager.access$000(SourceFile:46)
06-27 14:56:04.581  4786  4786 E DeviceDataImpl: 	at android.support.v4.content.LocalBroadcastManager$1.handleMessage(SourceFile:116)
06-27 14:56:04.581  4786  4786 E DeviceDataImpl: 	at android.os.Handler.dispatchMessage(Handler.java:102)
06-27 14:56:04.581  4786  4786 E DeviceDataImpl: 	at android.os.Looper.loop(Looper.java:148)
06-27 14:56:04.581  4786  4786 E DeviceDataImpl: 	at android.app.ActivityThread.main(ActivityThread.java:5461)
06-27 14:56:04.581  4786  4786 E DeviceDataImpl: 	at java.lang.reflect.Method.invoke(Native Method)
06-27 14:56:04.581  4786  4786 E DeviceDataImpl: 	at com.android.internal.os.ZygoteInit$MethodAndArgsCaller.run(ZygoteInit.java:726)
06-27 14:56:04.581  4786  4786 E DeviceDataImpl: 	at com.android.internal.os.ZygoteInit.main(ZygoteInit.java:616)
06-27 14:56:04.581  4786  4786 V DeviceIdentify: snTmp: 1070fc2f
06-27 14:56:04.590   980   995 E QCOM PowerHAL: Failed to acquire lock.
06-27 14:56:04.591   980   994 I ActivityManager: Waited long enough for: ServiceRecord{8906b3d u0 com.android.statassistant/com.android.stat.statistics.Statistics}
06-27 14:56:04.625  4786  4967 I EventReportTask: no reported event.
06-27 14:56:04.638  4786  4786 I Process : Sending signal. PID: 4786 SIG: 9
06-27 14:56:04.652  3238  3238 D PhoneStatusBar: disable: < expand ICONS alerts SYSTEM_INFO back HOME RECENT clock SEARCH quick_settings >
06-27 14:56:04.668   980  3309 I ActivityManager: Process com.lenovo.leos.appstore (pid 4786) has died
06-27 14:56:04.681   980   992 W Warden  : No existing action block rules, starting empty.java.io.FileNotFoundException: /data/system/warden.xml: open failed: ENOENT (No such file or directory)
06-27 14:56:04.691  4440  4949 V audio_hw_primary: out_get_latency: Latency 10
06-27 14:56:04.691  4440  4951 V audio_hw_primary: out_get_latency: Latency 64
06-27 14:56:04.701  4440  4949 D audio_hw_primary: out_set_parameters: enter: usecase(1: low-latency-playback) kvpairs: routing=2
06-27 14:56:04.702  4440  4949 V audio_hw_primary: out_set_parameters: exit: code(0)
06-27 14:56:04.706   980  3309 W Warden  : No existing action block rules, starting empty.java.io.FileNotFoundException: /data/system/warden.xml: open failed: ENOENT (No such file or directory)
06-27 14:56:04.707  3238  3238 D PhoneStatusBar: disable: < expand icons* alerts system_info* back HOME RECENT clock SEARCH quick_settings >
06-27 14:56:04.712  4440  4949 D audio_hw_primary: start_output_stream: enter: stream(0xab46d448)usecase(1: low-latency-playback) devices(0x2)
06-27 14:56:04.712  4440  4949 V msm8974_platform: platform_get_output_snd_device: enter: output devices(0x2)
06-27 14:56:04.712  4440  4949 V msm8974_platform: platform_get_output_snd_device: exit: snd_device(speaker)
06-27 14:56:04.712  4440  4949 D audio_hw_primary: select_devices: out_snd_device(2: speaker) in_snd_device(0: )
06-27 14:56:04.712  4440  4949 V msm8974_platform: platform_check_and_set_codec_backend_cfg usecase = 1
06-27 14:56:04.712  4440  4949 W msm8974_platform: Codec backend bitwidth 16, samplerate 48000
06-27 14:56:04.712  4440  4949 V msm8974_platform: Offload playback running bw 16 sr 48000
06-27 14:56:04.712  4440  4949 W msm8974_platform: HiFi backend bitwidth 0, samplerate 0
06-27 14:56:04.712  4440  4949 D hardware_info: hw_info_append_hw_type : device_name = speaker
06-27 14:56:04.712  4440  4949 D audio_hw_primary: enable_snd_device: snd_device(2: speaker)
06-27 14:56:04.712  4440  4949 V audio_hw_utils: audio_extn_utils_update_stream_app_type_cfg: flags: 2, format: 1 sample_rate 48000
06-27 14:56:04.712  4440  4949 V audio_hw_utils: set_output_cfg app_type_cfg->app_type 69936, app_type_cfg->sample_rate 48000, app_type_cfg->bit_width 16
06-27 14:56:04.712  4440  4949 I audio_hw_primary: select_devices Selected apptype: 69936
06-27 14:56:04.712  4440  4949 V audio_hw_primary: enable_audio_route: enter: usecase(1)
06-27 14:56:04.712  4440  4949 V msm8974_platform: platform_send_audio_calibration: sending audio calibration for snd_device(2) acdb_id(14)
06-27 14:56:04.712  4440  4949 D ACDB-LOADER: ACDB -> send_audio_cal, acdb_id = 14, path =  0
06-27 14:56:04.712  4440  4949 D ACDB-LOADER: ACDB -> send_asm_topology
06-27 14:56:04.712  4440  4949 D ACDB-LOADER: ACDB -> ACDB_CMD_GET_AUDPROC_STREAM_TOPOLOGY_ID
