06-27 14:55:16.557   709   709 I libmdmdetect: ESOC framework not supported
06-27 14:55:16.558   709   709 I libmdmdetect: Found internal modem: modem
06-27 14:55:16.566   709   709 I libmdmdetect: ESOC framework not supported
06-27 14:55:16.566   709   709 I libmdmdetect: Found internal modem: modem
06-27 14:55:16.575   709   709 I libmdmdetect: ESOC framework not supported
06-27 14:55:16.575   709   709 I libmdmdetect: Found internal modem: modem
06-27 14:55:16.582   709   709 I libmdmdetect: ESOC framework not supported
06-27 14:55:16.582   709   709 I libmdmdetect: Found internal modem: modem
06-27 14:55:16.590   709   709 I libmdmdetect: ESOC framework not supported
06-27 14:55:16.591   709   709 I libmdmdetect: Found internal modem: modem
06-27 14:55:16.591   709   709 I libmdmdetect: ESOC framework not supported
06-27 14:55:16.591   709   709 I libmdmdetect: Found internal modem: modem
06-27 14:55:16.593   709   709 I libmdmdetect: ESOC framework not supported
06-27 14:55:16.593   709   709 I libmdmdetect: Found internal modem: modem
06-27 14:55:16.594   709   709 I libmdmdetect: ESOC framework not supported
06-27 14:55:16.594   709   709 I libmdmdetect: Found internal modem: modem
06-27 14:55:16.596   709   709 I libmdmdetect: ESOC framework not supported
06-27 14:55:16.596   709   709 I libmdmdetect: Found internal modem: modem
06-27 14:55:16.598   709   709 I libmdmdetect: ESOC framework not supported
06-27 14:55:16.598   709   709 I libmdmdetect: Found internal modem: modem
06-27 14:55:16.600   709   709 I libmdmdetect: ESOC framework not supported
06-27 14:55:16.600   709   709 I libmdmdetect: Found internal modem: modem
06-27 14:55:16.601   709   709 I libmdmdetect: ESOC framework not supported
06-27 14:55:16.601   709   709 I libmdmdetect: Found internal modem: modem
06-27 14:55:16.603   709   709 I libmdmdetect: ESOC framework not supported
06-27 14:55:16.603   709   709 I libmdmdetect: Found internal modem: modem
06-27 14:55:16.604   709   709 I libmdmdetect: ESOC framework not supported
06-27 14:55:16.604   709   709 I libmdmdetect: Found internal modem: modem
06-27 14:55:16.612   709   709 I libmdmdetect: ESOC framework not supported
06-27 14:55:16.612   709   709 I libmdmdetect: Found internal modem: modem
06-27 14:55:16.623   709   709 I libmdmdetect: ESOC framework not supported
06-27 14:55:16.623   709   709 I libmdmdetect: Found internal modem: modem
06-27 14:55:16.632   709   709 I libmdmdetect: ESOC framework not supported
06-27 14:55:16.632   709   709 I libmdmdetect: Found internal modem: modem
06-27 14:55:16.640   709   709 I libmdmdetect: ESOC framework not supported
06-27 14:55:16.640   709   709 I libmdmdetect: Found internal modem: modem
06-27 14:55:16.641   447   447 E         : qmi_dms_get_bt_address: Succesfully Read BT address
06-27 14:55:16.641   447   447 D         : bt_hci_qcomm_pfal_get_bdaddress success 
06-27 14:55:16.646   709   709 I libmdmdetect: ESOC framework not supported
06-27 14:55:16.647   709   709 I libmdmdetect: Found internal modem: modem
06-27 14:55:16.647   709   709 I libmdmdetect: ESOC framework not supported
06-27 14:55:16.647   709   709 I libmdmdetect: Found internal modem: modem
06-27 14:55:16.651   709   709 I libmdmdetect: ESOC framework not supported
06-27 14:55:16.651   709   709 I libmdmdetect: Found internal modem: modem
06-27 14:55:16.652   709   709 I libmdmdetect: ESOC framework not supported
06-27 14:55:16.653   709   709 I libmdmdetect: Found internal modem: modem
06-27 14:55:16.654   709   709 I libmdmdetect: ESOC framework not supported
06-27 14:55:16.655   709   709 I libmdmdetect: Found internal modem: modem
06-27 14:55:16.656   709   709 I libmdmdetect: ESOC framework not supported
06-27 14:55:16.656   709   709 I libmdmdetect: Found internal modem: modem
06-27 14:55:16.658   709   709 I libmdmdetect: ESOC framework not supported
06-27 14:55:16.658   709   709 I libmdmdetect: Found internal modem: modem
06-27 14:55:16.660   709   709 I libmdmdetect: ESOC framework not supported
06-27 14:55:16.660   709   709 I libmdmdetect: Found internal modem: modem
06-27 14:55:16.662   709   709 I libmdmdetect: ESOC framework not supported
06-27 14:55:16.662   709   709 I libmdmdetect: Found internal modem: modem
06-27 14:55:16.663   709   709 I libmdmdetect: ESOC framework not supported
06-27 14:55:16.663   709   709 I libmdmdetect: Found internal modem: modem
06-27 14:55:16.665   439   621 I libmdmdetect: ESOC framework not supported
06-27 14:55:16.665   439   621 I libmdmdetect: Found internal modem: modem
06-27 14:55:16.665   439   621 I libmdmdetect: ESOC framework not supported
06-27 14:55:16.665   439   621 I libmdmdetect: Found internal modem: modem
06-27 14:55:16.667   439   621 I libmdmdetect: ESOC framework not supported
06-27 14:55:16.667   439   621 I libmdmdetect: Found internal modem: modem
06-27 14:55:16.670   439   621 I libmdmdetect: ESOC framework not supported
06-27 14:55:16.670   439   621 I libmdmdetect: Found internal modem: modem
06-27 14:55:16.671   439   621 I libmdmdetect: ESOC framework not supported
06-27 14:55:16.671   439   621 I libmdmdetect: Found internal modem: modem
06-27 14:55:16.673   709   709 I libmdmdetect: ESOC framework not supported
06-27 14:55:16.673   709   709 I libmdmdetect: Found internal modem: modem
06-27 14:55:16.674   439   621 I libmdmdetect: ESOC framework not supported
06-27 14:55:16.674   439   621 I libmdmdetect: Found internal modem: modem
06-27 14:55:16.681   709   709 I libmdmdetect: ESOC framework not supported
06-27 14:55:16.681   709   709 I libmdmdetect: Found internal modem: modem
06-27 14:55:16.689   709   709 I libmdmdetect: ESOC framework not supported
06-27 14:55:16.689   709   709 I libmdmdetect: Found internal modem: modem
06-27 14:55:16.694   439   621 I libmdmdetect: ESOC framework not supported
06-27 14:55:16.695   439   621 I libmdmdetect: Found internal modem: modem
06-27 14:55:16.697   709   709 I libmdmdetect: ESOC framework not supported
06-27 14:55:16.697   709   709 I libmdmdetect: Found internal modem: modem
06-27 14:55:16.703   709   709 I libmdmdetect: ESOC framework not supported
06-27 14:55:16.703   709   709 I libmdmdetect: Found internal modem: modem
06-27 14:55:16.703   709   709 I libmdmdetect: ESOC framework not supported
06-27 14:55:16.703   709   709 I libmdmdetect: Found internal modem: modem
06-27 14:55:16.705   709   709 I libmdmdetect: ESOC framework not supported
06-27 14:55:16.705   709   709 I libmdmdetect: Found internal modem: modem
06-27 14:55:16.707   709   709 I libmdmdetect: ESOC framework not supported
06-27 14:55:16.707   709   709 I libmdmdetect: Found internal modem: modem
06-27 14:55:16.708   709   709 I libmdmdetect: ESOC framework not supported
06-27 14:55:16.708   709   709 I libmdmdetect: Found internal modem: modem
06-27 14:55:16.709   709   709 I libmdmdetect: ESOC framework not supported
06-27 14:55:16.709   709   709 I libmdmdetect: Found internal modem: modem
06-27 14:55:16.712   709   709 I libmdmdetect: ESOC framework not supported
06-27 14:55:16.712   709   709 I libmdmdetect: Found internal modem: modem
06-27 14:55:16.714   709   709 I libmdmdetect: ESOC framework not supported
06-27 14:55:16.714   709   709 I libmdmdetect: Found internal modem: modem
06-27 14:55:16.716   709   709 I libmdmdetect: ESOC framework not supported
06-27 14:55:16.716   709   709 I libmdmdetect: Found internal modem: modem
06-27 14:55:16.717   709   709 I libmdmdetect: ESOC framework not supported
06-27 14:55:16.717   709   709 I libmdmdetect: Found internal modem: modem
06-27 14:55:16.718   689   729 I libmdmdetect: ESOC framework not supported
06-27 14:55:16.718   689   729 I libmdmdetect: Found internal modem: modem
06-27 14:55:16.720   689   729 I libmdmdetect: ESOC framework not supported
06-27 14:55:16.720   689   729 I libmdmdetect: Found internal modem: modem
06-27 14:55:16.723   689   729 I libmdmdetect: ESOC framework not supported
06-27 14:55:16.723   689   729 I libmdmdetect: Found internal modem: modem
06-27 14:55:16.725   689   729 I libmdmdetect: ESOC framework not supported
06-27 14:55:16.725   689   729 I libmdmdetect: Found internal modem: modem
06-27 14:55:16.728   689   729 I libmdmdetect: ESOC framework not supported
06-27 14:55:16.728   689   729 I libmdmdetect: Found internal modem: modem
06-27 14:55:16.729   709   709 I libmdmdetect: ESOC framework not supported
06-27 14:55:16.729   709   709 I libmdmdetect: Found internal modem: modem
06-27 14:55:16.730   689   729 I libmdmdetect: ESOC framework not supported
06-27 14:55:16.730   689   729 I libmdmdetect: Found internal modem: modem
06-27 14:55:16.733   689   729 I libmdmdetect: ESOC framework not supported
06-27 14:55:16.733   689   729 I libmdmdetect: Found internal modem: modem
06-27 14:55:16.734   689   729 I libmdmdetect: ESOC framework not supported
06-27 14:55:16.734   689   729 I libmdmdetect: Found internal modem: modem
06-27 14:55:16.739   709   709 I libmdmdetect: ESOC framework not supported
06-27 14:55:16.739   709   709 I libmdmdetect: Found internal modem: modem
06-27 14:55:16.748   709   709 I libmdmdetect: ESOC framework not supported
06-27 14:55:16.748   709   709 I libmdmdetect: Found internal modem: modem
06-27 14:55:16.756   709   709 I libmdmdetect: ESOC framework not supported
06-27 14:55:16.756   709   709 I libmdmdetect: Found internal modem: modem
06-27 14:55:16.765   709   709 I libmdmdetect: ESOC framework not supported
06-27 14:55:16.765   709   709 I libmdmdetect: Found internal modem: modem
06-27 14:55:16.765   709   709 I libmdmdetect: ESOC framework not supported
06-27 14:55:16.765   709   709 I libmdmdetect: Found internal modem: modem
06-27 14:55:16.767   709   709 I libmdmdetect: ESOC framework not supported
06-27 14:55:16.768   709   709 I libmdmdetect: Found internal modem: modem
06-27 14:55:16.769   709   709 I libmdmdetect: ESOC framework not supported
06-27 14:55:16.770   709   709 I libmdmdetect: Found internal modem: modem
06-27 14:55:16.772   709   709 I libmdmdetect: ESOC framework not supported
06-27 14:55:16.772   709   709 I libmdmdetect: Found internal modem: modem
06-27 14:55:16.773   709   709 I libmdmdetect: ESOC framework not supported
06-27 14:55:16.773   709   709 I libmdmdetect: Found internal modem: modem
06-27 14:55:16.776   709   709 I libmdmdetect: ESOC framework not supported
06-27 14:55:16.776   709   709 I libmdmdetect: Found internal modem: modem
06-27 14:55:16.779   709   709 I libmdmdetect: ESOC framework not supported
06-27 14:55:16.779   709   709 I libmdmdetect: Found internal modem: modem
06-27 14:55:16.781   709   709 I libmdmdetect: ESOC framework not supported
06-27 14:55:16.781   709   709 I libmdmdetect: Found internal modem: modem
06-27 14:55:16.783   709   709 I libmdmdetect: ESOC framework not supported
06-27 14:55:16.783   709   709 I libmdmdetect: Found internal modem: modem
06-27 14:55:16.794   709   709 I libmdmdetect: ESOC framework not supported
06-27 14:55:16.794   709   709 I libmdmdetect: Found internal modem: modem
06-27 14:55:16.802   709   709 I libmdmdetect: ESOC framework not supported
06-27 14:55:16.802   709   709 I libmdmdetect: Found internal modem: modem
06-27 14:55:16.810   709   709 I libmdmdetect: ESOC framework not supported
06-27 14:55:16.810   709   709 I libmdmdetect: Found internal modem: modem
06-27 14:55:16.818   709   709 I libmdmdetect: ESOC framework not supported
06-27 14:55:16.818   709   709 I libmdmdetect: Found internal modem: modem
06-27 14:55:16.826   709   709 I libmdmdetect: ESOC framework not supported
06-27 14:55:16.826   709   709 I libmdmdetect: Found internal modem: modem
06-27 14:55:16.826   709   709 I libmdmdetect: ESOC framework not supported
06-27 14:55:16.826   709   709 I libmdmdetect: Found internal modem: modem
06-27 14:55:16.828   709   709 I libmdmdetect: ESOC framework not supported
06-27 14:55:16.828   709   709 I libmdmdetect: Found internal modem: modem
06-27 14:55:16.831   709   709 I libmdmdetect: ESOC framework not supported
06-27 14:55:16.831   709   709 I libmdmdetect: Found internal modem: modem
06-27 14:55:16.834   709   709 I libmdmdetect: ESOC framework not supported
06-27 14:55:16.834   709   709 I libmdmdetect: Found internal modem: modem
06-27 14:55:16.835   709   709 I libmdmdetect: ESOC framework not supported
06-27 14:55:16.835   709   709 I libmdmdetect: Found internal modem: modem
06-27 14:55:16.837   709   709 I libmdmdetect: ESOC framework not supported
06-27 14:55:16.837   709   709 I libmdmdetect: Found internal modem: modem
06-27 14:55:16.839   709   709 I libmdmdetect: ESOC framework not supported
06-27 14:55:16.839   709   709 I libmdmdetect: Found internal modem: modem
06-27 14:55:16.841   709   709 I libmdmdetect: ESOC framework not supported
06-27 14:55:16.841   709   709 I libmdmdetect: Found internal modem: modem
06-27 14:55:16.842   709   709 I libmdmdetect: ESOC framework not supported
06-27 14:55:16.842   709   709 I libmdmdetect: Found internal modem: modem
06-27 14:55:16.851   709   709 I libmdmdetect: ESOC framework not supported
06-27 14:55:16.851   709   709 I libmdmdetect: Found internal modem: modem
06-27 14:55:16.859   709   709 I libmdmdetect: ESOC framework not supported
06-27 14:55:16.859   709   709 I libmdmdetect: Found internal modem: modem
06-27 14:55:16.868   709   709 I libmdmdetect: ESOC framework not supported
06-27 14:55:16.869   709   709 I libmdmdetect: Found internal modem: modem
06-27 14:55:16.876   709   709 I libmdmdetect: ESOC framework not supported
06-27 14:55:16.876   709   709 I libmdmdetect: Found internal modem: modem
06-27 14:55:16.884   709   709 I libmdmdetect: ESOC framework not supported
06-27 14:55:16.884   709   709 I libmdmdetect: Found internal modem: modem
06-27 14:55:16.884   709   709 I libmdmdetect: ESOC framework not supported
06-27 14:55:16.884   709   709 I libmdmdetect: Found internal modem: modem
06-27 14:55:16.886   709   709 I libmdmdetect: ESOC framework not supported
06-27 14:55:16.886   709   709 I libmdmdetect: Found internal modem: modem
06-27 14:55:16.888   709   709 I libmdmdetect: ESOC framework not supported
06-27 14:55:16.888   709   709 I libmdmdetect: Found internal modem: modem
06-27 14:55:16.889   709   709 I libmdmdetect: ESOC framework not supported
06-27 14:55:16.890   709   709 I libmdmdetect: Found internal modem: modem
06-27 14:55:16.891   709   709 I libmdmdetect: ESOC framework not supported
06-27 14:55:16.891   709   709 I libmdmdetect: Found internal modem: modem
06-27 14:55:16.893   709   709 I libmdmdetect: ESOC framework not supported
06-27 14:55:16.893   709   709 I libmdmdetect: Found internal modem: modem
06-27 14:55:16.894   709   709 I libmdmdetect: ESOC framework not supported
06-27 14:55:16.895   709   709 I libmdmdetect: Found internal modem: modem
06-27 14:55:16.896   709   709 I libmdmdetect: ESOC framework not supported
06-27 14:55:16.896   709   709 I libmdmdetect: Found internal modem: modem
06-27 14:55:16.897   709   709 I libmdmdetect: ESOC framework not supported
06-27 14:55:16.897   709   709 I libmdmdetect: Found internal modem: modem
06-27 14:55:16.942   689   729 I libmdmdetect: ESOC framework not supported
06-27 14:55:16.942   689   729 I libmdmdetect: Found internal modem: modem
06-27 14:55:16.942   689   729 I libmdmdetect: ESOC framework not supported
06-27 14:55:16.942   689   729 I libmdmdetect: Found internal modem: modem
06-27 14:55:16.944   689   729 I libmdmdetect: ESOC framework not supported
06-27 14:55:16.944   689   729 I libmdmdetect: Found internal modem: modem
06-27 14:55:16.946   689   729 I libmdmdetect: ESOC framework not supported
06-27 14:55:16.946   689   729 I libmdmdetect: Found internal modem: modem
06-27 14:55:16.946   689   729 I libmdmdetect: ESOC framework not supported
06-27 14:55:16.946   689   729 I libmdmdetect: Found internal modem: modem
06-27 14:55:16.950   689   729 I libmdmdetect: ESOC framework not supported
06-27 14:55:16.950   689   729 I libmdmdetect: Found internal modem: modem
06-27 14:55:16.952   980   980 W PackageParser: Ignoring duplicate uses-permissions/uses-permissions-sdk-m: android.permission.BATTERY_STATS in package: com.tencent.qqpimsecure at: Binary XML file line #199
06-27 14:55:16.952   980   980 W PackageParser: Ignoring duplicate uses-permissions/uses-permissions-sdk-m: android.permission.WAKE_LOCK in package: com.tencent.qqpimsecure at: Binary XML file line #211
06-27 14:55:16.952   980   980 W PackageParser: Ignoring duplicate uses-permissions/uses-permissions-sdk-m: android.permission.WRITE_EXTERNAL_STORAGE in package: com.tencent.qqpimsecure at: Binary XML file line #241
06-27 14:55:16.971   689   729 I libmdmdetect: ESOC framework not supported
06-27 14:55:16.972   689   729 I libmdmdetect: Found internal modem: modem
06-27 14:55:17.083   980   980 W PackageManager: Package org.codeaurora.bluetooth desires unavailable shared library com.quicinc.wbc; ignoring!
06-27 14:55:17.083   980   980 E PackageManager: updateAllSharedLibrariesLPw failed: Package com.android.dialer requires unavailable shared library com.qualcomm.qti.smartsearch; failing!
06-27 14:55:17.083   980   980 W PackageManager: Package com.android.gallery3d desires unavailable shared library com.google.android.media.effects; ignoring!
06-27 14:55:17.083   980   980 W PackageManager: Package com.android.gallery3d desires unavailable shared library com.google.android.media.effects; ignoring!
06-27 14:55:17.083   980   980 I PackageManager: Adjusting ABI for : com.android.inputdevices to arm64-v8a
06-27 14:55:17.085   980   980 I PackageManager: Adjusting ABI for : com.android.location.fused to arm64-v8a
06-27 14:55:17.085   980   980 I PackageManager: Adjusting ABI for : com.qualcomm.timeservice to arm64-v8a
06-27 14:55:17.085   980   980 I PackageManager: Adjusting ABI for : com.dsi.ant.server to arm64-v8a
06-27 14:55:17.085   980   980 I PackageManager: Adjusting ABI for : com.android.server.telecom to arm64-v8a
06-27 14:55:17.086   980   980 I PackageManager: Adjusting ABI for : com.android.providers.settings to arm64-v8a
06-27 14:55:17.086   980   980 I PackageManager: Adjusting ABI for : org.mokee.mksettings to arm64-v8a
06-27 14:55:17.086   980   980 I PackageManager: Adjusting ABI for : com.mokee.setupwizard to arm64-v8a
06-27 14:55:17.086   980   980 I PackageManager: Adjusting ABI for : com.android.development to arm64-v8a
06-27 14:55:17.086   980   980 I PackageManager: Adjusting ABI for : org.cyanogenmod.providers.datausage to arm64-v8a
06-27 14:55:17.087   980   980 I PackageManager: Adjusting ABI for : com.mokee.aegis to arm64-v8a
06-27 14:55:17.087   980   980 I PackageManager: Adjusting ABI for : mokee.platform to arm64-v8a
06-27 14:55:17.087   442   442 E installd: invalid apk path '/system/framework/org.mokee.platform-res.apk' (bad prefix)
06-27 14:55:17.087   980   980 I PackageManager: Adjusting ABI for : com.android.keychain to arm64-v8a
06-27 14:55:17.087   980   980 I PackageManager: Adjusting ABI for : com.android.settings to arm64-v8a
06-27 14:55:17.088   980   980 I PackageManager: Time to scan packages: 3.518 seconds
06-27 14:55:17.089   980   980 W PackageManager: Unknown permission com.google.android.googleapps.permission.GOOGLE_AUTH in package com.android.providers.calendar
06-27 14:55:17.089   980   980 W PackageManager: Unknown permission com.google.android.googleapps.permission.GOOGLE_AUTH.cl in package com.android.providers.calendar
06-27 14:55:17.089   980   980 W PackageManager: Not granting permission android.permission.CLEAR_APP_USER_DATA to package com.android.statassistant (protectionLevel=258 flags=0x3808be07)
06-27 14:55:17.089   980   980 W PackageManager: Unknown permission android.permission.READ_OWNER_DATA in package com.android.statassistant
06-27 14:55:17.089   980   980 W PackageManager: Unknown permission android.permission.WRITE_OWNER_DATA in package com.android.statassistant
06-27 14:55:17.089   980   980 W PackageManager: Unknown permission android.permission.ACCESS_BACKGROUND_SERVICE in package com.android.statassistant
06-27 14:55:17.089   980   980 W PackageManager: Not granting permission android.permission.INJECT_EVENTS to package com.android.statassistant (protectionLevel=2 flags=0x3808be07)
06-27 14:55:17.089   980   980 W PackageManager: Not granting permission android.permission.INTERACT_ACROSS_USERS_FULL to package com.sogou.novel (protectionLevel=258 flags=0x3818be44)
06-27 14:55:17.089   980   980 W PackageManager: Unknown permission com.android.launcher.permission.READ_SETTINGS in package com.sogou.novel
06-27 14:55:17.089   980   980 W PackageManager: Not granting permission android.permission.MOUNT_UNMOUNT_FILESYSTEMS to package com.sogou.novel (protectionLevel=18 flags=0x3818be44)
06-27 14:55:17.089   980   980 W PackageManager: Unknown permission app.search.sogou.common.permission.ACCESS_ALL_DOWNLOADS in package com.sogou.novel
06-27 14:55:17.089   980   980 W PackageManager: Unknown permission app.search.sogou.common.permisson.ACTION in package com.sogou.novel
06-27 14:55:17.089   980   980 W PackageManager: Unknown permission com.huawei.android.launcher.permission.READ_SETTINGS in package com.sogou.novel
06-27 14:55:17.089   980   980 W PackageManager: Unknown permission com.huawei.android.launcher.permission.WRITE_SETTINGS in package com.sogou.novel
06-27 14:55:17.089   980   980 W PackageManager: Not granting permission android.permission.BIND_ACCESSIBILITY_SERVICE to package com.sogou.novel (protectionLevel=2 flags=0x3818be44)
06-27 14:55:17.089   980   980 W PackageManager: Unknown permission com.cyanogen.ambient.permission.BIND_CALLER_INFO in package com.android.messaging
06-27 14:55:17.089   980   980 W PackageManager: Unknown permission android.permission.MMS_PUSH in package org.codeaurora.bluetooth
06-27 14:55:17.090   980   980 W PackageManager: Unknown permission com.chrome.permission.DEVICE_EXTRAS in package com.mokee.yubrowser
06-27 14:55:17.090   980   980 W PackageManager: Unknown permission com.google.android.c2dm.permission.RECEIVE in package com.mokee.yubrowser
06-27 14:55:17.090   980   980 W PackageManager: Unknown permission com.cyanogen.ambient.permission.BIND_INCALL_SERVICE in package com.android.contacts
06-27 14:55:17.090   980   980 W PackageManager: Unknown permission com.cyanogen.ambient.permission.PLUGIN_STATUS_CHANGED in package com.android.contacts
06-27 14:55:17.090   980   980 W PackageManager: Unknown permission com.cyanogen.ambient.permission.BIND_CALLER_INFO in package com.android.contacts
06-27 14:55:17.090   980   980 W PackageManager: Unknown permission com.android.launcher.permission.READ_SETTINGS in package com.mokee.nox
06-27 14:55:17.090   980   980 W PackageManager: Unknown permission com.android.launcher.permission.WRITE_SETTINGS in package com.mokee.nox
06-27 14:55:17.090   980   980 W PackageManager: Unknown permission lenovo.permission.security.COMMON_PROVIDER in package com.lenovo.leos.appstore
06-27 14:55:17.090   980   980 W PackageManager: Unknown permission com.lenovo.lsf.device.permission.MESSAGE in package com.lenovo.leos.appstore
06-27 14:55:17.090   980   980 W PackageManager: Unknown permission com.lenovo.lsf.device.permission.RECEIVE in package com.lenovo.leos.appstore
06-27 14:55:17.090   980   980 W PackageManager: Unknown permission com.lenovo.lsf.permission.IDSERVICE in package com.lenovo.leos.appstore
06-27 14:55:17.090   980   980 W PackageManager: Unknown permission android.permission.ACCESS_SUPERUSER in package com.lenovo.leos.appstore
06-27 14:55:17.090   980   980 W PackageManager: Unknown permission android.permission.READ_APP_BADGE in package com.lenovo.leos.appstore
06-27 14:55:17.090   980   980 W PackageManager: Not granting permission android.permission.READ_NETWORK_USAGE_HISTORY to package com.lenovo.leos.appstore (protectionLevel=18 flags=0x38083e45)
06-27 14:55:17.090   980   980 W PackageManager: Not granting permission android.permission.BATTERY_STATS to package com.lenovo.leos.appstore (protectionLevel=50 flags=0x38083e45)
06-27 14:55:17.090   980   980 W PackageManager: Not granting permission android.permission.DEVICE_POWER to package com.lenovo.leos.appstore (protectionLevel=2 flags=0x38083e45)
06-27 14:55:17.090   980   980 W PackageManager: Unknown permission android.permission.RECEIVE_USER_PRESENT in package com.lenovo.leos.appstore
06-27 14:55:17.090   980   980 W PackageManager: Not granting permission android.permission.BIND_JOB_SERVICE to package com.lenovo.leos.appstore (protectionLevel=2 flags=0x38083e45)
06-27 14:55:17.090   980   980 W PackageManager: Unknown permission android.permission.READ_SETTINGS in package com.lenovo.leos.appstore
06-27 14:55:17.090   980   980 W PackageManager: Unknown permission android.permission.WRITE_OWNER_DATA in package com.lenovo.leos.appstore
06-27 14:55:17.090   980   980 W PackageManager: Not granting permission android.permission.CLEAR_APP_USER_DATA to package com.lenovo.leos.appstore (protectionLevel=258 flags=0x38083e45)
06-27 14:55:17.090   980   980 W PackageManager: Not granting permission android.permission.INTERACT_ACROSS_USERS_FULL to package com.lenovo.leos.appstore (protectionLevel=258 flags=0x38083e45)
06-27 14:55:17.090   980   980 W PackageManager: Not granting permission android.permission.INSTALL_PACKAGES to package com.lenovo.leos.appstore (protectionLevel=18 flags=0x38083e45)
06-27 14:55:17.090   980   980 W PackageManager: Not granting permission android.permission.DELETE_PACKAGES to package com.lenovo.leos.appstore (protectionLevel=18 flags=0x38083e45)
06-27 14:55:17.090   980   980 W PackageManager: Not granting permission android.permission.MOVE_PACKAGE to package com.lenovo.leos.appstore (protectionLevel=18 flags=0x38083e45)
06-27 14:55:17.090   980   980 W PackageManager: Not granting permission android.permission.ACCESS_CACHE_FILESYSTEM to package com.lenovo.leos.appstore (protectionLevel=18 flags=0x38083e45)
06-27 14:55:17.090   980   980 W PackageManager: Not granting permission android.permission.MOUNT_UNMOUNT_FILESYSTEMS to package com.lenovo.leos.appstore (protectionLevel=18 flags=0x38083e45)
06-27 14:55:17.090   980   980 W PackageManager: Unknown permission android.permission.SYSTEM_OVERLAY_WINDOW in package com.lenovo.leos.appstore
06-27 14:55:17.090   980   980 W PackageManager: Unknown permission com.android.launcher.permission.READ_SETTINGS in package com.lenovo.leos.appstore
06-27 14:55:17.090   980   980 W PackageManager: Unknown permission com.android.launcher.permission.WRITE_SETTINGS in package com.lenovo.leos.appstore
06-27 14:55:17.090   980   980 W PackageManager: Unknown permission com.lenovo.launcher.permission.READ_SETTINGS in package com.lenovo.leos.appstore
06-27 14:55:17.090   980   980 W PackageManager: Unknown permission com.lenovo.launcher.permission.WRITE_SETTINGS in package com.lenovo.leos.appstore
06-27 14:55:17.090   980   980 W PackageManager: Not granting permission android.permission.WRITE_MEDIA_STORAGE to package com.lenovo.leos.appstore (protectionLevel=18 flags=0x38083e45)
06-27 14:55:17.090   980   980 W PackageManager: Unknown permission com.lenovo.performancecenter.provider.querywhitelist in package com.lenovo.leos.appstore
06-27 14:55:17.090   980   980 W PackageManager: Unknown permission com.google.android.googleapps.permission.GOOGLE_AUTH.mail in package com.android.calendar
06-27 14:55:17.090   980   980 W PackageManager: Unknown permission android.permission.RUN_INSTRUMENTATION in package com.tencent.qqpimsecure
06-27 14:55:17.090   980   980 W PackageManager: Not granting permission android.permission.BATTERY_STATS to package com.tencent.qqpimsecure (protectionLevel=50 flags=0x38183e44)
06-27 14:55:17.090   980   980 W PackageManager: Not granting permission android.permission.MODIFY_PHONE_STATE to package com.tencent.qqpimsecure (protectionLevel=18 flags=0x38183e44)
06-27 14:55:17.090   980   980 W PackageManager: Not granting permission android.permission.WRITE_APN_SETTINGS to package com.tencent.qqpimsecure (protectionLevel=18 flags=0x38183e44)
06-27 14:55:17.090   980   980 W PackageManager: Unknown permission android.permission.READ_APN_SETTINGS in package com.tencent.qqpimsecure
06-27 14:55:17.090   980   980 W PackageManager: Not granting permission android.permission.READ_LOGS to package com.tencent.qqpimsecure (protectionLevel=50 flags=0x38183e44)
06-27 14:55:17.090   980   980 W PackageManager: Unknown permission android.intent.action.ACTION_SHUTDOWN in package com.tencent.qqpimsecure
06-27 14:55:17.090   980   980 W PackageManager: Unknown permission android.intent.action.REBOOT in package com.tencent.qqpimsecure
06-27 14:55:17.091   980   980 W PackageManager: Not granting permission android.permission.CLEAR_APP_CACHE to package com.tencent.qqpimsecure (protectionLevel=18 flags=0x38183e44)
06-27 14:55:17.091   980   980 W PackageManager: Unknown permission android.permission.READ_MMS in package com.tencent.qqpimsecure
06-27 14:55:17.091   980   980 W PackageManager: Unknown permission com.android.launcher.permission.READ_SETTINGS in package com.tencent.qqpimsecure
06-27 14:55:17.091   980   980 W PackageManager: Unknown permission android.permission.REBOOT_IPO in package com.tencent.qqpimsecure
06-27 14:55:17.091   980   980 W PackageManager: Not granting permission android.permission.MOUNT_UNMOUNT_FILESYSTEMS to package com.tencent.qqpimsecure (protectionLevel=18 flags=0x38183e44)
06-27 14:55:17.091   980   980 W PackageManager: Not granting permission android.permission.ACCESS_SURFACE_FLINGER to package com.tencent.qqpimsecure (protectionLevel=2 flags=0x38183e44)
06-27 14:55:17.091   980   980 W PackageManager: Not granting permission android.permission.SET_ANIMATION_SCALE to package com.tencent.qqpimsecure (protectionLevel=50 flags=0x38183e44)
06-27 14:55:17.091   980   980 W PackageManager: Not granting permission android.permission.READ_INPUT_STATE to package com.tencent.qqpimsecure (protectionLevel=2 flags=0x38183e44)
06-27 14:55:17.091   980   980 W PackageManager: Not granting permission android.permission.CHANGE_CONFIGURATION to package com.tencent.qqpimsecure (protectionLevel=50 flags=0x38183e44)
06-27 14:55:17.091   980   980 W PackageManager: Not granting permission android.permission.CLEAR_APP_USER_DATA to package com.tencent.qqpimsecure (protectionLevel=258 flags=0x38183e44)
06-27 14:55:17.091   980   980 W PackageManager: Not granting permission android.permission.INSTALL_PACKAGES to package com.tencent.qqpimsecure (protectionLevel=18 flags=0x38183e44)
06-27 14:55:17.091   980   980 W PackageManager: Not granting permission android.permission.DELETE_PACKAGES to package com.tencent.qqpimsecure (protectionLevel=18 flags=0x38183e44)
06-27 14:55:17.091   980   980 W PackageManager: Unknown permission com.android.launcher.permission.READ_SETTINGS in package com.android.onetimeinitializer
06-27 14:55:17.091   980   980 W PackageManager: Unknown permission com.android.launcher.permission.WRITE_SETTINGS in package com.android.onetimeinitializer
06-27 14:55:17.091   980   980 W PackageManager: Unknown permission com.cyanogen.ambient.permission.BIND_INCALL_SERVICE in package com.android.dialer
06-27 14:55:17.091   980   980 W PackageManager: Unknown permission com.cyanogen.ambient.permission.PLUGIN_STATUS_CHANGED in package com.android.dialer
06-27 14:55:17.091   980   980 W PackageManager: Unknown permission com.cyanogen.ambient.permission.PUBLISH_DISCOVERY_NUDGE in package com.android.dialer
06-27 14:55:17.091   980   980 W PackageManager: Unknown permission com.cyanogen.ambient.permission.BIND_DEEPLINK_SERVICE in package com.android.dialer
06-27 14:55:17.091   980   980 W PackageManager: Unknown permission com.cyanogen.ambient.permission.READ_DEEPLINK_DATABASE in package com.android.dialer
06-27 14:55:17.091   980   980 W PackageManager: Unknown permission com.cyanogen.ambient.permission.BIND_CALLER_INFO in package com.android.dialer
06-27 14:55:17.091   980   980 W PackageManager: Unknown permission android.permission.CANCEL_NOTIFICATIONS in package org.cyanogenmod.theme.chooser
06-27 14:55:17.091   980   980 W PackageManager: Not granting permission android.permission.DELETE_PACKAGES to package com.svox.pico (protectionLevel=18 flags=0x3808be45)
06-27 14:55:17.091   980   980 W PackageManager: Unknown permission android.permission.ACCESS_SUPERUSER in package com.cyanogenmod.filemanager
06-27 14:55:17.091   980   980 W PackageManager: Unknown permission com.cyanogenmod.filemanager.permissions.READ_THEME in package com.cyanogenmod.filemanager
06-27 14:55:17.091   980   980 W PackageManager: Unknown permission com.google.android.gallery3d.permission.PICASA_STORE in package com.android.dreams.phototable
06-27 14:55:17.091   980   980 W PackageManager: Not granting permission android.permission.MOUNT_UNMOUNT_FILESYSTEMS to package com.tianqi2345 (protectionLevel=18 flags=0x3808be44)
06-27 14:55:17.091   980   980 W PackageManager: Unknown permission com.android.launcher.permission.READ_SETTINGS in package com.tianqi2345
06-27 14:55:17.091   980   980 W PackageManager: Unknown permission com.google.android.googleapps.permission.GOOGLE_AUTH in package com.android.settings
06-27 14:55:17.091   980   980 W PackageManager: Unknown permission com.android.launcher.permission.READ_SETTINGS in package com.android.settings
06-27 14:55:17.091   980   980 W PackageManager: Unknown permission com.android.launcher.permission.WRITE_SETTINGS in package com.android.settings
06-27 14:55:17.091   980   980 W PackageManager: Unknown permission android.permission.ACCESS_COARSE_UPDATES in package com.android.settings
06-27 14:55:17.091   980   980 W PackageManager: Unknown permission android.permission.RECEIVE_USER_PRESENT in package com.android.settings
06-27 14:55:17.092   980   980 W PackageManager: Not granting permission android.permission.REAL_GET_TASKS to package com.cyanogenmod.eleven (protectionLevel=18 flags=0x3818be65)
06-27 14:55:17.092   980   980 W PackageManager: Unknown permission com.google.android.permission.INSTALL_WEARABLE_PACKAGES in package com.mokee.packageinstaller
06-27 14:55:17.092   980   980 W PackageManager: Not granting permission android.permission.INSTALL_LOCATION_PROVIDER to package com.amap.android.location (protectionLevel=18 flags=0x3808be0d)
06-27 14:55:17.092   980   980 W PackageManager: Not granting permission android.permission.WRITE_SECURE_SETTINGS to package com.amap.android.location (protectionLevel=50 flags=0x3808be0d)
06-27 14:55:17.092   980   980 W PackageManager: Not granting permission android.permission.UPDATE_DEVICE_STATS to package com.amap.android.location (protectionLevel=18 flags=0x3808be0d)
06-27 14:55:17.092   980   980 W PackageManager: Unknown permission com.google.android.gallery3d.permission.GALLERY_PROVIDER in package com.android.bluetooth
06-27 14:55:17.092   980   980 W PackageManager: Unknown permission com.google.android.googleapps.permission.ACCESS_GOOGLE_PASSWORD in package com.android.development
06-27 14:55:17.092   980   980 W PackageManager: Unknown permission com.google.android.googleapps.permission.GOOGLE_AUTH in package com.android.development
06-27 14:55:17.092   980   980 W PackageManager: Unknown permission com.google.android.googleapps.permission.GOOGLE_AUTH.ALL_SERVICES in package com.android.development
06-27 14:55:17.092   980   980 W PackageManager: Unknown permission com.google.android.googleapps.permission.GOOGLE_AUTH.YouTubeUser in package com.android.development
06-27 14:55:17.093   980   980 V PackageManager: Disabling com.google.android.gsf/com.google.android.gsf.update.SystemUpdateActivity
06-27 14:55:17.093   980   980 W PackageManager: Unable to disable com.google.android.gsf/com.google.android.gsf.update.SystemUpdateActivity
06-27 14:55:17.093   980   980 V PackageManager: Disabling com.google.android.gsf/com.google.android.gsf.update.SystemUpdateService$Receiver
06-27 14:55:17.093   980   980 W PackageManager: Unable to disable com.google.android.gsf/com.google.android.gsf.update.SystemUpdateService$Receiver
06-27 14:55:17.093   980   980 V PackageManager: Disabling com.google.android.gsf/com.google.android.gsf.update.SystemUpdateService$SecretCodeReceiver
06-27 14:55:17.093   980   980 W PackageManager: Unable to disable com.google.android.gsf/com.google.android.gsf.update.SystemUpdateService$SecretCodeReceiver
06-27 14:55:17.093   980   980 V PackageManager: Disabling com.google.android.gms/com.google.android.gms.update.SystemUpdateActivity
06-27 14:55:17.093   980   980 W PackageManager: Unable to disable com.google.android.gms/com.google.android.gms.update.SystemUpdateActivity
06-27 14:55:17.093   980   980 V PackageManager: Disabling com.google.android.gms/com.google.android.gms.update.SystemUpdateService$Receiver
06-27 14:55:17.093   980   980 W PackageManager: Unable to disable com.google.android.gms/com.google.android.gms.update.SystemUpdateService$Receiver
06-27 14:55:17.093   980   980 V PackageManager: Disabling com.google.android.gms/com.google.android.gms.update.SystemUpdateService$ActiveReceiver
06-27 14:55:17.093   980   980 W PackageManager: Unable to disable com.google.android.gms/com.google.android.gms.update.SystemUpdateService$ActiveReceiver
06-27 14:55:17.093   980   980 V PackageManager: Disabling com.google.android.gms/com.google.android.gms.update.SystemUpdateService$SecretCodeReceiver
06-27 14:55:17.093   980   980 W PackageManager: Unable to disable com.google.android.gms/com.google.android.gms.update.SystemUpdateService$SecretCodeReceiver
06-27 14:55:17.093   980   980 V PackageManager: Enabling com.google.android.gsf/com.google.android.gsf.update.SystemUpdateService
06-27 14:55:17.093   980   980 W PackageManager: Unable to enable com.google.android.gsf/com.google.android.gsf.update.SystemUpdateService
06-27 14:55:17.093   980   980 V PackageManager: Enabling com.google.android.gms/com.google.android.gms.update.SystemUpdateService
06-27 14:55:17.093   980   980 W PackageManager: Unable to enable com.google.android.gms/com.google.android.gms.update.SystemUpdateService
06-27 14:55:17.180   980   980 I SystemServer: User Service
06-27 14:55:17.187   421   421 I lowmemorykiller: ActivityManager connected
06-27 14:55:17.192   980  3067 I chatty  : uid=1000 system_server expire 129 lines
06-27 14:55:17.193   980   980 I SystemServiceManager: Starting com.android.server.BatteryService
06-27 14:55:17.196   980   980 I SystemServiceManager: Starting com.android.server.usage.UsageStatsService
06-27 14:55:17.196   980   994 E KernelUidCpuTimeReader: Failed to read uid_cputime: /proc/uid_cputime/show_uid_stat: open failed: ENOENT (No such file or directory)
06-27 14:55:17.228   980   980 I UsageStatsService: User[0] Rollover scheduled @ 2016-06-27 13:00:00(1467072000000)
06-27 14:55:17.228   980   980 I SystemServiceManager: Starting com.android.server.webkit.WebViewUpdateService
06-27 14:55:17.231   980   980 I SystemServer: Reading configuration...
06-27 14:55:17.232   980   980 I SystemServer: Scheduling Policy
06-27 14:55:17.232   980   980 I SystemServiceManager: Starting com.android.server.telecom.TelecomLoaderService
06-27 14:55:17.233   980   980 I SystemServer: Telephony Registry
06-27 14:55:17.247   980   980 I SystemServer: Entropy Mixer
06-27 14:55:17.248   980   980 I EntropyMixer: Writing entropy...
06-27 14:55:17.260   980   980 I SystemServer: Camera Service
06-27 14:55:17.260   980   980 I SystemServiceManager: Starting com.android.server.camera.CameraService
06-27 14:55:17.263   980   980 I SystemServer: Account Manager
06-27 14:55:17.265   980   980 I SystemServer: Content Manager
06-27 14:55:17.268   980   980 I SystemServer: System Content Providers
06-27 14:55:17.300   980  3079 I chatty  : uid=1000(system) SensorService expire 1 line
06-27 14:55:17.300   980  3078 I chatty  : uid=1000(system) SensorEventAckR expire 1 line
06-27 14:55:17.303   980   980 I SystemServer: Vibrator Service
06-27 14:55:17.304   980   980 I SystemServer: Consumer IR Service
06-27 14:55:17.304   980   980 I SystemServiceManager: Starting com.android.server.AlarmManagerService
06-27 14:55:17.319   980   980 I SystemServer: Init Watchdog
06-27 14:55:17.319   980   980 I SystemServer: Input Manager
06-27 14:55:17.319   980   980 I InputManager: Initializing input manager, mUseDevInputEventForAudioJack=true
06-27 14:55:17.320   980   980 I SystemServer: Window Manager
06-27 14:55:17.329   980   999 I WindowManager: No existing display settings /data/system/display_settings.xml; starting empty
06-27 14:55:17.354   980   980 I InputManager: Starting input manager
06-27 14:55:17.356   980   980 I SystemServer: Bluetooth Service
06-27 14:55:17.356   980   980 I SystemServiceManager: Starting com.android.server.BluetoothService
06-27 14:55:17.356   980  3086 I chatty  : uid=1000(system) InputReader expire 16 lines
06-27 14:55:17.361   980   980 I SystemServer: Input Method Service
06-27 14:55:17.396   980   980 I SystemServer: Accessibility Manager
06-27 14:55:17.399   980   980 I XXXXXX  : choosing minFree values for 64 Bit
06-27 14:55:17.399   980   980 I XXXXXX  : choosing minFree values for 64 Bit
06-27 14:55:17.399   980   980 I XXXXXX  : choosing minFree values for 64 Bit
06-27 14:55:17.399   980   980 I XXXXXX  : choosing minFree values for 64 Bit
06-27 14:55:17.399   980   980 I XXXXXX  : choosing minFree values for 64 Bit
06-27 14:55:17.399   980   980 I XXXXXX  : choosing minFree values for 64 Bit
06-27 14:55:17.400   980   980 I ActivityManager: Config changes=1df8 {1.0 ?mcc?mnc zh_CN ldltr sw411dp w411dp h731dp 560dpi nrml long port ?uimode ?night -touch -keyb/h/h -nav/h s.2 themeResource=null}
06-27 14:55:17.404   980   980 I ActivityManager: Config changes=400 {1.0 ?mcc?mnc zh_CN ldltr sw411dp w411dp h707dp 560dpi nrml long port ?uimode ?night -touch -keyb/h/h -nav/h s.3 themeResource=null}
06-27 14:55:17.404   980   980 I SystemServiceManager: Starting com.android.server.MountService$Lifecycle
06-27 14:55:17.408   980   980 I SystemServiceManager: Starting com.android.server.UiModeManagerService
06-27 14:55:17.408   980  3091 D MountService: Thinking about reset, mSystemReady=false, mDaemonConnected=true
06-27 14:55:17.408   980  3091 D MountService: Thinking about reset, mSystemReady=false, mDaemonConnected=true
06-27 14:55:17.409   980  3091 D CryptdConnector: SND -> {1 cryptfs getfield SystemLocale}
06-27 14:55:17.409   980   980 I ActivityManager: Config changes=200 {1.0 ?mcc?mnc zh_CN ldltr sw411dp w411dp h707dp 560dpi nrml long port -touch -keyb/h/h -nav/h s.4 themeResource=null}
06-27 14:55:17.409   374   397 I Ext4Crypt: ext4 crypto complete called on /data
06-27 14:55:17.409   374   397 I Ext4Crypt: No master key, so not ext4enc
06-27 14:55:17.410   980  3093 D CryptdConnector: RCV <- {200 1 -1}
06-27 14:55:17.411   980   980 I SystemServer: LockSettingsService
06-27 14:55:17.411   980  3091 W MountService: No primary storage mounted!
06-27 14:55:17.411   980  3091 D VoldConnector: SND -> {1 asec list}
06-27 14:55:17.412   980  3092 D VoldConnector: RCV <- {200 1 asec operation succeeded}
06-27 14:55:17.412   980  3091 I PackageManager: No secure containers found
06-27 14:55:17.412   980  3091 W PackageManager: Unknown permission com.google.android.googleapps.permission.GOOGLE_AUTH in package com.android.providers.calendar
06-27 14:55:17.412   980  3091 W PackageManager: Unknown permission com.google.android.googleapps.permission.GOOGLE_AUTH.cl in package com.android.providers.calendar
06-27 14:55:17.412   980  3091 W PackageManager: Not granting permission android.permission.CLEAR_APP_USER_DATA to package com.android.statassistant (protectionLevel=258 flags=0x3808be07)
06-27 14:55:17.412   980  3091 W PackageManager: Unknown permission android.permission.READ_OWNER_DATA in package com.android.statassistant
06-27 14:55:17.412   980   980 I SystemServiceManager: Starting com.android.server.DeviceIdleController
06-27 14:55:17.412   980  3091 W PackageManager: Unknown permission android.permission.WRITE_OWNER_DATA in package com.android.statassistant
06-27 14:55:17.412   980  3091 W PackageManager: Unknown permission android.permission.ACCESS_BACKGROUND_SERVICE in package com.android.statassistant
06-27 14:55:17.413   980  3091 W PackageManager: Not granting permission android.permission.INJECT_EVENTS to package com.android.statassistant (protectionLevel=2 flags=0x3808be07)
06-27 14:55:17.413   980  3091 W PackageManager: Not granting permission android.permission.INTERACT_ACROSS_USERS_FULL to package com.sogou.novel (protectionLevel=258 flags=0x3818be44)
06-27 14:55:17.413   980  3091 W PackageManager: Unknown permission com.android.launcher.permission.READ_SETTINGS in package com.sogou.novel
06-27 14:55:17.413   980  3091 W PackageManager: Not granting permission android.permission.MOUNT_UNMOUNT_FILESYSTEMS to package com.sogou.novel (protectionLevel=18 flags=0x3818be44)
06-27 14:55:17.413   980  3091 W PackageManager: Unknown permission app.search.sogou.common.permission.ACCESS_ALL_DOWNLOADS in package com.sogou.novel
06-27 14:55:17.413   980  3091 W PackageManager: Unknown permission app.search.sogou.common.permisson.ACTION in package com.sogou.novel
06-27 14:55:17.413   980  3091 W PackageManager: Unknown permission com.huawei.android.launcher.permission.READ_SETTINGS in package com.sogou.novel
06-27 14:55:17.413   980  3091 W PackageManager: Unknown permission com.huawei.android.launcher.permission.WRITE_SETTINGS in package com.sogou.novel
06-27 14:55:17.413   980  3091 W PackageManager: Not granting permission android.permission.BIND_ACCESSIBILITY_SERVICE to package com.sogou.novel (protectionLevel=2 flags=0x3818be44)
06-27 14:55:17.413   980  3091 W PackageManager: Unknown permission com.cyanogen.ambient.permission.BIND_CALLER_INFO in package com.android.messaging
06-27 14:55:17.413   980  3091 W PackageManager: Unknown permission android.permission.MMS_PUSH in package org.codeaurora.bluetooth
06-27 14:55:17.414   980  3091 W PackageManager: Unknown permission com.chrome.permission.DEVICE_EXTRAS in package com.mokee.yubrowser
06-27 14:55:17.414   980  3091 W PackageManager: Unknown permission com.google.android.c2dm.permission.RECEIVE in package com.mokee.yubrowser
06-27 14:55:17.414   980  3091 W PackageManager: Unknown permission com.cyanogen.ambient.permission.BIND_INCALL_SERVICE in package com.android.contacts
06-27 14:55:17.414   980  3091 W PackageManager: Unknown permission com.cyanogen.ambient.permission.PLUGIN_STATUS_CHANGED in package com.android.contacts
06-27 14:55:17.414   980  3091 W PackageManager: Unknown permission com.cyanogen.ambient.permission.BIND_CALLER_INFO in package com.android.contacts
06-27 14:55:17.414   980  3091 W PackageManager: Unknown permission com.android.launcher.permission.READ_SETTINGS in package com.mokee.nox
06-27 14:55:17.414   980  3091 W PackageManager: Unknown permission com.android.launcher.permission.WRITE_SETTINGS in package com.mokee.nox
06-27 14:55:17.414   980  3091 W PackageManager: Unknown permission lenovo.permission.security.COMMON_PROVIDER in package com.lenovo.leos.appstore
06-27 14:55:17.414   980  3091 W PackageManager: Unknown permission com.lenovo.lsf.device.permission.MESSAGE in package com.lenovo.leos.appstore
06-27 14:55:17.414   980  3091 W PackageManager: Unknown permission com.lenovo.lsf.device.permission.RECEIVE in package com.lenovo.leos.appstore
06-27 14:55:17.414   980  3091 W PackageManager: Unknown permission com.lenovo.lsf.permission.IDSERVICE in package com.lenovo.leos.appstore
06-27 14:55:17.414   980  3091 W PackageManager: Unknown permission android.permission.ACCESS_SUPERUSER in package com.lenovo.leos.appstore
06-27 14:55:17.414   980  3091 W PackageManager: Unknown permission android.permission.READ_APP_BADGE in package com.lenovo.leos.appstore
06-27 14:55:17.414   980  3091 W PackageManager: Not granting permission android.permission.READ_NETWORK_USAGE_HISTORY to package com.lenovo.leos.appstore (protectionLevel=18 flags=0x38083e45)
06-27 14:55:17.414   980  3091 W PackageManager: Not granting permission android.permission.BATTERY_STATS to package com.lenovo.leos.appstore (protectionLevel=50 flags=0x38083e45)
06-27 14:55:17.414   980  3091 W PackageManager: Not granting permission android.permission.DEVICE_POWER to package com.lenovo.leos.appstore (protectionLevel=2 flags=0x38083e45)
06-27 14:55:17.414   980  3091 W PackageManager: Unknown permission android.permission.RECEIVE_USER_PRESENT in package com.lenovo.leos.appstore
06-27 14:55:17.414   980  3091 W PackageManager: Not granting permission android.permission.BIND_JOB_SERVICE to package com.lenovo.leos.appstore (protectionLevel=2 flags=0x38083e45)
06-27 14:55:17.414   980  3091 W PackageManager: Unknown permission android.permission.READ_SETTINGS in package com.lenovo.leos.appstore
06-27 14:55:17.414   980  3091 W PackageManager: Unknown permission android.permission.WRITE_OWNER_DATA in package com.lenovo.leos.appstore
06-27 14:55:17.414   980  3091 W PackageManager: Not granting permission android.permission.CLEAR_APP_USER_DATA to package com.lenovo.leos.appstore (protectionLevel=258 flags=0x38083e45)
06-27 14:55:17.414   980  3091 W PackageManager: Not granting permission android.permission.INTERACT_ACROSS_USERS_FULL to package com.lenovo.leos.appstore (protectionLevel=258 flags=0x38083e45)
06-27 14:55:17.414   980  3091 W PackageManager: Not granting permission android.permission.INSTALL_PACKAGES to package com.lenovo.leos.appstore (protectionLevel=18 flags=0x38083e45)
06-27 14:55:17.414   980  3091 W PackageManager: Not granting permission android.permission.DELETE_PACKAGES to package com.lenovo.leos.appstore (protectionLevel=18 flags=0x38083e45)
06-27 14:55:17.415   980  3091 W PackageManager: Not granting permission android.permission.MOVE_PACKAGE to package com.lenovo.leos.appstore (protectionLevel=18 flags=0x38083e45)
